Archive member included to satisfy reference by file (symbol)

c:/st/stm32cubeide_1.7.0/stm32cubeide/plugins/com.st.stm32cube.ide.mcu.externaltools.gnu-tools-for-stm32.9-2020-q2-update.win32_2.0.0.202105311346/tools/bin/../lib/gcc/arm-none-eabi/9.3.1/../../../../arm-none-eabi/lib/thumb/v7-m/nofp\libc_nano.a(lib_a-errno.o)
                              build/syscalls.o (__errno)
c:/st/stm32cubeide_1.7.0/stm32cubeide/plugins/com.st.stm32cube.ide.mcu.externaltools.gnu-tools-for-stm32.9-2020-q2-update.win32_2.0.0.202105311346/tools/bin/../lib/gcc/arm-none-eabi/9.3.1/../../../../arm-none-eabi/lib/thumb/v7-m/nofp\libc_nano.a(lib_a-exit.o)
                              c:/st/stm32cubeide_1.7.0/stm32cubeide/plugins/com.st.stm32cube.ide.mcu.externaltools.gnu-tools-for-stm32.9-2020-q2-update.win32_2.0.0.202105311346/tools/bin/../lib/gcc/arm-none-eabi/9.3.1/../../../../arm-none-eabi/lib/thumb/v7-m/nofp/crt0.o (exit)
c:/st/stm32cubeide_1.7.0/stm32cubeide/plugins/com.st.stm32cube.ide.mcu.externaltools.gnu-tools-for-stm32.9-2020-q2-update.win32_2.0.0.202105311346/tools/bin/../lib/gcc/arm-none-eabi/9.3.1/../../../../arm-none-eabi/lib/thumb/v7-m/nofp\libc_nano.a(lib_a-impure.o)
                              c:/st/stm32cubeide_1.7.0/stm32cubeide/plugins/com.st.stm32cube.ide.mcu.externaltools.gnu-tools-for-stm32.9-2020-q2-update.win32_2.0.0.202105311346/tools/bin/../lib/gcc/arm-none-eabi/9.3.1/../../../../arm-none-eabi/lib/thumb/v7-m/nofp\libc_nano.a(lib_a-exit.o) (_global_impure_ptr)
c:/st/stm32cubeide_1.7.0/stm32cubeide/plugins/com.st.stm32cube.ide.mcu.externaltools.gnu-tools-for-stm32.9-2020-q2-update.win32_2.0.0.202105311346/tools/bin/../lib/gcc/arm-none-eabi/9.3.1/../../../../arm-none-eabi/lib/thumb/v7-m/nofp\libc_nano.a(lib_a-init.o)
                              c:/st/stm32cubeide_1.7.0/stm32cubeide/plugins/com.st.stm32cube.ide.mcu.externaltools.gnu-tools-for-stm32.9-2020-q2-update.win32_2.0.0.202105311346/tools/bin/../lib/gcc/arm-none-eabi/9.3.1/../../../../arm-none-eabi/lib/thumb/v7-m/nofp/crt0.o (__libc_init_array)
c:/st/stm32cubeide_1.7.0/stm32cubeide/plugins/com.st.stm32cube.ide.mcu.externaltools.gnu-tools-for-stm32.9-2020-q2-update.win32_2.0.0.202105311346/tools/bin/../lib/gcc/arm-none-eabi/9.3.1/../../../../arm-none-eabi/lib/thumb/v7-m/nofp\libc_nano.a(lib_a-memset.o)
                              c:/st/stm32cubeide_1.7.0/stm32cubeide/plugins/com.st.stm32cube.ide.mcu.externaltools.gnu-tools-for-stm32.9-2020-q2-update.win32_2.0.0.202105311346/tools/bin/../lib/gcc/arm-none-eabi/9.3.1/../../../../arm-none-eabi/lib/thumb/v7-m/nofp/crt0.o (memset)
c:/st/stm32cubeide_1.7.0/stm32cubeide/plugins/com.st.stm32cube.ide.mcu.externaltools.gnu-tools-for-stm32.9-2020-q2-update.win32_2.0.0.202105311346/tools/bin/../lib/gcc/arm-none-eabi/9.3.1/../../../../arm-none-eabi/lib/thumb/v7-m/nofp\libc_nano.a(lib_a-sprintf.o)
                              build/displayUart.o (sprintf)
c:/st/stm32cubeide_1.7.0/stm32cubeide/plugins/com.st.stm32cube.ide.mcu.externaltools.gnu-tools-for-stm32.9-2020-q2-update.win32_2.0.0.202105311346/tools/bin/../lib/gcc/arm-none-eabi/9.3.1/../../../../arm-none-eabi/lib/thumb/v7-m/nofp\libc_nano.a(lib_a-nano-svfprintf.o)
                              c:/st/stm32cubeide_1.7.0/stm32cubeide/plugins/com.st.stm32cube.ide.mcu.externaltools.gnu-tools-for-stm32.9-2020-q2-update.win32_2.0.0.202105311346/tools/bin/../lib/gcc/arm-none-eabi/9.3.1/../../../../arm-none-eabi/lib/thumb/v7-m/nofp\libc_nano.a(lib_a-sprintf.o) (_svfprintf_r)
c:/st/stm32cubeide_1.7.0/stm32cubeide/plugins/com.st.stm32cube.ide.mcu.externaltools.gnu-tools-for-stm32.9-2020-q2-update.win32_2.0.0.202105311346/tools/bin/../lib/gcc/arm-none-eabi/9.3.1/../../../../arm-none-eabi/lib/thumb/v7-m/nofp\libc_nano.a(lib_a-nano-vfprintf_i.o)
                              c:/st/stm32cubeide_1.7.0/stm32cubeide/plugins/com.st.stm32cube.ide.mcu.externaltools.gnu-tools-for-stm32.9-2020-q2-update.win32_2.0.0.202105311346/tools/bin/../lib/gcc/arm-none-eabi/9.3.1/../../../../arm-none-eabi/lib/thumb/v7-m/nofp\libc_nano.a(lib_a-nano-svfprintf.o) (_printf_i)
c:/st/stm32cubeide_1.7.0/stm32cubeide/plugins/com.st.stm32cube.ide.mcu.externaltools.gnu-tools-for-stm32.9-2020-q2-update.win32_2.0.0.202105311346/tools/bin/../lib/gcc/arm-none-eabi/9.3.1/../../../../arm-none-eabi/lib/thumb/v7-m/nofp\libc_nano.a(lib_a-memchr-stub.o)
                              c:/st/stm32cubeide_1.7.0/stm32cubeide/plugins/com.st.stm32cube.ide.mcu.externaltools.gnu-tools-for-stm32.9-2020-q2-update.win32_2.0.0.202105311346/tools/bin/../lib/gcc/arm-none-eabi/9.3.1/../../../../arm-none-eabi/lib/thumb/v7-m/nofp\libc_nano.a(lib_a-nano-svfprintf.o) (memchr)
c:/st/stm32cubeide_1.7.0/stm32cubeide/plugins/com.st.stm32cube.ide.mcu.externaltools.gnu-tools-for-stm32.9-2020-q2-update.win32_2.0.0.202105311346/tools/bin/../lib/gcc/arm-none-eabi/9.3.1/../../../../arm-none-eabi/lib/thumb/v7-m/nofp\libc_nano.a(lib_a-memcpy-stub.o)
[...]
Memory Configuration

Name             Origin             Length             Attributes
RAM              0x0000000020000000 0x0000000000005000 xrw
FLASH            0x0000000008000000 0x0000000000020000 xr
*default*        0x0000000000000000 0xffffffffffffffff

Linker script and memory map

LOAD c:/st/stm32cubeide_1.7.0/stm32cubeide/plugins/com.st.stm32cube.ide.mcu.externaltools.gnu-tools-for-stm32.9-2020-q2-update.win32_2.0.0.202105311346/tools/bin/../lib/gcc/arm-none-eabi/9.3.1/thumb/v7-m/nofp/crti.o
LOAD c:/st/stm32cubeide_1.7.0/stm32cubeide/plugins/com.st.stm32cube.ide.mcu.externaltools.gnu-tools-for-stm32.9-2020-q2-update.win32_2.0.0.202105311346/tools/bin/../lib/gcc/arm-none-eabi/9.3.1/thumb/v7-m/nofp/crtbegin.o
LOAD c:/st/stm32cubeide_1.7.0/stm32cubeide/plugins/com.st.stm32cube.ide.mcu.externaltools.gnu-tools-for-stm32.9-2020-q2-update.win32_2.0.0.202105311346/tools/bin/../lib/gcc/arm-none-eabi/9.3.1/../../../../arm-none-eabi/lib/thumb/v7-m/nofp/crt0.o
LOAD build/displayUart.o
LOAD build/global.o
LOAD build/input_processing.o
LOAD build/input_reading.o
LOAD build/main.o
LOAD build/scheduler.o
LOAD build/sche_task.o
LOAD build/software_timer.o
LOAD build/stm32f1xx_hal_msp.o
LOAD build/stm32f1xx_it.o
LOAD build/syscalls.o
LOAD build/sysmem.o
LOAD build/system_stm32f1xx.o
LOAD build/traffic_light.o
LOAD build/stm32f1xx_hal.o
LOAD build/stm32f1xx_hal_cortex.o
LOAD build/stm32f1xx_hal_dma.o
LOAD build/stm32f1xx_hal_exti.o
LOAD build/stm32f1xx_hal_flash.o
LOAD build/stm32f1xx_hal_flash_ex.o
LOAD build/stm32f1xx_hal_gpio.o
LOAD build/stm32f1xx_hal_gpio_ex.o
LOAD build/stm32f1xx_hal_pwr.o
LOAD build/stm32f1xx_hal_rcc.o
LOAD build/stm32f1xx_hal_rcc_ex.o
LOAD build/stm32f1xx_hal_tim.o
LOAD build/stm32f1xx_hal_tim_ex.o
LOAD build/stm32f1xx_hal_uart.o
LOAD build/startup_stm32f103rbtx.o
LOAD c:/st/stm32cubeide_1.7.0/stm32cubeide/plugins/com.st.stm32cube.ide.mcu.externaltools.gnu-tools-for-stm32.9-2020-q2-update.win32_2.0.0.202105311346/tools/bin/../lib/gcc/arm-none-eabi/9.3.1/../../../../arm-none-eabi/lib/thumb/v7-m/nofp\libc_nano.a
LOAD c:/st/stm32cubeide_1.7.0/stm32cubeide/plugins/com.st.stm32cube.ide.mcu.externaltools.gnu-tools-for-stm32.9-2020-q2-update.win32_2.0.0.202105311346/tools/bin/../lib/gcc/arm-none-eabi/9.3.1/../../../../arm-none-eabi/lib/thumb/v7-m/nofp\libm.a
LOAD c:/st/stm32cubeide_1.7.0/stm32cubeide/plugins/com.st.stm32cube.ide.mcu.externaltools.gnu-tools-for-stm32.9-2020-q2-update.win32_2.0.0.202105311346/tools/bin/../lib/gcc/arm-none-eabi/9.3.1/../../../../arm-none-eabi/lib/thumb/v7-m/nofp\libnosys.a
START GROUP
LOAD c:/st/stm32cubeide_1.7.0/stm32cubeide/plugins/com.st.stm32cube.ide.mcu.externaltools.gnu-tools-for-stm32.9-2020-q2-update.win32_2.0.0.202105311346/tools/bin/../lib/gcc/arm-none-eabi/9.3.1/thumb/v7-m/nofp\libgcc.a
LOAD c:/st/stm32cubeide_1.7.0/stm32cubeide/plugins/com.st.stm32cube.ide.mcu.externaltools.gnu-tools-for-stm32.9-2020-q2-update.win32_2.0.0.202105311346/tools/bin/../lib/gcc/arm-none-eabi/9.3.1/../../../../arm-none-eabi/lib/thumb/v7-m/nofp\libc_nano.a
END GROUP
START GROUP
LOAD c:/st/stm32cubeide_1.7.0/stm32cubeide/plugins/com.st.stm32cube.ide.mcu.externaltools.gnu-tools-for-stm32.9-2020-q2-update.win32_2.0.0.202105311346/tools/bin/../lib/gcc/arm-none-eabi/9.3.1/thumb/v7-m/nofp\libgcc.a
LOAD c:/st/stm32cubeide_1.7.0/stm32cubeide/plugins/com.st.stm32cube.ide.mcu.externaltools.gnu-tools-for-stm32.9-2020-q2-update.win32_2.0.0.202105311346/tools/bin/../lib/gcc/arm-none-eabi/9.3.1/../../../../arm-none-eabi/lib/thumb/v7-m/nofp\libc_nano.a
END GROUP
LOAD c:/st/stm32cubeide_1.7.0/stm32cubeide/plugins/com.st.stm32cube.ide.mcu.externaltools.gnu-tools-for-stm32.9-2020-q2-update.win32_2.0.0.202105311346/tools/bin/../lib/gcc/arm-none-eabi/9.3.1/thumb/v7-m/nofp/crtend.o
LOAD c:/st/stm32cubeide_1.7.0/stm32cubeide/plugins/com.st.stm32cube.ide.mcu.externaltools.gnu-tools-for-stm32.9-2020-q2-update.win32_2.0.0.202105311346/tools/bin/../lib/gcc/arm-none-eabi/9.3.1/thumb/v7-m/nofp/crtn.o
                0x0000000020005000                _estack = (ORIGIN (RAM) + LENGTH (RAM))
                0x0000000000000200                _Min_Heap_Size = 0x200
                0x0000000000000400                _Min_Stack_Size = 0x400

.isr_vector     0x0000000008000000      0x10c
                0x0000000008000000                . = ALIGN (0x4)
 *(.isr_vector)
 .isr_vector    0x0000000008000000      0x10c build/startup_stm32f103rbtx.o
                0x0000000008000000                g_pfnVectors
                0x000000000800010c                . = ALIGN (0x4)

.text           0x0000000008000110     0x49d0
                0x0000000008000110                . = ALIGN (0x4)
 *(.text)
 .text          0x0000000008000110       0x40 c:/st/stm32cubeide_1.7.0/stm32cubeide/plugins/com.st.stm32cube.ide.mcu.externaltools.gnu-tools-for-stm32.9-2020-q2-update.win32_2.0.0.202105311346/tools/bin/../lib/gcc/arm-none-eabi/9.3.1/thumb/v7-m/nofp/crtbegin.o
 .text          0x0000000008000150      0x168 c:/st/stm32cubeide_1.7.0/stm32cubeide/plugins/com.st.stm32cube.ide.mcu.externaltools.gnu-tools-for-stm32.9-2020-q2-update.win32_2.0.0.202105311346/tools/bin/../lib/gcc/arm-none-eabi/9.3.1/thumb/v7-m/nofp\libgcc.a(_arm_mulsf3.o)
                0x0000000008000150                __aeabi_fmul
                0x0000000008000150                __mulsf3
 .text          0x00000000080002b8      0x378 c:/st/stm32cubeide_1.7.0/stm32cubeide/plugins/com.st.stm32cube.ide.mcu.externaltools.gnu-tools-for-stm32.9-2020-q2-update.win32_2.0.0.202105311346/tools/bin/../lib/gcc/arm-none-eabi/9.3.1/thumb/v7-m/nofp\libgcc.a(_arm_addsubdf3.o)
                0x00000000080002b8                __aeabi_drsub
                0x00000000080002c0                __aeabi_dsub
                0x00000000080002c0                __subdf3
                0x00000000080002c4                __aeabi_dadd
                0x00000000080002c4                __adddf3
                0x000000000800053c                __floatunsidf
                0x000000000800053c                __aeabi_ui2d
                0x000000000800055c                __floatsidf
                0x000000000800055c                __aeabi_i2d
                0x0000000008000580                __aeabi_f2d
                0x0000000008000580                __extendsfdf2
                0x00000000080005c4                __floatundidf
                0x00000000080005c4                __aeabi_ul2d
                0x00000000080005d4                __floatdidf
                0x00000000080005d4                __aeabi_l2d
 .text          0x0000000008000630       0xa0 c:/st/stm32cubeide_1.7.0/stm32cubeide/plugins/com.st.stm32cube.ide.mcu.externaltools.gnu-tools-for-stm32.9-2020-q2-update.win32_2.0.0.202105311346/tools/bin/../lib/gcc/arm-none-eabi/9.3.1/thumb/v7-m/nofp\libgcc.a(_arm_truncdfsf2.o)
                0x0000000008000630                __truncdfsf2
                0x0000000008000630                __aeabi_d2f
 .text          0x00000000080006d0      0x21c c:/st/stm32cubeide_1.7.0/stm32cubeide/plugins/com.st.stm32cube.ide.mcu.externaltools.gnu-tools-for-stm32.9-2020-q2-update.win32_2.0.0.202105311346/tools/bin/../lib/gcc/arm-none-eabi/9.3.1/thumb/v7-m/nofp\libgcc.a(_arm_addsubsf3.o)
                0x00000000080006d0                __aeabi_frsub
                0x00000000080006d8                __subsf3
                0x00000000080006d8                __aeabi_fsub
                0x00000000080006dc                __aeabi_fadd
                0x00000000080006dc                __addsf3
                0x000000000800083c                __aeabi_ui2f
                0x000000000800083c                __floatunsisf
                0x0000000008000844                __aeabi_i2f
                0x0000000008000844                __floatsisf
                0x0000000008000860                __aeabi_ul2f
                0x0000000008000860                __floatundisf
                0x0000000008000870                __aeabi_l2f
                0x0000000008000870                __floatdisf
 .text          0x00000000080008ec       0xec c:/st/stm32cubeide_1.7.0/stm32cubeide/plugins/com.st.stm32cube.ide.mcu.externaltools.gnu-tools-for-stm32.9-2020-q2-update.win32_2.0.0.202105311346/tools/bin/../lib/gcc/arm-none-eabi/9.3.1/thumb/v7-m/nofp\libgcc.a(_arm_cmpsf2.o)
                0x00000000080008ec                __gesf2
                0x00000000080008ec                __gtsf2
                0x00000000080008f4                __lesf2
                0x00000000080008f4                __ltsf2
                0x00000000080008fc                __nesf2
                0x00000000080008fc                __eqsf2
                0x00000000080008fc                __cmpsf2
                0x000000000800095c                __aeabi_cfrcmple
                0x0000000008000964                __aeabi_cfcmpeq
                0x0000000008000964                __aeabi_cfcmple
                0x0000000008000974                __aeabi_fcmpeq
                0x0000000008000988                __aeabi_fcmplt
                0x000000000800099c                __aeabi_fcmple
                0x00000000080009b0                __aeabi_fcmpge
                0x00000000080009c4                __aeabi_fcmpgt
 .text          0x00000000080009d8       0x4c c:/st/stm32cubeide_1.7.0/stm32cubeide/plugins/com.st.stm32cube.ide.mcu.externaltools.gnu-tools-for-stm32.9-2020-q2-update.win32_2.0.0.202105311346/tools/bin/../lib/gcc/arm-none-eabi/9.3.1/thumb/v7-m/nofp\libgcc.a(_arm_fixsfsi.o)
                0x00000000080009d8                __aeabi_f2iz
                0x00000000080009d8                __fixsfsi
 *(.text*)
 .text.updateDisplay
                0x0000000008000a24       0x48 build/displayUart.o
                0x0000000008000a24                updateDisplay
 .text.WhichButtonIsPressed
                0x0000000008000a6c       0x3a build/input_processing.o
                0x0000000008000a6c                WhichButtonIsPressed
 .text.clear_vertical
                0x0000000008000aa6        0xe build/input_processing.o
                0x0000000008000aa6                clear_vertical
 .text.clear_horizontal
                0x0000000008000ab4        0xe build/input_processing.o
                0x0000000008000ab4                clear_horizontal
 *fill*         0x0000000008000ac2        0x2 
 .text.vertical_processing
                0x0000000008000ac4       0x48 build/input_processing.o
                0x0000000008000ac4                vertical_processing
 .text.horizontal_processing
                0x0000000008000b0c       0x48 build/input_processing.o
                0x0000000008000b0c                horizontal_processing
 .text.state_update
                0x0000000008000b54       0xa4 build/input_processing.o
                0x0000000008000b54                state_update
 .text.check_state
                0x0000000008000bf8       0x30 build/input_processing.o
                0x0000000008000bf8                check_state
 .text.update_clock
                0x0000000008000c28       0x40 build/input_processing.o
                0x0000000008000c28                update_clock
 .text.reset    0x0000000008000c68       0x58 build/input_processing.o
                0x0000000008000c68                reset
 .text.restart  0x0000000008000cc0       0x18 build/input_processing.o
                0x0000000008000cc0                restart
 .text.confirm_action
                0x0000000008000cd8       0x80 build/input_processing.o
                0x0000000008000cd8                confirm_action
 .text.state_handle
                0x0000000008000d58      0x144 build/input_processing.o
                0x0000000008000d58                state_handle
 .text.traffic_processing
                0x0000000008000e9c       0x78 build/input_processing.o
                0x0000000008000e9c                traffic_processing
 .text.input_processing
                0x0000000008000f14       0xc4 build/input_processing.o
                0x0000000008000f14                input_processing
 .text.fsm_simple_button_run
                0x0000000008000fd8       0x40 build/input_processing.o
                0x0000000008000fd8                fsm_simple_button_run
 .text.button_reading
                0x0000000008001018      0x14c build/input_reading.o
                0x0000000008001018                button_reading
 .text.is_button_pressed
                0x0000000008001164       0x34 build/input_reading.o
                0x0000000008001164                is_button_pressed
 .text.main     0x0000000008001198       0x64 build/main.o
                0x0000000008001198                main
 .text.SystemClock_Config
                0x00000000080011fc       0x82 build/main.o
                0x00000000080011fc                SystemClock_Config
 *fill*         0x000000000800127e        0x2 
 .text.MX_TIM2_Init
                0x0000000008001280       0x98 build/main.o
 .text.MX_TIM3_Init
                0x0000000008001318       0xec build/main.o
 .text.MX_USART2_UART_Init
                0x0000000008001404       0x54 build/main.o
 .text.MX_GPIO_Init
                0x0000000008001458      0x140 build/main.o
 .text.HAL_TIM_PeriodElapsedCallback
                0x0000000008001598       0x26 build/main.o
                0x0000000008001598                HAL_TIM_PeriodElapsedCallback
 .text.HAL_GPIO_EXTI_Callback
                0x00000000080015be       0x14 build/main.o
                0x00000000080015be                HAL_GPIO_EXTI_Callback
 .text.Error_Handler
                0x00000000080015d2        0xa build/main.o
                0x00000000080015d2                Error_Handler
 .text.SCH_Update
                0x00000000080015dc       0xac build/scheduler.o
                0x00000000080015dc                SCH_Update
 .text.pedestrian_scramble
                0x0000000008001688      0x398 build/sche_task.o
                0x0000000008001688                pedestrian_scramble
 .text.setTimer1
                0x0000000008001a20       0x34 build/software_timer.o
                0x0000000008001a20                setTimer1
 .text.setTimer2
                0x0000000008001a54       0x34 build/software_timer.o
                0x0000000008001a54                setTimer2
 .text.timerRun
                0x0000000008001a88       0xd4 build/software_timer.o
                0x0000000008001a88                timerRun
 .text.HAL_MspInit
                0x0000000008001b5c       0x64 build/stm32f1xx_hal_msp.o
                0x0000000008001b5c                HAL_MspInit
 .text.HAL_TIM_Base_MspInit
                0x0000000008001bc0       0x80 build/stm32f1xx_hal_msp.o
                0x0000000008001bc0                HAL_TIM_Base_MspInit
 .text.HAL_TIM_MspPostInit
                0x0000000008001c40       0x64 build/stm32f1xx_hal_msp.o
                0x0000000008001c40                HAL_TIM_MspPostInit
 .text.HAL_UART_MspInit
                0x0000000008001ca4       0x7c build/stm32f1xx_hal_msp.o
                0x0000000008001ca4                HAL_UART_MspInit
 .text.NMI_Handler
                0x0000000008001d20        0x6 build/stm32f1xx_it.o
                0x0000000008001d20                NMI_Handler
 .text.HardFault_Handler
                0x0000000008001d26        0x6 build/stm32f1xx_it.o
                0x0000000008001d26                HardFault_Handler
 .text.MemManage_Handler
                0x0000000008001d2c        0x6 build/stm32f1xx_it.o
                0x0000000008001d2c                MemManage_Handler
 .text.BusFault_Handler
                0x0000000008001d32        0x6 build/stm32f1xx_it.o
                0x0000000008001d32                BusFault_Handler
 .text.UsageFault_Handler
                0x0000000008001d38        0x6 build/stm32f1xx_it.o
                0x0000000008001d38                UsageFault_Handler
 .text.SVC_Handler
                0x0000000008001d3e        0xc build/stm32f1xx_it.o
                0x0000000008001d3e                SVC_Handler
 .text.DebugMon_Handler
                0x0000000008001d4a        0xc build/stm32f1xx_it.o
                0x0000000008001d4a                DebugMon_Handler
 .text.PendSV_Handler
                0x0000000008001d56        0xc build/stm32f1xx_it.o
                0x0000000008001d56                PendSV_Handler
 .text.SysTick_Handler
                0x0000000008001d62        0xc build/stm32f1xx_it.o
                0x0000000008001d62                SysTick_Handler
 *fill*         0x0000000008001d6e        0x2 
 .text.TIM2_IRQHandler
                0x0000000008001d70       0x14 build/stm32f1xx_it.o
                0x0000000008001d70                TIM2_IRQHandler
 .text.TIM3_IRQHandler
                0x0000000008001d84       0x14 build/stm32f1xx_it.o
                0x0000000008001d84                TIM3_IRQHandler
 .text.EXTI15_10_IRQHandler
                0x0000000008001d98       0x10 build/stm32f1xx_it.o
                0x0000000008001d98                EXTI15_10_IRQHandler
 .text._sbrk    0x0000000008001da8       0x6c build/sysmem.o
                0x0000000008001da8                _sbrk
 .text.SystemInit
                0x0000000008001e14        0xc build/system_stm32f1xx.o
                0x0000000008001e14                SystemInit
 .text.helper_set_led_color
                0x0000000008001e20       0x66 build/traffic_light.o
                0x0000000008001e20                helper_set_led_color
 *fill*         0x0000000008001e86        0x2 
 .text.set_led_color
                0x0000000008001e88       0x70 build/traffic_light.o
                0x0000000008001e88                set_led_color
 .text.helper_get_led_color
                0x0000000008001ef8       0x7c build/traffic_light.o
                0x0000000008001ef8                helper_get_led_color
 .text.get_led_color
                0x0000000008001f74       0x6c build/traffic_light.o
                0x0000000008001f74                get_led_color
 .text.helper_clear_led
                0x0000000008001fe0       0x1e build/traffic_light.o
                0x0000000008001fe0                helper_clear_led
 *fill*         0x0000000008001ffe        0x2 
 .text.clear_led
                0x0000000008002000       0x54 build/traffic_light.o
                0x0000000008002000                clear_led
 .text.HAL_Init
                0x0000000008002054       0x2c build/stm32f1xx_hal.o
                0x0000000008002054                HAL_Init
 .text.HAL_InitTick
                0x0000000008002080       0x60 build/stm32f1xx_hal.o
                0x0000000008002080                HAL_InitTick
 .text.HAL_IncTick
                0x00000000080020e0       0x24 build/stm32f1xx_hal.o
                0x00000000080020e0                HAL_IncTick
 .text.HAL_GetTick
                0x0000000008002104       0x14 build/stm32f1xx_hal.o
                0x0000000008002104                HAL_GetTick
 .text.HAL_Delay
                0x0000000008002118       0x48 build/stm32f1xx_hal.o
                0x0000000008002118                HAL_Delay
 .text.__NVIC_SetPriorityGrouping
                0x0000000008002160       0x48 build/stm32f1xx_hal_cortex.o
 .text.__NVIC_GetPriorityGrouping
                0x00000000080021a8       0x1c build/stm32f1xx_hal_cortex.o
 .text.__NVIC_EnableIRQ
                0x00000000080021c4       0x38 build/stm32f1xx_hal_cortex.o
 .text.__NVIC_SetPriority
                0x00000000080021fc       0x54 build/stm32f1xx_hal_cortex.o
 .text.NVIC_EncodePriority
                0x0000000008002250       0x64 build/stm32f1xx_hal_cortex.o
 .text.SysTick_Config
                0x00000000080022b4       0x44 build/stm32f1xx_hal_cortex.o
 .text.HAL_NVIC_SetPriorityGrouping
                0x00000000080022f8       0x16 build/stm32f1xx_hal_cortex.o
                0x00000000080022f8                HAL_NVIC_SetPriorityGrouping
 .text.HAL_NVIC_SetPriority
                0x000000000800230e       0x38 build/stm32f1xx_hal_cortex.o
                0x000000000800230e                HAL_NVIC_SetPriority
 .text.HAL_NVIC_EnableIRQ
                0x0000000008002346       0x1c build/stm32f1xx_hal_cortex.o
                0x0000000008002346                HAL_NVIC_EnableIRQ
 .text.HAL_SYSTICK_Config
                0x0000000008002362       0x18 build/stm32f1xx_hal_cortex.o
                0x0000000008002362                HAL_SYSTICK_Config
 *fill*         0x000000000800237a        0x2 
 .text.HAL_GPIO_Init
                0x000000000800237c      0x308 build/stm32f1xx_hal_gpio.o
                0x000000000800237c                HAL_GPIO_Init
 .text.HAL_GPIO_ReadPin
                0x0000000008002684       0x2e build/stm32f1xx_hal_gpio.o
                0x0000000008002684                HAL_GPIO_ReadPin
 .text.HAL_GPIO_WritePin
                0x00000000080026b2       0x30 build/stm32f1xx_hal_gpio.o
                0x00000000080026b2                HAL_GPIO_WritePin
 .text.HAL_GPIO_TogglePin
                0x00000000080026e2       0x32 build/stm32f1xx_hal_gpio.o
                0x00000000080026e2                HAL_GPIO_TogglePin
 .text.HAL_GPIO_EXTI_IRQHandler
                0x0000000008002714       0x30 build/stm32f1xx_hal_gpio.o
                0x0000000008002714                HAL_GPIO_EXTI_IRQHandler
 .text.HAL_RCC_OscConfig
                0x0000000008002744      0x500 build/stm32f1xx_hal_rcc.o
                0x0000000008002744                HAL_RCC_OscConfig
 .text.HAL_RCC_ClockConfig
                0x0000000008002c44      0x1d4 build/stm32f1xx_hal_rcc.o
                0x0000000008002c44                HAL_RCC_ClockConfig
 .text.HAL_RCC_GetSysClockFreq
                0x0000000008002e18       0xc0 build/stm32f1xx_hal_rcc.o
                0x0000000008002e18                HAL_RCC_GetSysClockFreq
 .text.HAL_RCC_GetHCLKFreq
                0x0000000008002ed8       0x14 build/stm32f1xx_hal_rcc.o
                0x0000000008002ed8                HAL_RCC_GetHCLKFreq
 .text.HAL_RCC_GetPCLK1Freq
                0x0000000008002eec       0x28 build/stm32f1xx_hal_rcc.o
                0x0000000008002eec                HAL_RCC_GetPCLK1Freq
 .text.HAL_RCC_GetPCLK2Freq
                0x0000000008002f14       0x28 build/stm32f1xx_hal_rcc.o
                0x0000000008002f14                HAL_RCC_GetPCLK2Freq
 .text.RCC_Delay
                0x0000000008002f3c       0x3c build/stm32f1xx_hal_rcc.o
 .text.HAL_TIM_Base_Init
                0x0000000008002f78       0x9e build/stm32f1xx_hal_tim.o
                0x0000000008002f78                HAL_TIM_Base_Init
 *fill*         0x0000000008003016        0x2 
 .text.HAL_TIM_Base_Start_IT
                0x0000000008003018       0xa4 build/stm32f1xx_hal_tim.o
                0x0000000008003018                HAL_TIM_Base_Start_IT
 .text.HAL_TIM_PWM_Init
                0x00000000080030bc       0x9e build/stm32f1xx_hal_tim.o
                0x00000000080030bc                HAL_TIM_PWM_Init
 .text.HAL_TIM_PWM_MspInit
                0x000000000800315a       0x12 build/stm32f1xx_hal_tim.o
                0x000000000800315a                HAL_TIM_PWM_MspInit
 .text.HAL_TIM_PWM_Start
                0x000000000800316c      0x144 build/stm32f1xx_hal_tim.o
                0x000000000800316c                HAL_TIM_PWM_Start
 .text.HAL_TIM_IRQHandler
                0x00000000080032b0      0x210 build/stm32f1xx_hal_tim.o
                0x00000000080032b0                HAL_TIM_IRQHandler
 .text.HAL_TIM_PWM_ConfigChannel
                0x00000000080034c0      0x17c build/stm32f1xx_hal_tim.o
                0x00000000080034c0                HAL_TIM_PWM_ConfigChannel
 .text.HAL_TIM_ConfigClockSource
                0x000000000800363c      0x188 build/stm32f1xx_hal_tim.o
                0x000000000800363c                HAL_TIM_ConfigClockSource
 .text.HAL_TIM_OC_DelayElapsedCallback
                0x00000000080037c4       0x12 build/stm32f1xx_hal_tim.o
                0x00000000080037c4                HAL_TIM_OC_DelayElapsedCallback
 .text.HAL_TIM_IC_CaptureCallback
                0x00000000080037d6       0x12 build/stm32f1xx_hal_tim.o
                0x00000000080037d6                HAL_TIM_IC_CaptureCallback
 .text.HAL_TIM_PWM_PulseFinishedCallback
                0x00000000080037e8       0x12 build/stm32f1xx_hal_tim.o
                0x00000000080037e8                HAL_TIM_PWM_PulseFinishedCallback
 .text.HAL_TIM_TriggerCallback
                0x00000000080037fa       0x12 build/stm32f1xx_hal_tim.o
                0x00000000080037fa                HAL_TIM_TriggerCallback
 .text.TIM_Base_SetConfig
                0x000000000800380c       0xc4 build/stm32f1xx_hal_tim.o
                0x000000000800380c                TIM_Base_SetConfig
 .text.TIM_OC1_SetConfig
                0x00000000080038d0       0xcc build/stm32f1xx_hal_tim.o
 .text.TIM_OC2_SetConfig
                0x000000000800399c       0xd4 build/stm32f1xx_hal_tim.o
                0x000000000800399c                TIM_OC2_SetConfig
 .text.TIM_OC3_SetConfig
                0x0000000008003a70       0xd4 build/stm32f1xx_hal_tim.o
 .text.TIM_OC4_SetConfig
                0x0000000008003b44       0x9c build/stm32f1xx_hal_tim.o
 .text.TIM_TI1_ConfigInputStage
                0x0000000008003be0       0x5c build/stm32f1xx_hal_tim.o
 .text.TIM_TI2_ConfigInputStage
                0x0000000008003c3c       0x5e build/stm32f1xx_hal_tim.o
 .text.TIM_ITRx_SetConfig
                0x0000000008003c9a       0x34 build/stm32f1xx_hal_tim.o
 .text.TIM_ETR_SetConfig
                0x0000000008003cce       0x3e build/stm32f1xx_hal_tim.o
                0x0000000008003cce                TIM_ETR_SetConfig
 .text.TIM_CCxChannelCmd
                0x0000000008003d0c       0x48 build/stm32f1xx_hal_tim.o
                0x0000000008003d0c                TIM_CCxChannelCmd
 .text.HAL_TIMEx_MasterConfigSynchronization
                0x0000000008003d54       0xbc build/stm32f1xx_hal_tim_ex.o
                0x0000000008003d54                HAL_TIMEx_MasterConfigSynchronization
 .text.HAL_TIMEx_CommutCallback
                0x0000000008003e10       0x12 build/stm32f1xx_hal_tim_ex.o
                0x0000000008003e10                HAL_TIMEx_CommutCallback
 .text.HAL_TIMEx_BreakCallback
                0x0000000008003e22       0x12 build/stm32f1xx_hal_tim_ex.o
                0x0000000008003e22                HAL_TIMEx_BreakCallback
 .text.HAL_UART_Init
                0x0000000008003e34       0x9a build/stm32f1xx_hal_uart.o
                0x0000000008003e34                HAL_UART_Init
 .text.HAL_UART_Transmit
                0x0000000008003ece      0x124 build/stm32f1xx_hal_uart.o
                0x0000000008003ece                HAL_UART_Transmit
 .text.UART_WaitOnFlagUntilTimeout
                0x0000000008003ff2       0x94 build/stm32f1xx_hal_uart.o
 *fill*         0x0000000008004086        0x2 
 .text.UART_SetConfig
                0x0000000008004088      0x11c build/stm32f1xx_hal_uart.o
 .text.Reset_Handler
                0x00000000080041a4       0x48 build/startup_stm32f103rbtx.o
                0x00000000080041a4                Reset_Handler
 .text.Default_Handler
                0x00000000080041ec        0x2 build/startup_stm32f103rbtx.o
                0x00000000080041ec                RTC_Alarm_IRQHandler
                0x00000000080041ec                EXTI2_IRQHandler
                0x00000000080041ec                TIM1_CC_IRQHandler
                0x00000000080041ec                PVD_IRQHandler
                0x00000000080041ec                EXTI3_IRQHandler
                0x00000000080041ec                EXTI0_IRQHandler
                0x00000000080041ec                I2C2_EV_IRQHandler
                0x00000000080041ec                ADC1_2_IRQHandler
                0x00000000080041ec                SPI1_IRQHandler
                0x00000000080041ec                TAMPER_IRQHandler
                0x00000000080041ec                DMA1_Channel4_IRQHandler
                0x00000000080041ec                USART3_IRQHandler
                0x00000000080041ec                RTC_IRQHandler
                0x00000000080041ec                DMA1_Channel7_IRQHandler
                0x00000000080041ec                CAN1_RX1_IRQHandler
                0x00000000080041ec                TIM4_IRQHandler
                0x00000000080041ec                I2C1_EV_IRQHandler
                0x00000000080041ec                DMA1_Channel6_IRQHandler
                0x00000000080041ec                RCC_IRQHandler
                0x00000000080041ec                TIM1_TRG_COM_IRQHandler
                0x00000000080041ec                DMA1_Channel1_IRQHandler
                0x00000000080041ec                Default_Handler
                0x00000000080041ec                EXTI9_5_IRQHandler
                0x00000000080041ec                SPI2_IRQHandler
                0x00000000080041ec                DMA1_Channel5_IRQHandler
                0x00000000080041ec                EXTI4_IRQHandler
                0x00000000080041ec                USB_LP_CAN1_RX0_IRQHandler
                0x00000000080041ec                USB_HP_CAN1_TX_IRQHandler
                0x00000000080041ec                DMA1_Channel3_IRQHandler
                0x00000000080041ec                TIM1_UP_IRQHandler
                0x00000000080041ec                WWDG_IRQHandler
                0x00000000080041ec                TIM1_BRK_IRQHandler
                0x00000000080041ec                EXTI1_IRQHandler
                0x00000000080041ec                USART2_IRQHandler
                0x00000000080041ec                I2C2_ER_IRQHandler
                0x00000000080041ec                DMA1_Channel2_IRQHandler
                0x00000000080041ec                CAN1_SCE_IRQHandler
                0x00000000080041ec                FLASH_IRQHandler
                0x00000000080041ec                USART1_IRQHandler
                0x00000000080041ec                I2C1_ER_IRQHandler
                0x00000000080041ec                USBWakeUp_IRQHandler
 *fill*         0x00000000080041ee        0x2 
 .text.__errno  0x00000000080041f0        0xc c:/st/stm32cubeide_1.7.0/stm32cubeide/plugins/com.st.stm32cube.ide.mcu.externaltools.gnu-tools-for-stm32.9-2020-q2-update.win32_2.0.0.202105311346/tools/bin/../lib/gcc/arm-none-eabi/9.3.1/../../../../arm-none-eabi/lib/thumb/v7-m/nofp\libc_nano.a(lib_a-errno.o)
                0x00000000080041f0                __errno
 .text.__libc_init_array
                0x00000000080041fc       0x48 c:/st/stm32cubeide_1.7.0/stm32cubeide/plugins/com.st.stm32cube.ide.mcu.externaltools.gnu-tools-for-stm32.9-2020-q2-update.win32_2.0.0.202105311346/tools/bin/../lib/gcc/arm-none-eabi/9.3.1/../../../../arm-none-eabi/lib/thumb/v7-m/nofp\libc_nano.a(lib_a-init.o)
                0x00000000080041fc                __libc_init_array
 .text.memset   0x0000000008004244       0x10 c:/st/stm32cubeide_1.7.0/stm32cubeide/plugins/com.st.stm32cube.ide.mcu.externaltools.gnu-tools-for-stm32.9-2020-q2-update.win32_2.0.0.202105311346/tools/bin/../lib/gcc/arm-none-eabi/9.3.1/../../../../arm-none-eabi/lib/thumb/v7-m/nofp\libc_nano.a(lib_a-memset.o)
                0x0000000008004244                memset
 .text.sprintf  0x0000000008004254       0x40 c:/st/stm32cubeide_1.7.0/stm32cubeide/plugins/com.st.stm32cube.ide.mcu.externaltools.gnu-tools-for-stm32.9-2020-q2-update.win32_2.0.0.202105311346/tools/bin/../lib/gcc/arm-none-eabi/9.3.1/../../../../arm-none-eabi/lib/thumb/v7-m/nofp\libc_nano.a(lib_a-sprintf.o)
                0x0000000008004254                siprintf
                0x0000000008004254                sprintf
 .text.__ssputs_r
                0x0000000008004294       0xb6 c:/st/stm32cubeide_1.7.0/stm32cubeide/plugins/com.st.stm32cube.ide.mcu.externaltools.gnu-tools-for-stm32.9-2020-q2-update.win32_2.0.0.202105311346/tools/bin/../lib/gcc/arm-none-eabi/9.3.1/../../../../arm-none-eabi/lib/thumb/v7-m/nofp\libc_nano.a(lib_a-nano-svfprintf.o)
                0x0000000008004294                __ssputs_r
 *fill*         0x000000000800434a        0x2 
 .text._svfprintf_r
                0x000000000800434c      0x200 c:/st/stm32cubeide_1.7.0/stm32cubeide/plugins/com.st.stm32cube.ide.mcu.externaltools.gnu-tools-for-stm32.9-2020-q2-update.win32_2.0.0.202105311346/tools/bin/../lib/gcc/arm-none-eabi/9.3.1/../../../../arm-none-eabi/lib/thumb/v7-m/nofp\libc_nano.a(lib_a-nano-svfprintf.o)
                0x000000000800434c                _svfiprintf_r
                0x000000000800434c                _svfprintf_r
 .text._printf_common
                0x000000000800454c       0xde c:/st/stm32cubeide_1.7.0/stm32cubeide/plugins/com.st.stm32cube.ide.mcu.externaltools.gnu-tools-for-stm32.9-2020-q2-update.win32_2.0.0.202105311346/tools/bin/../lib/gcc/arm-none-eabi/9.3.1/../../../../arm-none-eabi/lib/thumb/v7-m/nofp\libc_nano.a(lib_a-nano-vfprintf_i.o)
                0x000000000800454c                _printf_common
 *fill*         0x000000000800462a        0x2 
 .text._printf_i
                0x000000000800462c      0x24c c:/st/stm32cubeide_1.7.0/stm32cubeide/plugins/com.st.stm32cube.ide.mcu.externaltools.gnu-tools-for-stm32.9-2020-q2-update.win32_2.0.0.202105311346/tools/bin/../lib/gcc/arm-none-eabi/9.3.1/../../../../arm-none-eabi/lib/thumb/v7-m/nofp\libc_nano.a(lib_a-nano-vfprintf_i.o)
                0x000000000800462c                _printf_i
 .text.memchr   0x0000000008004878       0x1c c:/st/stm32cubeide_1.7.0/stm32cubeide/plugins/com.st.stm32cube.ide.mcu.externaltools.gnu-tools-for-stm32.9-2020-q2-update.win32_2.0.0.202105311346/tools/bin/../lib/gcc/arm-none-eabi/9.3.1/../../../../arm-none-eabi/lib/thumb/v7-m/nofp\libc_nano.a(lib_a-memchr-stub.o)
                0x0000000008004878                memchr
 .text.memcpy   0x0000000008004894       0x1c c:/st/stm32cubeide_1.7.0/stm32cubeide/plugins/com.st.stm32cube.ide.mcu.externaltools.gnu-tools-for-stm32.9-2020-q2-update.win32_2.0.0.202105311346/tools/bin/../lib/gcc/arm-none-eabi/9.3.1/../../../../arm-none-eabi/lib/thumb/v7-m/nofp\libc_nano.a(lib_a-memcpy-stub.o)
                0x0000000008004894                memcpy
 .text.memmove  0x00000000080048b0       0x34 c:/st/stm32cubeide_1.7.0/stm32cubeide/plugins/com.st.stm32cube.ide.mcu.externaltools.gnu-tools-for-stm32.9-2020-q2-update.win32_2.0.0.202105311346/tools/bin/../lib/gcc/arm-none-eabi/9.3.1/../../../../arm-none-eabi/lib/thumb/v7-m/nofp\libc_nano.a(lib_a-memmove.o)
                0x00000000080048b0                memmove
 .text._free_r  0x00000000080048e4       0x98 c:/st/stm32cubeide_1.7.0/stm32cubeide/plugins/com.st.stm32cube.ide.mcu.externaltools.gnu-tools-for-stm32.9-2020-q2-update.win32_2.0.0.202105311346/tools/bin/../lib/gcc/arm-none-eabi/9.3.1/../../../../arm-none-eabi/lib/thumb/v7-m/nofp\libc_nano.a(lib_a-nano-freer.o)
                0x00000000080048e4                _free_r
 .text._malloc_r
                0x000000000800497c       0xb4 c:/st/stm32cubeide_1.7.0/stm32cubeide/plugins/com.st.stm32cube.ide.mcu.externaltools.gnu-tools-for-stm32.9-2020-q2-update.win32_2.0.0.202105311346/tools/bin/../lib/gcc/arm-none-eabi/9.3.1/../../../../arm-none-eabi/lib/thumb/v7-m/nofp\libc_nano.a(lib_a-nano-mallocr.o)
                0x000000000800497c                _malloc_r
 .text._realloc_r
                0x0000000008004a30       0x4c c:/st/stm32cubeide_1.7.0/stm32cubeide/plugins/com.st.stm32cube.ide.mcu.externaltools.gnu-tools-for-stm32.9-2020-q2-update.win32_2.0.0.202105311346/tools/bin/../lib/gcc/arm-none-eabi/9.3.1/../../../../arm-none-eabi/lib/thumb/v7-m/nofp\libc_nano.a(lib_a-nano-reallocr.o)
                0x0000000008004a30                _realloc_r
 .text._sbrk_r  0x0000000008004a7c       0x20 c:/st/stm32cubeide_1.7.0/stm32cubeide/plugins/com.st.stm32cube.ide.mcu.externaltools.gnu-tools-for-stm32.9-2020-q2-update.win32_2.0.0.202105311346/tools/bin/../lib/gcc/arm-none-eabi/9.3.1/../../../../arm-none-eabi/lib/thumb/v7-m/nofp\libc_nano.a(lib_a-sbrkr.o)
                0x0000000008004a7c                _sbrk_r
 .text.__malloc_lock
                0x0000000008004a9c        0xc c:/st/stm32cubeide_1.7.0/stm32cubeide/plugins/com.st.stm32cube.ide.mcu.externaltools.gnu-tools-for-stm32.9-2020-q2-update.win32_2.0.0.202105311346/tools/bin/../lib/gcc/arm-none-eabi/9.3.1/../../../../arm-none-eabi/lib/thumb/v7-m/nofp\libc_nano.a(lib_a-mlock.o)
                0x0000000008004a9c                __malloc_lock
 .text.__malloc_unlock
                0x0000000008004aa8        0xc c:/st/stm32cubeide_1.7.0/stm32cubeide/plugins/com.st.stm32cube.ide.mcu.externaltools.gnu-tools-for-stm32.9-2020-q2-update.win32_2.0.0.202105311346/tools/bin/../lib/gcc/arm-none-eabi/9.3.1/../../../../arm-none-eabi/lib/thumb/v7-m/nofp\libc_nano.a(lib_a-mlock.o)
                0x0000000008004aa8                __malloc_unlock
 .text._malloc_usable_size_r
                0x0000000008004ab4       0x10 c:/st/stm32cubeide_1.7.0/stm32cubeide/plugins/com.st.stm32cube.ide.mcu.externaltools.gnu-tools-for-stm32.9-2020-q2-update.win32_2.0.0.202105311346/tools/bin/../lib/gcc/arm-none-eabi/9.3.1/../../../../arm-none-eabi/lib/thumb/v7-m/nofp\libc_nano.a(lib_a-nano-msizer.o)
                0x0000000008004ab4                _malloc_usable_size_r
 .text.__retarget_lock_acquire_recursive
                0x0000000008004ac4        0x2 c:/st/stm32cubeide_1.7.0/stm32cubeide/plugins/com.st.stm32cube.ide.mcu.externaltools.gnu-tools-for-stm32.9-2020-q2-update.win32_2.0.0.202105311346/tools/bin/../lib/gcc/arm-none-eabi/9.3.1/../../../../arm-none-eabi/lib/thumb/v7-m/nofp\libc_nano.a(lib_a-lock.o)
                0x0000000008004ac4                __retarget_lock_acquire_recursive
 .text.__retarget_lock_release_recursive
                0x0000000008004ac6        0x2 c:/st/stm32cubeide_1.7.0/stm32cubeide/plugins/com.st.stm32cube.ide.mcu.externaltools.gnu-tools-for-stm32.9-2020-q2-update.win32_2.0.0.202105311346/tools/bin/../lib/gcc/arm-none-eabi/9.3.1/../../../../arm-none-eabi/lib/thumb/v7-m/nofp\libc_nano.a(lib_a-lock.o)
                0x0000000008004ac6                __retarget_lock_release_recursive
 *(.glue_7)
 .glue_7        0x0000000008004ac8        0x0 linker stubs
 *(.glue_7t)
 .glue_7t       0x0000000008004ac8        0x0 linker stubs
 *(.eh_frame)
 .eh_frame      0x0000000008004ac8        0x0 c:/st/stm32cubeide_1.7.0/stm32cubeide/plugins/com.st.stm32cube.ide.mcu.externaltools.gnu-tools-for-stm32.9-2020-q2-update.win32_2.0.0.202105311346/tools/bin/../lib/gcc/arm-none-eabi/9.3.1/thumb/v7-m/nofp/crtbegin.o
 *(.init)
 .init          0x0000000008004ac8        0x4 c:/st/stm32cubeide_1.7.0/stm32cubeide/plugins/com.st.stm32cube.ide.mcu.externaltools.gnu-tools-for-stm32.9-2020-q2-update.win32_2.0.0.202105311346/tools/bin/../lib/gcc/arm-none-eabi/9.3.1/thumb/v7-m/nofp/crti.o
                0x0000000008004ac8                _init
 .init          0x0000000008004acc        0x8 c:/st/stm32cubeide_1.7.0/stm32cubeide/plugins/com.st.stm32cube.ide.mcu.externaltools.gnu-tools-for-stm32.9-2020-q2-update.win32_2.0.0.202105311346/tools/bin/../lib/gcc/arm-none-eabi/9.3.1/thumb/v7-m/nofp/crtn.o
 *(.fini)
 .fini          0x0000000008004ad4        0x4 c:/st/stm32cubeide_1.7.0/stm32cubeide/plugins/com.st.stm32cube.ide.mcu.externaltools.gnu-tools-for-stm32.9-2020-q2-update.win32_2.0.0.202105311346/tools/bin/../lib/gcc/arm-none-eabi/9.3.1/thumb/v7-m/nofp/crti.o
                0x0000000008004ad4                _fini
 .fini          0x0000000008004ad8        0x8 c:/st/stm32cubeide_1.7.0/stm32cubeide/plugins/com.st.stm32cube.ide.mcu.externaltools.gnu-tools-for-stm32.9-2020-q2-update.win32_2.0.0.202105311346/tools/bin/../lib/gcc/arm-none-eabi/9.3.1/thumb/v7-m/nofp/crtn.o
                0x0000000008004ae0                . = ALIGN (0x4)
                0x0000000008004ae0                _etext = .

.vfp11_veneer   0x0000000008004ae0        0x0
 .vfp11_veneer  0x0000000008004ae0        0x0 linker stubs

.v4_bx          0x0000000008004ae0        0x0
 .v4_bx         0x0000000008004ae0        0x0 linker stubs

.iplt           0x0000000008004ae0        0x0
 .iplt          0x0000000008004ae0        0x0 c:/st/stm32cubeide_1.7.0/stm32cubeide/plugins/com.st.stm32cube.ide.mcu.externaltools.gnu-tools-for-stm32.9-2020-q2-update.win32_2.0.0.202105311346/tools/bin/../lib/gcc/arm-none-eabi/9.3.1/thumb/v7-m/nofp/crtbegin.o

.rodata         0x0000000008004ae0       0x68
                0x0000000008004ae0                . = ALIGN (0x4)
 *(.rodata)
 .rodata        0x0000000008004ae0        0xc build/displayUart.o
 .rodata        0x0000000008004aec       0x10 build/stm32f1xx_hal_rcc.o
 *(.rodata*)
 .rodata.AHBPrescTable
                0x0000000008004afc       0x10 build/system_stm32f1xx.o
                0x0000000008004afc                AHBPrescTable
 .rodata.APBPrescTable
                0x0000000008004b0c        0x8 build/system_stm32f1xx.o
                0x0000000008004b0c                APBPrescTable
 .rodata._svfprintf_r.str1.1
                0x0000000008004b14       0x11 c:/st/stm32cubeide_1.7.0/stm32cubeide/plugins/com.st.stm32cube.ide.mcu.externaltools.gnu-tools-for-stm32.9-2020-q2-update.win32_2.0.0.202105311346/tools/bin/../lib/gcc/arm-none-eabi/9.3.1/../../../../arm-none-eabi/lib/thumb/v7-m/nofp\libc_nano.a(lib_a-nano-svfprintf.o)
 .rodata._printf_i.str1.1
                0x0000000008004b25       0x22 c:/st/stm32cubeide_1.7.0/stm32cubeide/plugins/com.st.stm32cube.ide.mcu.externaltools.gnu-tools-for-stm32.9-2020-q2-update.win32_2.0.0.202105311346/tools/bin/../lib/gcc/arm-none-eabi/9.3.1/../../../../arm-none-eabi/lib/thumb/v7-m/nofp\libc_nano.a(lib_a-nano-vfprintf_i.o)
                0x0000000008004b48                . = ALIGN (0x4)
 *fill*         0x0000000008004b47        0x1 

.rel.dyn        0x0000000008004b48        0x0
 .rel.iplt      0x0000000008004b48        0x0 c:/st/stm32cubeide_1.7.0/stm32cubeide/plugins/com.st.stm32cube.ide.mcu.externaltools.gnu-tools-for-stm32.9-2020-q2-update.win32_2.0.0.202105311346/tools/bin/../lib/gcc/arm-none-eabi/9.3.1/thumb/v7-m/nofp/crtbegin.o

.ARM.extab      0x0000000008004b48        0x0
                0x0000000008004b48                . = ALIGN (0x4)
 *(.ARM.extab* .gnu.linkonce.armextab.*)
                0x0000000008004b48                . = ALIGN (0x4)

.ARM            0x0000000008004b48        0x0
                0x0000000008004b48                . = ALIGN (0x4)
                0x0000000008004b48                __exidx_start = .
 *(.ARM.exidx*)
                0x0000000008004b48                __exidx_end = .
                0x0000000008004b48                . = ALIGN (0x4)

.preinit_array  0x0000000008004b48        0x0
                0x0000000008004b48                . = ALIGN (0x4)
                0x0000000008004b48                PROVIDE (__preinit_array_start = .)
 *(.preinit_array*)
                0x0000000008004b48                PROVIDE (__preinit_array_end = .)
                0x0000000008004b48                . = ALIGN (0x4)

.init_array     0x0000000008004b48        0x4
                0x0000000008004b48                . = ALIGN (0x4)
                0x0000000008004b48                PROVIDE (__init_array_start = .)
 *(SORT_BY_NAME(.init_array.*))
 *(.init_array*)
 .init_array    0x0000000008004b48        0x4 c:/st/stm32cubeide_1.7.0/stm32cubeide/plugins/com.st.stm32cube.ide.mcu.externaltools.gnu-tools-for-stm32.9-2020-q2-update.win32_2.0.0.202105311346/tools/bin/../lib/gcc/arm-none-eabi/9.3.1/thumb/v7-m/nofp/crtbegin.o
                0x0000000008004b4c                PROVIDE (__init_array_end = .)
                0x0000000008004b4c                . = ALIGN (0x4)

.fini_array     0x0000000008004b4c        0x4
                0x0000000008004b4c                . = ALIGN (0x4)
                [!provide]                        PROVIDE (__fini_array_start = .)
 *(SORT_BY_NAME(.fini_array.*))
 *(.fini_array*)
 .fini_array    0x0000000008004b4c        0x4 c:/st/stm32cubeide_1.7.0/stm32cubeide/plugins/com.st.stm32cube.ide.mcu.externaltools.gnu-tools-for-stm32.9-2020-q2-update.win32_2.0.0.202105311346/tools/bin/../lib/gcc/arm-none-eabi/9.3.1/thumb/v7-m/nofp/crtbegin.o
                [!provide]                        PROVIDE (__fini_array_end = .)
                0x0000000008004b50                . = ALIGN (0x4)
                0x0000000008004b50                _sidata = LOADADDR (.data)

.data           0x0000000020000000       0xbc load address 0x0000000008004b50
                0x0000000020000000                . = ALIGN (0x4)
                0x0000000020000000                _sdata = .
 *(.data)
 *(.data*)
 .data.index_mode
                0x0000000020000000        0x4 build/global.o
                0x0000000020000000                index_mode
 .data.CURRENT_STATE
                0x0000000020000004        0x8 build/global.o
                0x0000000020000004                CURRENT_STATE
 .data.SEG7_CLOCK
                0x000000002000000c        0x8 build/global.o
                0x000000002000000c                SEG7_CLOCK
 .data.LED_TIME
                0x0000000020000014        0xc build/global.o
                0x0000000020000014                LED_TIME
 .data.buttonPort
                0x0000000020000020       0x10 build/input_reading.o
 .data.buttonPin
                0x0000000020000030        0x8 build/input_reading.o
 .data.delay    0x0000000020000038        0x4 build/sche_task.o
                0x0000000020000038                delay
 .data.FREQ     0x000000002000003c        0x4 build/sche_task.o
                0x000000002000003c                FREQ
 .data.DELAY_STEP
                0x0000000020000040        0x4 build/sche_task.o
                0x0000000020000040                DELAY_STEP
 .data.extra_step
                0x0000000020000044        0x4 build/sche_task.o
                0x0000000020000044                extra_step
 .data.TIMER_CYCLE
                0x0000000020000048        0x4 build/software_timer.o
                0x0000000020000048                TIMER_CYCLE
 .data.SystemCoreClock
                0x000000002000004c        0x4 build/system_stm32f1xx.o
                0x000000002000004c                SystemCoreClock
 .data.uwTickPrio
                0x0000000020000050        0x4 build/stm32f1xx_hal.o
                0x0000000020000050                uwTickPrio
 .data.uwTickFreq
                0x0000000020000054        0x1 build/stm32f1xx_hal.o
                0x0000000020000054                uwTickFreq
 *fill*         0x0000000020000055        0x3 
 .data._impure_ptr
                0x0000000020000058        0x4 c:/st/stm32cubeide_1.7.0/stm32cubeide/plugins/com.st.stm32cube.ide.mcu.externaltools.gnu-tools-for-stm32.9-2020-q2-update.win32_2.0.0.202105311346/tools/bin/../lib/gcc/arm-none-eabi/9.3.1/../../../../arm-none-eabi/lib/thumb/v7-m/nofp\libc_nano.a(lib_a-impure.o)
                0x0000000020000058                _impure_ptr
 .data.impure_data
                0x000000002000005c       0x60 c:/st/stm32cubeide_1.7.0/stm32cubeide/plugins/com.st.stm32cube.ide.mcu.externaltools.gnu-tools-for-stm32.9-2020-q2-update.win32_2.0.0.202105311346/tools/bin/../lib/gcc/arm-none-eabi/9.3.1/../../../../arm-none-eabi/lib/thumb/v7-m/nofp\libc_nano.a(lib_a-impure.o)
 *(.RamFunc)
 *(.RamFunc*)
                0x00000000200000bc                . = ALIGN (0x4)
                0x00000000200000bc                _edata = .

.igot.plt       0x00000000200000bc        0x0 load address 0x0000000008004c0c
 .igot.plt      0x00000000200000bc        0x0 c:/st/stm32cubeide_1.7.0/stm32cubeide/plugins/com.st.stm32cube.ide.mcu.externaltools.gnu-tools-for-stm32.9-2020-q2-update.win32_2.0.0.202105311346/tools/bin/../lib/gcc/arm-none-eabi/9.3.1/thumb/v7-m/nofp/crtbegin.o
                0x00000000200000bc                . = ALIGN (0x4)

.bss            0x00000000200000bc      0x4ec load address 0x0000000008004c0c
                0x00000000200000bc                _sbss = .
                0x00000000200000bc                __bss_start__ = _sbss
 *(.bss)
 .bss           0x00000000200000bc       0x1c c:/st/stm32cubeide_1.7.0/stm32cubeide/plugins/com.st.stm32cube.ide.mcu.externaltools.gnu-tools-for-stm32.9-2020-q2-update.win32_2.0.0.202105311346/tools/bin/../lib/gcc/arm-none-eabi/9.3.1/thumb/v7-m/nofp/crtbegin.o
 *(.bss*)
 .bss.status    0x00000000200000d8        0x4 build/global.o
                0x00000000200000d8                status
 .bss.start     0x00000000200000dc        0x4 build/global.o
                0x00000000200000dc                start
 .bss.TIMES_INC
                0x00000000200000e0        0x4 build/global.o
                0x00000000200000e0                TIMES_INC
 .bss.AllowToExecuteAfterASecondPressed
                0x00000000200000e4        0x4 build/global.o
                0x00000000200000e4                AllowToExecuteAfterASecondPressed
 .bss.flagForButtonPressOneQuarterSecond
                0x00000000200000e8       0x10 build/global.o
                0x00000000200000e8                flagForButtonPressOneQuarterSecond
 .bss.buttonState
                0x00000000200000f8        0x1 build/input_processing.o
                0x00000000200000f8                buttonState
 *fill*         0x00000000200000f9        0x3 
 .bss.buttonBuffer
                0x00000000200000fc        0x4 build/input_reading.o
 .bss.debounceButtonBuffer1
                0x0000000020000100        0x4 build/input_reading.o
 .bss.debounceButtonBuffer2
                0x0000000020000104        0x4 build/input_reading.o
 .bss.flagForButtonPress1s
                0x0000000020000108        0x4 build/input_reading.o
 .bss.counterForButtonPress1s
                0x000000002000010c        0x8 build/input_reading.o
 .bss.counterForButtonPressOneQuarterSecond
                0x0000000020000114        0x8 build/input_reading.o
 .bss.min_index
                0x000000002000011c        0x4 build/scheduler.o
                0x000000002000011c                min_index
 .bss.pedestrian_active
                0x0000000020000120        0x4 build/sche_task.o
                0x0000000020000120                pedestrian_active
 .bss.FREQ_STEP
                0x0000000020000124        0x4 build/sche_task.o
                0x0000000020000124                FREQ_STEP
 .bss.time_allow_pedestrian
                0x0000000020000128        0x4 build/sche_task.o
                0x0000000020000128                time_allow_pedestrian
 .bss.flag_button
                0x000000002000012c        0x4 build/sche_task.o
                0x000000002000012c                flag_button
 .bss.trigger_pedestrian_func
                0x0000000020000130        0x4 build/sche_task.o
                0x0000000020000130                trigger_pedestrian_func
 .bss.pedestrian_wanna_go
                0x0000000020000134        0x4 build/sche_task.o
                0x0000000020000134                pedestrian_wanna_go
 .bss.timer1_flag
                0x0000000020000138        0x4 build/software_timer.o
                0x0000000020000138                timer1_flag
 .bss.timer2_flag
                0x000000002000013c        0x4 build/software_timer.o
                0x000000002000013c                timer2_flag
 .bss.timer3_flag
                0x0000000020000140        0x4 build/software_timer.o
                0x0000000020000140                timer3_flag
 .bss.timer4_flag
                0x0000000020000144        0x4 build/software_timer.o
                0x0000000020000144                timer4_flag
 .bss.timer5_flag
                0x0000000020000148        0x4 build/software_timer.o
                0x0000000020000148                timer5_flag
 .bss.timer1_counter
                0x000000002000014c        0x4 build/software_timer.o
                0x000000002000014c                timer1_counter
 .bss.timer2_counter
                0x0000000020000150        0x4 build/software_timer.o
                0x0000000020000150                timer2_counter
 .bss.timer3_counter
                0x0000000020000154        0x4 build/software_timer.o
                0x0000000020000154                timer3_counter
 .bss.timer4_counter
                0x0000000020000158        0x4 build/software_timer.o
                0x0000000020000158                timer4_counter
 .bss.timer5_counter
                0x000000002000015c        0x4 build/software_timer.o
                0x000000002000015c                timer5_counter
 .bss.__sbrk_heap_end
                0x0000000020000160        0x4 build/sysmem.o
 .bss.__malloc_free_list
                0x0000000020000164        0x4 c:/st/stm32cubeide_1.7.0/stm32cubeide/plugins/com.st.stm32cube.ide.mcu.externaltools.gnu-tools-for-stm32.9-2020-q2-update.win32_2.0.0.202105311346/tools/bin/../lib/gcc/arm-none-eabi/9.3.1/../../../../arm-none-eabi/lib/thumb/v7-m/nofp\libc_nano.a(lib_a-nano-mallocr.o)
                0x0000000020000164                __malloc_free_list
 .bss.__malloc_sbrk_start
                0x0000000020000168        0x4 c:/st/stm32cubeide_1.7.0/stm32cubeide/plugins/com.st.stm32cube.ide.mcu.externaltools.gnu-tools-for-stm32.9-2020-q2-update.win32_2.0.0.202105311346/tools/bin/../lib/gcc/arm-none-eabi/9.3.1/../../../../arm-none-eabi/lib/thumb/v7-m/nofp\libc_nano.a(lib_a-nano-mallocr.o)
                0x0000000020000168                __malloc_sbrk_start
 *(COMMON)
 COMMON         0x000000002000016c       0x32 build/displayUart.o
                0x000000002000016c                str
 *fill*         0x000000002000019e        0x2 
 COMMON         0x00000000200001a0       0xd4 build/main.o
                0x00000000200001a0                htim3
                0x00000000200001e8                htim2
                0x0000000020000230                huart2
 COMMON         0x0000000020000274      0x320 build/scheduler.o
                0x0000000020000274                SCH_tasks_G
 COMMON         0x0000000020000594        0x4 build/stm32f1xx_hal.o
                0x0000000020000594                uwTick
 COMMON         0x0000000020000598        0x4 c:/st/stm32cubeide_1.7.0/stm32cubeide/plugins/com.st.stm32cube.ide.mcu.externaltools.gnu-tools-for-stm32.9-2020-q2-update.win32_2.0.0.202105311346/tools/bin/../lib/gcc/arm-none-eabi/9.3.1/../../../../arm-none-eabi/lib/thumb/v7-m/nofp\libc_nano.a(lib_a-reent.o)
                0x0000000020000598                errno
 COMMON         0x000000002000059c        0x9 c:/st/stm32cubeide_1.7.0/stm32cubeide/plugins/com.st.stm32cube.ide.mcu.externaltools.gnu-tools-for-stm32.9-2020-q2-update.win32_2.0.0.202105311346/tools/bin/../lib/gcc/arm-none-eabi/9.3.1/../../../../arm-none-eabi/lib/thumb/v7-m/nofp\libc_nano.a(lib_a-lock.o)
                0x000000002000059c                __lock___atexit_recursive_mutex
                0x000000002000059d                __lock___arc4random_mutex
                0x000000002000059e                __lock___env_recursive_mutex
                0x000000002000059f                __lock___sinit_recursive_mutex
                0x00000000200005a0                __lock___malloc_recursive_mutex
                0x00000000200005a1                __lock___at_quick_exit_mutex
                0x00000000200005a2                __lock___dd_hash_mutex
                0x00000000200005a3                __lock___tz_mutex
                0x00000000200005a4                __lock___sfp_recursive_mutex
                0x00000000200005a8                . = ALIGN (0x4)
 *fill*         0x00000000200005a5        0x3 
                0x00000000200005a8                _ebss = .
                0x00000000200005a8                __bss_end__ = _ebss

._user_heap_stack
                0x00000000200005a8      0x600 load address 0x0000000008004c0c
                0x00000000200005a8                . = ALIGN (0x8)
                [!provide]                        PROVIDE (end = .)
                0x00000000200005a8                PROVIDE (_end = .)
                0x00000000200007a8                . = (. + _Min_Heap_Size)
 *fill*         0x00000000200005a8      0x200 
                0x0000000020000ba8                . = (. + _Min_Stack_Size)
 *fill*         0x00000000200007a8      0x400 
                0x0000000020000ba8                . = ALIGN (0x8)

/DISCARD/
 libc.a(*)
 libm.a(*)
 libgcc.a(*)

.ARM.attributes
                0x0000000000000000       0x29
 *(.ARM.attributes)
 .ARM.attributes
                0x0000000000000000       0x1d c:/st/stm32cubeide_1.7.0/stm32cubeide/plugins/com.st.stm32cube.ide.mcu.externaltools.gnu-tools-for-stm32.9-2020-q2-update.win32_2.0.0.202105311346/tools/bin/../lib/gcc/arm-none-eabi/9.3.1/thumb/v7-m/nofp/crti.o
 .ARM.attributes
                0x000000000000001d       0x2d c:/st/stm32cubeide_1.7.0/stm32cubeide/plugins/com.st.stm32cube.ide.mcu.externaltools.gnu-tools-for-stm32.9-2020-q2-update.win32_2.0.0.202105311346/tools/bin/../lib/gcc/arm-none-eabi/9.3.1/thumb/v7-m/nofp/crtbegin.o
 .ARM.attributes
                0x000000000000004a       0x2d build/displayUart.o
 .ARM.attributes
                0x0000000000000077       0x33 build/global.o
 .ARM.attributes
                0x00000000000000aa       0x2d build/input_processing.o
 .ARM.attributes
                0x00000000000000d7       0x2d build/input_reading.o
 .ARM.attributes
                0x0000000000000104       0x2d build/main.o
 .ARM.attributes
                0x0000000000000131       0x2d build/scheduler.o
 .ARM.attributes
                0x000000000000015e       0x2d build/sche_task.o
 .ARM.attributes
                0x000000000000018b       0x2d build/software_timer.o
 .ARM.attributes
                0x00000000000001b8       0x2d build/stm32f1xx_hal_msp.o
 .ARM.attributes
                0x00000000000001e5       0x2d build/stm32f1xx_it.o
 .ARM.attributes
                0x0000000000000212       0x2d build/sysmem.o
 .ARM.attributes
                0x000000000000023f       0x2d build/system_stm32f1xx.o
 .ARM.attributes
                0x000000000000026c       0x2d build/traffic_light.o
 .ARM.attributes
                0x0000000000000299       0x2d build/stm32f1xx_hal.o
 .ARM.attributes
                0x00000000000002c6       0x2d build/stm32f1xx_hal_cortex.o
 .ARM.attributes
                0x00000000000002f3       0x2d build/stm32f1xx_hal_gpio.o
 .ARM.attributes
                0x0000000000000320       0x2d build/stm32f1xx_hal_rcc.o
 .ARM.attributes
                0x000000000000034d       0x2d build/stm32f1xx_hal_tim.o
 .ARM.attributes
                0x000000000000037a       0x2d build/stm32f1xx_hal_tim_ex.o
 .ARM.attributes
                0x00000000000003a7       0x2d build/stm32f1xx_hal_uart.o
 .ARM.attributes
                0x00000000000003d4       0x21 build/startup_stm32f103rbtx.o
 .ARM.attributes
                0x00000000000003f5       0x2d c:/st/stm32cubeide_1.7.0/stm32cubeide/plugins/com.st.stm32cube.ide.mcu.externaltools.gnu-tools-for-stm32.9-2020-q2-update.win32_2.0.0.202105311346/tools/bin/../lib/gcc/arm-none-eabi/9.3.1/../../../../arm-none-eabi/lib/thumb/v7-m/nofp\libc_nano.a(lib_a-errno.o)
 .ARM.attributes
                0x0000000000000422       0x2d c:/st/stm32cubeide_1.7.0/stm32cubeide/plugins/com.st.stm32cube.ide.mcu.externaltools.gnu-tools-for-stm32.9-2020-q2-update.win32_2.0.0.202105311346/tools/bin/../lib/gcc/arm-none-eabi/9.3.1/../../../../arm-none-eabi/lib/thumb/v7-m/nofp\libc_nano.a(lib_a-impure.o)
 .ARM.attributes
                0x000000000000044f       0x2d c:/st/stm32cubeide_1.7.0/stm32cubeide/plugins/com.st.stm32cube.ide.mcu.externaltools.gnu-tools-for-stm32.9-2020-q2-update.win32_2.0.0.202105311346/tools/bin/../lib/gcc/arm-none-eabi/9.3.1/../../../../arm-none-eabi/lib/thumb/v7-m/nofp\libc_nano.a(lib_a-init.o)
 .ARM.attributes
                0x000000000000047c       0x2d c:/st/stm32cubeide_1.7.0/stm32cubeide/plugins/com.st.stm32cube.ide.mcu.externaltools.gnu-tools-for-stm32.9-2020-q2-update.win32_2.0.0.202105311346/tools/bin/../lib/gcc/arm-none-eabi/9.3.1/../../../../arm-none-eabi/lib/thumb/v7-m/nofp\libc_nano.a(lib_a-memset.o)
 .ARM.attributes
                0x00000000000004a9       0x2d c:/st/stm32cubeide_1.7.0/stm32cubeide/plugins/com.st.stm32cube.ide.mcu.externaltools.gnu-tools-for-stm32.9-2020-q2-update.win32_2.0.0.202105311346/tools/bin/../lib/gcc/arm-none-eabi/9.3.1/../../../../arm-none-eabi/lib/thumb/v7-m/nofp\libc_nano.a(lib_a-sprintf.o)
 .ARM.attributes
                0x00000000000004d6       0x2d c:/st/stm32cubeide_1.7.0/stm32cubeide/plugins/com.st.stm32cube.ide.mcu.externaltools.gnu-tools-for-stm32.9-2020-q2-update.win32_2.0.0.202105311346/tools/bin/../lib/gcc/arm-none-eabi/9.3.1/../../../../arm-none-eabi/lib/thumb/v7-m/nofp\libc_nano.a(lib_a-nano-svfprintf.o)
 .ARM.attributes
                0x0000000000000503       0x2d c:/st/stm32cubeide_1.7.0/stm32cubeide/plugins/com.st.stm32cube.ide.mcu.externaltools.gnu-tools-for-stm32.9-2020-q2-update.win32_2.0.0.202105311346/tools/bin/../lib/gcc/arm-none-eabi/9.3.1/../../../../arm-none-eabi/lib/thumb/v7-m/nofp\libc_nano.a(lib_a-nano-vfprintf_i.o)
 .ARM.attributes
                0x0000000000000530       0x2d c:/st/stm32cubeide_1.7.0/stm32cubeide/plugins/com.st.stm32cube.ide.mcu.externaltools.gnu-tools-for-stm32.9-2020-q2-update.win32_2.0.0.202105311346/tools/bin/../lib/gcc/arm-none-eabi/9.3.1/../../../../arm-none-eabi/lib/thumb/v7-m/nofp\libc_nano.a(lib_a-memchr-stub.o)
 .ARM.attributes
                0x000000000000055d       0x2d c:/st/stm32cubeide_1.7.0/stm32cubeide/plugins/com.st.stm32cube.ide.mcu.externaltools.gnu-tools-for-stm32.9-2020-q2-update.win32_2.0.0.202105311346/tools/bin/../lib/gcc/arm-none-eabi/9.3.1/../../../../arm-none-eabi/lib/thumb/v7-m/nofp\libc_nano.a(lib_a-memcpy-stub.o)
 .ARM.attributes
                0x000000000000058a       0x2d c:/st/stm32cubeide_1.7.0/stm32cubeide/plugins/com.st.stm32cube.ide.mcu.externaltools.gnu-tools-for-stm32.9-2020-q2-update.win32_2.0.0.202105311346/tools/bin/../lib/gcc/arm-none-eabi/9.3.1/../../../../arm-none-eabi/lib/thumb/v7-m/nofp\libc_nano.a(lib_a-memmove.o)
 .ARM.attributes
                0x00000000000005b7       0x2d c:/st/stm32cubeide_1.7.0/stm32cubeide/plugins/com.st.stm32cube.ide.mcu.externaltools.gnu-tools-for-stm32.9-2020-q2-update.win32_2.0.0.202105311346/tools/bin/../lib/gcc/arm-none-eabi/9.3.1/../../../../arm-none-eabi/lib/thumb/v7-m/nofp\libc_nano.a(lib_a-nano-freer.o)
 .ARM.attributes
                0x00000000000005e4       0x2d c:/st/stm32cubeide_1.7.0/stm32cubeide/plugins/com.st.stm32cube.ide.mcu.externaltools.gnu-tools-for-stm32.9-2020-q2-update.win32_2.0.0.202105311346/tools/bin/../lib/gcc/arm-none-eabi/9.3.1/../../../../arm-none-eabi/lib/thumb/v7-m/nofp\libc_nano.a(lib_a-nano-mallocr.o)
 .ARM.attributes
                0x0000000000000611       0x2d c:/st/stm32cubeide_1.7.0/stm32cubeide/plugins/com.st.stm32cube.ide.mcu.externaltools.gnu-tools-for-stm32.9-2020-q2-update.win32_2.0.0.202105311346/tools/bin/../lib/gcc/arm-none-eabi/9.3.1/../../../../arm-none-eabi/lib/thumb/v7-m/nofp\libc_nano.a(lib_a-nano-reallocr.o)
 .ARM.attributes
                0x000000000000063e       0x2d c:/st/stm32cubeide_1.7.0/stm32cubeide/plugins/com.st.stm32cube.ide.mcu.externaltools.gnu-tools-for-stm32.9-2020-q2-update.win32_2.0.0.202105311346/tools/bin/../lib/gcc/arm-none-eabi/9.3.1/../../../../arm-none-eabi/lib/thumb/v7-m/nofp\libc_nano.a(lib_a-sbrkr.o)
 .ARM.attributes
                0x000000000000066b       0x2d c:/st/stm32cubeide_1.7.0/stm32cubeide/plugins/com.st.stm32cube.ide.mcu.externaltools.gnu-tools-for-stm32.9-2020-q2-update.win32_2.0.0.202105311346/tools/bin/../lib/gcc/arm-none-eabi/9.3.1/../../../../arm-none-eabi/lib/thumb/v7-m/nofp\libc_nano.a(lib_a-mlock.o)
 .ARM.attributes
                0x0000000000000698       0x2d c:/st/stm32cubeide_1.7.0/stm32cubeide/plugins/com.st.stm32cube.ide.mcu.externaltools.gnu-tools-for-stm32.9-2020-q2-update.win32_2.0.0.202105311346/tools/bin/../lib/gcc/arm-none-eabi/9.3.1/../../../../arm-none-eabi/lib/thumb/v7-m/nofp\libc_nano.a(lib_a-nano-msizer.o)
 .ARM.attributes
                0x00000000000006c5       0x2d c:/st/stm32cubeide_1.7.0/stm32cubeide/plugins/com.st.stm32cube.ide.mcu.externaltools.gnu-tools-for-stm32.9-2020-q2-update.win32_2.0.0.202105311346/tools/bin/../lib/gcc/arm-none-eabi/9.3.1/../../../../arm-none-eabi/lib/thumb/v7-m/nofp\libc_nano.a(lib_a-reent.o)
 .ARM.attributes
                0x00000000000006f2       0x2d c:/st/stm32cubeide_1.7.0/stm32cubeide/plugins/com.st.stm32cube.ide.mcu.externaltools.gnu-tools-for-stm32.9-2020-q2-update.win32_2.0.0.202105311346/tools/bin/../lib/gcc/arm-none-eabi/9.3.1/../../../../arm-none-eabi/lib/thumb/v7-m/nofp\libc_nano.a(lib_a-lock.o)
 .ARM.attributes
                0x000000000000071f       0x1d c:/st/stm32cubeide_1.7.0/stm32cubeide/plugins/com.st.stm32cube.ide.mcu.externaltools.gnu-tools-for-stm32.9-2020-q2-update.win32_2.0.0.202105311346/tools/bin/../lib/gcc/arm-none-eabi/9.3.1/thumb/v7-m/nofp\libgcc.a(_arm_mulsf3.o)
 .ARM.attributes
                0x000000000000073c       0x1d c:/st/stm32cubeide_1.7.0/stm32cubeide/plugins/com.st.stm32cube.ide.mcu.externaltools.gnu-tools-for-stm32.9-2020-q2-update.win32_2.0.0.202105311346/tools/bin/../lib/gcc/arm-none-eabi/9.3.1/thumb/v7-m/nofp\libgcc.a(_arm_addsubdf3.o)
 .ARM.attributes
                0x0000000000000759       0x1d c:/st/stm32cubeide_1.7.0/stm32cubeide/plugins/com.st.stm32cube.ide.mcu.externaltools.gnu-tools-for-stm32.9-2020-q2-update.win32_2.0.0.202105311346/tools/bin/../lib/gcc/arm-none-eabi/9.3.1/thumb/v7-m/nofp\libgcc.a(_arm_truncdfsf2.o)
 .ARM.attributes
                0x0000000000000776       0x1d c:/st/stm32cubeide_1.7.0/stm32cubeide/plugins/com.st.stm32cube.ide.mcu.externaltools.gnu-tools-for-stm32.9-2020-q2-update.win32_2.0.0.202105311346/tools/bin/../lib/gcc/arm-none-eabi/9.3.1/thumb/v7-m/nofp\libgcc.a(_arm_addsubsf3.o)
 .ARM.attributes
                0x0000000000000793       0x1d c:/st/stm32cubeide_1.7.0/stm32cubeide/plugins/com.st.stm32cube.ide.mcu.externaltools.gnu-tools-for-stm32.9-2020-q2-update.win32_2.0.0.202105311346/tools/bin/../lib/gcc/arm-none-eabi/9.3.1/thumb/v7-m/nofp\libgcc.a(_arm_cmpsf2.o)
 .ARM.attributes
                0x00000000000007b0       0x1d c:/st/stm32cubeide_1.7.0/stm32cubeide/plugins/com.st.stm32cube.ide.mcu.externaltools.gnu-tools-for-stm32.9-2020-q2-update.win32_2.0.0.202105311346/tools/bin/../lib/gcc/arm-none-eabi/9.3.1/thumb/v7-m/nofp\libgcc.a(_arm_fixsfsi.o)
 .ARM.attributes
                0x00000000000007cd       0x1d c:/st/stm32cubeide_1.7.0/stm32cubeide/plugins/com.st.stm32cube.ide.mcu.externaltools.gnu-tools-for-stm32.9-2020-q2-update.win32_2.0.0.202105311346/tools/bin/../lib/gcc/arm-none-eabi/9.3.1/thumb/v7-m/nofp/crtn.o
OUTPUT(build/stm32_f103rbt6.elf elf32-littlearm)
LOAD linker stubs
LOAD c:/st/stm32cubeide_1.7.0/stm32cubeide/plugins/com.st.stm32cube.ide.mcu.externaltools.gnu-tools-for-stm32.9-2020-q2-update.win32_2.0.0.202105311346/tools/bin/../lib/gcc/arm-none-eabi/9.3.1/../../../../arm-none-eabi/lib/thumb/v7-m/nofp\libc.a
LOAD c:/st/stm32cubeide_1.7.0/stm32cubeide/plugins/com.st.stm32cube.ide.mcu.externaltools.gnu-tools-for-stm32.9-2020-q2-update.win32_2.0.0.202105311346/tools/bin/../lib/gcc/arm-none-eabi/9.3.1/../../../../arm-none-eabi/lib/thumb/v7-m/nofp\libm.a
LOAD c:/st/stm32cubeide_1.7.0/stm32cubeide/plugins/com.st.stm32cube.ide.mcu.externaltools.gnu-tools-for-stm32.9-2020-q2-update.win32_2.0.0.202105311346/tools/bin/../lib/gcc/arm-none-eabi/9.3.1/thumb/v7-m/nofp\libgcc.a

.debug_info     0x0000000000000000     0xfa11
 .debug_info    0x0000000000000000     0x1017 build/displayUart.o
 .debug_info    0x0000000000001017      0x3b9 build/global.o
 .debug_info    0x00000000000013d0      0x51a build/input_processing.o
 .debug_info    0x00000000000018ea      0x4ee build/input_reading.o
 .debug_info    0x0000000000001dd8     0x1ac1 build/main.o
 .debug_info    0x0000000000003899      0xd70 build/scheduler.o
 .debug_info    0x0000000000004609     0x1204 build/sche_task.o
 .debug_info    0x000000000000580d      0x21d build/software_timer.o
 .debug_info    0x0000000000005a2a      0xe38 build/stm32f1xx_hal_msp.o
 .debug_info    0x0000000000006862      0x7fc build/stm32f1xx_it.o
 .debug_info    0x000000000000705e      0xa25 build/sysmem.o
 .debug_info    0x0000000000007a83      0x260 build/system_stm32f1xx.o
 .debug_info    0x0000000000007ce3      0x503 build/traffic_light.o
 .debug_info    0x00000000000081e6      0x76a build/stm32f1xx_hal.o
 .debug_info    0x0000000000008950      0xbdc build/stm32f1xx_hal_cortex.o
 .debug_info    0x000000000000952c      0x701 build/stm32f1xx_hal_gpio.o
 .debug_info    0x0000000000009c2d      0x88e build/stm32f1xx_hal_rcc.o
 .debug_info    0x000000000000a4bb     0x2a45 build/stm32f1xx_hal_tim.o
 .debug_info    0x000000000000cf00     0x14d5 build/stm32f1xx_hal_tim_ex.o
 .debug_info    0x000000000000e3d5     0x161a build/stm32f1xx_hal_uart.o
 .debug_info    0x000000000000f9ef       0x22 build/startup_stm32f103rbtx.o

.debug_abbrev   0x0000000000000000     0x2836
 .debug_abbrev  0x0000000000000000      0x22a build/displayUart.o
 .debug_abbrev  0x000000000000022a       0xbc build/global.o
 .debug_abbrev  0x00000000000002e6      0x1a1 build/input_processing.o
 .debug_abbrev  0x0000000000000487      0x16e build/input_reading.o
 .debug_abbrev  0x00000000000005f5      0x37e build/main.o
 .debug_abbrev  0x0000000000000973      0x2ce build/scheduler.o
 .debug_abbrev  0x0000000000000c41      0x23f build/sche_task.o
 .debug_abbrev  0x0000000000000e80       0xb6 build/software_timer.o
 .debug_abbrev  0x0000000000000f36      0x1c8 build/stm32f1xx_hal_msp.o
 .debug_abbrev  0x00000000000010fe      0x176 build/stm32f1xx_it.o
 .debug_abbrev  0x0000000000001274      0x1fd build/sysmem.o
 .debug_abbrev  0x0000000000001471      0x14e build/system_stm32f1xx.o
 .debug_abbrev  0x00000000000015bf      0x1bb build/traffic_light.o
 .debug_abbrev  0x000000000000177a      0x1ed build/stm32f1xx_hal.o
 .debug_abbrev  0x0000000000001967      0x313 build/stm32f1xx_hal_cortex.o
 .debug_abbrev  0x0000000000001c7a      0x1e8 build/stm32f1xx_hal_gpio.o
 .debug_abbrev  0x0000000000001e62      0x273 build/stm32f1xx_hal_rcc.o
 .debug_abbrev  0x00000000000020d5      0x25e build/stm32f1xx_hal_tim.o
 .debug_abbrev  0x0000000000002333      0x266 build/stm32f1xx_hal_tim_ex.o
 .debug_abbrev  0x0000000000002599      0x28b build/stm32f1xx_hal_uart.o
 .debug_abbrev  0x0000000000002824       0x12 build/startup_stm32f103rbtx.o

.debug_aranges  0x0000000000000000      0xdb0
 .debug_aranges
                0x0000000000000000       0x20 build/displayUart.o
 .debug_aranges
                0x0000000000000020       0x18 build/global.o
 .debug_aranges
                0x0000000000000038       0x90 build/input_processing.o
 .debug_aranges
                0x00000000000000c8       0x38 build/input_reading.o
 .debug_aranges
                0x0000000000000100       0x68 build/main.o
 .debug_aranges
                0x0000000000000168       0x60 build/scheduler.o
 .debug_aranges
                0x00000000000001c8       0x20 build/sche_task.o
 .debug_aranges
                0x00000000000001e8       0x50 build/software_timer.o
 .debug_aranges
                0x0000000000000238       0x48 build/stm32f1xx_hal_msp.o
 .debug_aranges
                0x0000000000000280       0x78 build/stm32f1xx_it.o
 .debug_aranges
                0x00000000000002f8       0x20 build/sysmem.o
 .debug_aranges
                0x0000000000000318       0x28 build/system_stm32f1xx.o
 .debug_aranges
                0x0000000000000340       0x48 build/traffic_light.o
 .debug_aranges
                0x0000000000000388       0xe0 build/stm32f1xx_hal.o
 .debug_aranges
                0x0000000000000468      0x100 build/stm32f1xx_hal_cortex.o
 .debug_aranges
                0x0000000000000568       0x58 build/stm32f1xx_hal_gpio.o
 .debug_aranges
                0x00000000000005c0       0x90 build/stm32f1xx_hal_rcc.o
 .debug_aranges
                0x0000000000000650      0x3d0 build/stm32f1xx_hal_tim.o
 .debug_aranges
                0x0000000000000a20      0x168 build/stm32f1xx_hal_tim_ex.o
 .debug_aranges
                0x0000000000000b88      0x200 build/stm32f1xx_hal_uart.o
 .debug_aranges
                0x0000000000000d88       0x28 build/startup_stm32f103rbtx.o

.debug_ranges   0x0000000000000000      0xc90
 .debug_ranges  0x0000000000000000       0x10 build/displayUart.o
 .debug_ranges  0x0000000000000010       0x80 build/input_processing.o
 .debug_ranges  0x0000000000000090       0x28 build/input_reading.o
 .debug_ranges  0x00000000000000b8       0x58 build/main.o
 .debug_ranges  0x0000000000000110       0x50 build/scheduler.o
 .debug_ranges  0x0000000000000160       0x10 build/sche_task.o
 .debug_ranges  0x0000000000000170       0x40 build/software_timer.o
 .debug_ranges  0x00000000000001b0       0x38 build/stm32f1xx_hal_msp.o
 .debug_ranges  0x00000000000001e8       0x68 build/stm32f1xx_it.o
 .debug_ranges  0x0000000000000250       0x10 build/sysmem.o
 .debug_ranges  0x0000000000000260       0x18 build/system_stm32f1xx.o
 .debug_ranges  0x0000000000000278       0x38 build/traffic_light.o
 .debug_ranges  0x00000000000002b0       0xd0 build/stm32f1xx_hal.o
 .debug_ranges  0x0000000000000380       0xf0 build/stm32f1xx_hal_cortex.o
 .debug_ranges  0x0000000000000470       0x48 build/stm32f1xx_hal_gpio.o
 .debug_ranges  0x00000000000004b8       0x80 build/stm32f1xx_hal_rcc.o
 .debug_ranges  0x0000000000000538      0x3c0 build/stm32f1xx_hal_tim.o
 .debug_ranges  0x00000000000008f8      0x158 build/stm32f1xx_hal_tim_ex.o
 .debug_ranges  0x0000000000000a50      0x220 build/stm32f1xx_hal_uart.o
 .debug_ranges  0x0000000000000c70       0x20 build/startup_stm32f103rbtx.o

.debug_macro    0x0000000000000000    0x191ab
 .debug_macro   0x0000000000000000      0x310 build/displayUart.o
 .debug_macro   0x0000000000000310      0xa9c build/displayUart.o
 .debug_macro   0x0000000000000dac      0x21b build/displayUart.o
 .debug_macro   0x0000000000000fc7       0x2e build/displayUart.o
 .debug_macro   0x0000000000000ff5       0x22 build/displayUart.o
 .debug_macro   0x0000000000001017       0x22 build/displayUart.o
 .debug_macro   0x0000000000001039       0x8e build/displayUart.o
 .debug_macro   0x00000000000010c7       0x51 build/displayUart.o
 .debug_macro   0x0000000000001118      0x103 build/displayUart.o
 .debug_macro   0x000000000000121b       0x6a build/displayUart.o
 .debug_macro   0x0000000000001285      0x1df build/displayUart.o
 .debug_macro   0x0000000000001464       0x1c build/displayUart.o
 .debug_macro   0x0000000000001480       0x22 build/displayUart.o
 .debug_macro   0x00000000000014a2       0xc3 build/displayUart.o
 .debug_macro   0x0000000000001565      0xd23 build/displayUart.o
 .debug_macro   0x0000000000002288     0xe09e build/displayUart.o
 .debug_macro   0x0000000000010326       0x6d build/displayUart.o
 .debug_macro   0x0000000000010393     0x3468 build/displayUart.o
 .debug_macro   0x00000000000137fb      0x174 build/displayUart.o
 .debug_macro   0x000000000001396f       0x5c build/displayUart.o
 .debug_macro   0x00000000000139cb      0x5be build/displayUart.o
 .debug_macro   0x0000000000013f89      0x289 build/displayUart.o
 .debug_macro   0x0000000000014212      0x1cb build/displayUart.o
 .debug_macro   0x00000000000143dd      0x114 build/displayUart.o
 .debug_macro   0x00000000000144f1      0x1b2 build/displayUart.o
 .debug_macro   0x00000000000146a3       0x27 build/displayUart.o
 .debug_macro   0x00000000000146ca      0x136 build/displayUart.o
 .debug_macro   0x0000000000014800      0x1bc build/displayUart.o
 .debug_macro   0x00000000000149bc       0x34 build/displayUart.o
 .debug_macro   0x00000000000149f0       0x3c build/displayUart.o
 .debug_macro   0x0000000000014a2c       0x57 build/displayUart.o
 .debug_macro   0x0000000000014a83       0x88 build/displayUart.o
 .debug_macro   0x0000000000014b0b      0x241 build/displayUart.o
 .debug_macro   0x0000000000014d4c      0x141 build/displayUart.o
 .debug_macro   0x0000000000014e8d      0x8d1 build/displayUart.o
 .debug_macro   0x000000000001575e      0x279 build/displayUart.o
 .debug_macro   0x00000000000159d7       0x83 build/displayUart.o
 .debug_macro   0x0000000000015a5a       0xca build/displayUart.o
 .debug_macro   0x0000000000015b24      0x13c build/displayUart.o
 .debug_macro   0x0000000000015c60       0x64 build/displayUart.o
 .debug_macro   0x0000000000015cc4       0x18 build/displayUart.o
 .debug_macro   0x0000000000015cdc       0x35 build/displayUart.o
 .debug_macro   0x0000000000015d11       0x34 build/displayUart.o
 .debug_macro   0x0000000000015d45       0x16 build/displayUart.o
 .debug_macro   0x0000000000015d5b       0x35 build/displayUart.o
 .debug_macro   0x0000000000015d90      0x333 build/displayUart.o
 .debug_macro   0x00000000000160c3       0x10 build/displayUart.o
 .debug_macro   0x00000000000160d3       0x16 build/displayUart.o
 .debug_macro   0x00000000000160e9       0x43 build/displayUart.o
 .debug_macro   0x000000000001612c       0x34 build/displayUart.o
 .debug_macro   0x0000000000016160       0x10 build/displayUart.o
 .debug_macro   0x0000000000016170       0x58 build/displayUart.o
 .debug_macro   0x00000000000161c8      0x182 build/displayUart.o
 .debug_macro   0x000000000001634a       0x10 build/displayUart.o
 .debug_macro   0x000000000001635a       0x1c build/displayUart.o
 .debug_macro   0x0000000000016376       0x52 build/displayUart.o
 .debug_macro   0x00000000000163c8       0x22 build/displayUart.o
 .debug_macro   0x00000000000163ea       0x10 build/displayUart.o
 .debug_macro   0x00000000000163fa       0x40 build/displayUart.o
 .debug_macro   0x000000000001643a       0xd5 build/displayUart.o
 .debug_macro   0x000000000001650f       0x1c build/displayUart.o
 .debug_macro   0x000000000001652b       0x3d build/displayUart.o
 .debug_macro   0x0000000000016568       0x16 build/displayUart.o
 .debug_macro   0x000000000001657e      0x16f build/displayUart.o
 .debug_macro   0x00000000000166ed      0x1b6 build/global.o
 .debug_macro   0x00000000000168a3      0x1fa build/input_processing.o
 .debug_macro   0x0000000000016a9d       0x16 build/input_processing.o
 .debug_macro   0x0000000000016ab3       0x2e build/input_processing.o
 .debug_macro   0x0000000000016ae1      0x1e8 build/input_reading.o
 .debug_macro   0x0000000000016cc9      0x35d build/main.o
 .debug_macro   0x0000000000017026       0x22 build/main.o
 .debug_macro   0x0000000000017048      0x1d9 build/scheduler.o
 .debug_macro   0x0000000000017221       0x97 build/scheduler.o
 .debug_macro   0x00000000000172b8      0x339 build/scheduler.o
 .debug_macro   0x00000000000175f1       0xfd build/scheduler.o
 .debug_macro   0x00000000000176ee      0x33a build/sche_task.o
 .debug_macro   0x0000000000017a28       0x5e build/sche_task.o
 .debug_macro   0x0000000000017a86       0x94 build/sche_task.o
 .debug_macro   0x0000000000017b1a       0x57 build/sche_task.o
 .debug_macro   0x0000000000017b71       0xbd build/sche_task.o
 .debug_macro   0x0000000000017c2e       0x56 build/sche_task.o
 .debug_macro   0x0000000000017c84       0x1a build/software_timer.o
 .debug_macro   0x0000000000017c9e      0x1ad build/stm32f1xx_hal_msp.o
 .debug_macro   0x0000000000017e4b      0x1b7 build/stm32f1xx_it.o
 .debug_macro   0x0000000000018002       0xec build/sysmem.o
 .debug_macro   0x00000000000180ee      0x23b build/sysmem.o
 .debug_macro   0x0000000000018329       0xc8 build/system_stm32f1xx.o
 .debug_macro   0x00000000000183f1      0x1c5 build/traffic_light.o
 .debug_macro   0x00000000000185b6      0x1c2 build/stm32f1xx_hal.o
 .debug_macro   0x0000000000018778      0x19e build/stm32f1xx_hal_cortex.o
 .debug_macro   0x0000000000018916      0x209 build/stm32f1xx_hal_gpio.o
 .debug_macro   0x0000000000018b1f      0x1b0 build/stm32f1xx_hal_rcc.o
 .debug_macro   0x0000000000018ccf      0x19f build/stm32f1xx_hal_tim.o
 .debug_macro   0x0000000000018e6e      0x19e build/stm32f1xx_hal_tim_ex.o
 .debug_macro   0x000000000001900c      0x19f build/stm32f1xx_hal_uart.o

.debug_line     0x0000000000000000     0xeaf0
 .debug_line    0x0000000000000000      0x7a2 build/displayUart.o
 .debug_line    0x00000000000007a2      0x655 build/global.o
 .debug_line    0x0000000000000df7      0xa2f build/input_processing.o
 .debug_line    0x0000000000001826      0x757 build/input_reading.o
 .debug_line    0x0000000000001f7d      0xa2f build/main.o
 .debug_line    0x00000000000029ac      0x718 build/scheduler.o
 .debug_line    0x00000000000030c4      0x8ea build/sche_task.o
 .debug_line    0x00000000000039ae      0x173 build/software_timer.o
 .debug_line    0x0000000000003b21      0x740 build/stm32f1xx_hal_msp.o
 .debug_line    0x0000000000004261      0x777 build/stm32f1xx_it.o
 .debug_line    0x00000000000049d8      0x430 build/sysmem.o
 .debug_line    0x0000000000004e08      0x4d9 build/system_stm32f1xx.o
 .debug_line    0x00000000000052e1      0x7a8 build/traffic_light.o
 .debug_line    0x0000000000005a89      0x918 build/stm32f1xx_hal.o
 .debug_line    0x00000000000063a1      0xb00 build/stm32f1xx_hal_cortex.o
 .debug_line    0x0000000000006ea1      0x9af build/stm32f1xx_hal_gpio.o
 .debug_line    0x0000000000007850      0xd26 build/stm32f1xx_hal_rcc.o
 .debug_line    0x0000000000008576     0x32c1 build/stm32f1xx_hal_tim.o
 .debug_line    0x000000000000b837     0x1840 build/stm32f1xx_hal_tim_ex.o
 .debug_line    0x000000000000d077     0x19f3 build/stm32f1xx_hal_uart.o
 .debug_line    0x000000000000ea6a       0x86 build/startup_stm32f103rbtx.o

.debug_str      0x0000000000000000    0x8b222
 .debug_str     0x0000000000000000    0x876ad build/displayUart.o
                                      0x87a98 (size before relaxing)
 .debug_str     0x00000000000876ad       0x14 build/global.o
                                      0x83b4e (size before relaxing)
 .debug_str     0x00000000000876c1      0x2d4 build/input_processing.o
                                      0x83e3b (size before relaxing)
 .debug_str     0x0000000000087995      0x1c3 build/input_reading.o
                                      0x83d70 (size before relaxing)
 .debug_str     0x0000000000087b58      0x8d1 build/main.o
                                      0x885c6 (size before relaxing)
 .debug_str     0x0000000000088429      0x149 build/scheduler.o
                                       0x8210 (size before relaxing)
 .debug_str     0x0000000000088572       0xb1 build/sche_task.o
                                      0x87d5b (size before relaxing)
 .debug_str     0x0000000000088623       0xb7 build/software_timer.o
                                       0x2ed3 (size before relaxing)
 .debug_str     0x00000000000886da       0xcd build/stm32f1xx_hal_msp.o
                                      0x841aa (size before relaxing)
 .debug_str     0x00000000000887a7       0xf1 build/stm32f1xx_it.o
                                      0x83ca2 (size before relaxing)
 .debug_str     0x0000000000088898      0x4e8 build/sysmem.o
                                       0x5c4b (size before relaxing)
 .debug_str     0x0000000000088d80       0x51 build/system_stm32f1xx.o
                                      0x546d3 (size before relaxing)
 .debug_str     0x0000000000088dd1       0x92 build/traffic_light.o
                                      0x83cde (size before relaxing)
 .debug_str     0x0000000000088e63      0x303 build/stm32f1xx_hal.o
                                      0x83adf (size before relaxing)
 .debug_str     0x0000000000089166      0x2ff build/stm32f1xx_hal_cortex.o
                                      0x83ae7 (size before relaxing)
 .debug_str     0x0000000000089465      0x2ef build/stm32f1xx_hal_gpio.o
                                      0x83812 (size before relaxing)
 .debug_str     0x0000000000089754      0x24e build/stm32f1xx_hal_rcc.o
                                      0x8384b (size before relaxing)
 .debug_str     0x00000000000899a2      0xd72 build/stm32f1xx_hal_tim.o
                                      0x8481d (size before relaxing)
 .debug_str     0x000000000008a714      0x4ed build/stm32f1xx_hal_tim_ex.o
                                      0x83fce (size before relaxing)
 .debug_str     0x000000000008ac01      0x5ec build/stm32f1xx_hal_uart.o
                                      0x83e3d (size before relaxing)
 .debug_str     0x000000000008b1ed       0x35 build/startup_stm32f103rbtx.o
                                         0x79 (size before relaxing)

.comment        0x0000000000000000       0x53
 .comment       0x0000000000000000       0x53 build/displayUart.o
                                         0x54 (size before relaxing)
 .comment       0x0000000000000053       0x54 build/global.o
 .comment       0x0000000000000053       0x54 build/input_processing.o
 .comment       0x0000000000000053       0x54 build/input_reading.o
 .comment       0x0000000000000053       0x54 build/main.o
 .comment       0x0000000000000053       0x54 build/scheduler.o
 .comment       0x0000000000000053       0x54 build/sche_task.o
 .comment       0x0000000000000053       0x54 build/software_timer.o
 .comment       0x0000000000000053       0x54 build/stm32f1xx_hal_msp.o
 .comment       0x0000000000000053       0x54 build/stm32f1xx_it.o
 .comment       0x0000000000000053       0x54 build/sysmem.o
 .comment       0x0000000000000053       0x54 build/system_stm32f1xx.o
 .comment       0x0000000000000053       0x54 build/traffic_light.o
 .comment       0x0000000000000053       0x54 build/stm32f1xx_hal.o
 .comment       0x0000000000000053       0x54 build/stm32f1xx_hal_cortex.o
 .comment       0x0000000000000053       0x54 build/stm32f1xx_hal_gpio.o
 .comment       0x0000000000000053       0x54 build/stm32f1xx_hal_rcc.o
 .comment       0x0000000000000053       0x54 build/stm32f1xx_hal_tim.o
 .comment       0x0000000000000053       0x54 build/stm32f1xx_hal_tim_ex.o
 .comment       0x0000000000000053       0x54 build/stm32f1xx_hal_uart.o

.debug_frame    0x0000000000000000     0x3cc8
 .debug_frame   0x0000000000000000       0x2c build/displayUart.o
 .debug_frame   0x000000000000002c      0x1d4 build/input_processing.o
 .debug_frame   0x0000000000000200       0xac build/input_reading.o
 .debug_frame   0x00000000000002ac      0x158 build/main.o
 .debug_frame   0x0000000000000404      0x158 build/scheduler.o
 .debug_frame   0x000000000000055c       0x30 build/sche_task.o
 .debug_frame   0x000000000000058c      0x118 build/software_timer.o
 .debug_frame   0x00000000000006a4       0xec build/stm32f1xx_hal_msp.o
 .debug_frame   0x0000000000000790      0x158 build/stm32f1xx_it.o
 .debug_frame   0x00000000000008e8       0x34 build/sysmem.o
 .debug_frame   0x000000000000091c       0x58 build/system_stm32f1xx.o
 .debug_frame   0x0000000000000974       0xf4 build/traffic_light.o
 .debug_frame   0x0000000000000a68      0x334 build/stm32f1xx_hal.o
 .debug_frame   0x0000000000000d9c      0x428 build/stm32f1xx_hal_cortex.o
 .debug_frame   0x00000000000011c4      0x14c build/stm32f1xx_hal_gpio.o
 .debug_frame   0x0000000000001310      0x21c build/stm32f1xx_hal_rcc.o
 .debug_frame   0x000000000000152c     0x11b8 build/stm32f1xx_hal_tim.o
 .debug_frame   0x00000000000026e4      0x638 build/stm32f1xx_hal_tim_ex.o
 .debug_frame   0x0000000000002d1c      0x914 build/stm32f1xx_hal_uart.o
 .debug_frame   0x0000000000003630       0x20 c:/st/stm32cubeide_1.7.0/stm32cubeide/plugins/com.st.stm32cube.ide.mcu.externaltools.gnu-tools-for-stm32.9-2020-q2-update.win32_2.0.0.202105311346/tools/bin/../lib/gcc/arm-none-eabi/9.3.1/../../../../arm-none-eabi/lib/thumb/v7-m/nofp\libc_nano.a(lib_a-errno.o)
 .debug_frame   0x0000000000003650       0x2c c:/st/stm32cubeide_1.7.0/stm32cubeide/plugins/com.st.stm32cube.ide.mcu.externaltools.gnu-tools-for-stm32.9-2020-q2-update.win32_2.0.0.202105311346/tools/bin/../lib/gcc/arm-none-eabi/9.3.1/../../../../arm-none-eabi/lib/thumb/v7-m/nofp\libc_nano.a(lib_a-init.o)
 .debug_frame   0x000000000000367c       0x20 c:/st/stm32cubeide_1.7.0/stm32cubeide/plugins/com.st.stm32cube.ide.mcu.externaltools.gnu-tools-for-stm32.9-2020-q2-update.win32_2.0.0.202105311346/tools/bin/../lib/gcc/arm-none-eabi/9.3.1/../../../../arm-none-eabi/lib/thumb/v7-m/nofp\libc_nano.a(lib_a-memset.o)
 .debug_frame   0x000000000000369c       0x6c c:/st/stm32cubeide_1.7.0/stm32cubeide/plugins/com.st.stm32cube.ide.mcu.externaltools.gnu-tools-for-stm32.9-2020-q2-update.win32_2.0.0.202105311346/tools/bin/../lib/gcc/arm-none-eabi/9.3.1/../../../../arm-none-eabi/lib/thumb/v7-m/nofp\libc_nano.a(lib_a-sprintf.o)
 .debug_frame   0x0000000000003708       0x90 c:/st/stm32cubeide_1.7.0/stm32cubeide/plugins/com.st.stm32cube.ide.mcu.externaltools.gnu-tools-for-stm32.9-2020-q2-update.win32_2.0.0.202105311346/tools/bin/../lib/gcc/arm-none-eabi/9.3.1/../../../../arm-none-eabi/lib/thumb/v7-m/nofp\libc_nano.a(lib_a-nano-svfprintf.o)
 .debug_frame   0x0000000000003798       0x60 c:/st/stm32cubeide_1.7.0/stm32cubeide/plugins/com.st.stm32cube.ide.mcu.externaltools.gnu-tools-for-stm32.9-2020-q2-update.win32_2.0.0.202105311346/tools/bin/../lib/gcc/arm-none-eabi/9.3.1/../../../../arm-none-eabi/lib/thumb/v7-m/nofp\libc_nano.a(lib_a-nano-vfprintf_i.o)
 .debug_frame   0x00000000000037f8       0x28 c:/st/stm32cubeide_1.7.0/stm32cubeide/plugins/com.st.stm32cube.ide.mcu.externaltools.gnu-tools-for-stm32.9-2020-q2-update.win32_2.0.0.202105311346/tools/bin/../lib/gcc/arm-none-eabi/9.3.1/../../../../arm-none-eabi/lib/thumb/v7-m/nofp\libc_nano.a(lib_a-memchr-stub.o)
 .debug_frame   0x0000000000003820       0x28 c:/st/stm32cubeide_1.7.0/stm32cubeide/plugins/com.st.stm32cube.ide.mcu.externaltools.gnu-tools-for-stm32.9-2020-q2-update.win32_2.0.0.202105311346/tools/bin/../lib/gcc/arm-none-eabi/9.3.1/../../../../arm-none-eabi/lib/thumb/v7-m/nofp\libc_nano.a(lib_a-memcpy-stub.o)
 .debug_frame   0x0000000000003848       0x28 c:/st/stm32cubeide_1.7.0/stm32cubeide/plugins/com.st.stm32cube.ide.mcu.externaltools.gnu-tools-for-stm32.9-2020-q2-update.win32_2.0.0.202105311346/tools/bin/../lib/gcc/arm-none-eabi/9.3.1/../../../../arm-none-eabi/lib/thumb/v7-m/nofp\libc_nano.a(lib_a-memmove.o)
 .debug_frame   0x0000000000003870       0x38 c:/st/stm32cubeide_1.7.0/stm32cubeide/plugins/com.st.stm32cube.ide.mcu.externaltools.gnu-tools-for-stm32.9-2020-q2-update.win32_2.0.0.202105311346/tools/bin/../lib/gcc/arm-none-eabi/9.3.1/../../../../arm-none-eabi/lib/thumb/v7-m/nofp\libc_nano.a(lib_a-nano-freer.o)
 .debug_frame   0x00000000000038a8       0x30 c:/st/stm32cubeide_1.7.0/stm32cubeide/plugins/com.st.stm32cube.ide.mcu.externaltools.gnu-tools-for-stm32.9-2020-q2-update.win32_2.0.0.202105311346/tools/bin/../lib/gcc/arm-none-eabi/9.3.1/../../../../arm-none-eabi/lib/thumb/v7-m/nofp\libc_nano.a(lib_a-nano-mallocr.o)
 .debug_frame   0x00000000000038d8       0x3c c:/st/stm32cubeide_1.7.0/stm32cubeide/plugins/com.st.stm32cube.ide.mcu.externaltools.gnu-tools-for-stm32.9-2020-q2-update.win32_2.0.0.202105311346/tools/bin/../lib/gcc/arm-none-eabi/9.3.1/../../../../arm-none-eabi/lib/thumb/v7-m/nofp\libc_nano.a(lib_a-nano-reallocr.o)
 .debug_frame   0x0000000000003914       0x2c c:/st/stm32cubeide_1.7.0/stm32cubeide/plugins/com.st.stm32cube.ide.mcu.externaltools.gnu-tools-for-stm32.9-2020-q2-update.win32_2.0.0.202105311346/tools/bin/../lib/gcc/arm-none-eabi/9.3.1/../../../../arm-none-eabi/lib/thumb/v7-m/nofp\libc_nano.a(lib_a-sbrkr.o)
 .debug_frame   0x0000000000003940       0x30 c:/st/stm32cubeide_1.7.0/stm32cubeide/plugins/com.st.stm32cube.ide.mcu.externaltools.gnu-tools-for-stm32.9-2020-q2-update.win32_2.0.0.202105311346/tools/bin/../lib/gcc/arm-none-eabi/9.3.1/../../../../arm-none-eabi/lib/thumb/v7-m/nofp\libc_nano.a(lib_a-mlock.o)
 .debug_frame   0x0000000000003970       0x20 c:/st/stm32cubeide_1.7.0/stm32cubeide/plugins/com.st.stm32cube.ide.mcu.externaltools.gnu-tools-for-stm32.9-2020-q2-update.win32_2.0.0.202105311346/tools/bin/../lib/gcc/arm-none-eabi/9.3.1/../../../../arm-none-eabi/lib/thumb/v7-m/nofp\libc_nano.a(lib_a-nano-msizer.o)
 .debug_frame   0x0000000000003990       0x5c c:/st/stm32cubeide_1.7.0/stm32cubeide/plugins/com.st.stm32cube.ide.mcu.externaltools.gnu-tools-for-stm32.9-2020-q2-update.win32_2.0.0.202105311346/tools/bin/../lib/gcc/arm-none-eabi/9.3.1/../../../../arm-none-eabi/lib/thumb/v7-m/nofp\libc_nano.a(lib_a-reent.o)
 .debug_frame   0x00000000000039ec       0xb0 c:/st/stm32cubeide_1.7.0/stm32cubeide/plugins/com.st.stm32cube.ide.mcu.externaltools.gnu-tools-for-stm32.9-2020-q2-update.win32_2.0.0.202105311346/tools/bin/../lib/gcc/arm-none-eabi/9.3.1/../../../../arm-none-eabi/lib/thumb/v7-m/nofp\libc_nano.a(lib_a-lock.o)
 .debug_frame   0x0000000000003a9c       0x24 c:/st/stm32cubeide_1.7.0/stm32cubeide/plugins/com.st.stm32cube.ide.mcu.externaltools.gnu-tools-for-stm32.9-2020-q2-update.win32_2.0.0.202105311346/tools/bin/../lib/gcc/arm-none-eabi/9.3.1/thumb/v7-m/nofp\libgcc.a(_arm_mulsf3.o)
 .debug_frame   0x0000000000003ac0       0xac c:/st/stm32cubeide_1.7.0/stm32cubeide/plugins/com.st.stm32cube.ide.mcu.externaltools.gnu-tools-for-stm32.9-2020-q2-update.win32_2.0.0.202105311346/tools/bin/../lib/gcc/arm-none-eabi/9.3.1/thumb/v7-m/nofp\libgcc.a(_arm_addsubdf3.o)
 .debug_frame   0x0000000000003b6c       0x24 c:/st/stm32cubeide_1.7.0/stm32cubeide/plugins/com.st.stm32cube.ide.mcu.externaltools.gnu-tools-for-stm32.9-2020-q2-update.win32_2.0.0.202105311346/tools/bin/../lib/gcc/arm-none-eabi/9.3.1/thumb/v7-m/nofp\libgcc.a(_arm_truncdfsf2.o)
 .debug_frame   0x0000000000003b90       0x4c c:/st/stm32cubeide_1.7.0/stm32cubeide/plugins/com.st.stm32cube.ide.mcu.externaltools.gnu-tools-for-stm32.9-2020-q2-update.win32_2.0.0.202105311346/tools/bin/../lib/gcc/arm-none-eabi/9.3.1/thumb/v7-m/nofp\libgcc.a(_arm_addsubsf3.o)
 .debug_frame   0x0000000000003bdc       0xc8 c:/st/stm32cubeide_1.7.0/stm32cubeide/plugins/com.st.stm32cube.ide.mcu.externaltools.gnu-tools-for-stm32.9-2020-q2-update.win32_2.0.0.202105311346/tools/bin/../lib/gcc/arm-none-eabi/9.3.1/thumb/v7-m/nofp\libgcc.a(_arm_cmpsf2.o)
 .debug_frame   0x0000000000003ca4       0x24 c:/st/stm32cubeide_1.7.0/stm32cubeide/plugins/com.st.stm32cube.ide.mcu.externaltools.gnu-tools-for-stm32.9-2020-q2-update.win32_2.0.0.202105311346/tools/bin/../lib/gcc/arm-none-eabi/9.3.1/thumb/v7-m/nofp\libgcc.a(_arm_fixsfsi.o)

Cross Reference Table

Symbol                                            File
ADC1_2_IRQHandler                                 build/startup_stm32f103rbtx.o
AHBPrescTable                                     build/system_stm32f1xx.o
                                                  build/stm32f1xx_hal_rcc.o
APBPrescTable                                     build/system_stm32f1xx.o
                                                  build/stm32f1xx_hal_rcc.o
AllowToExecuteAfterASecondPressed                 build/global.o
                                                  build/input_reading.o
BusFault_Handler                                  build/stm32f1xx_it.o
CAN1_RX1_IRQHandler                               build/startup_stm32f103rbtx.o
CAN1_SCE_IRQHandler                               build/startup_stm32f103rbtx.o
CURRENT_STATE                                     build/global.o