Archive member included to satisfy reference by file (symbol)

c:/st/stm32cubeide_1.7.0/stm32cubeide/plugins/com.st.stm32cube.ide.mcu.externaltools.gnu-tools-for-stm32.9-2020-q2-update.win32_2.0.0.202105311346/tools/bin/../lib/gcc/arm-none-eabi/9.3.1/../../../../arm-none-eabi/lib/thumb/v7-m/nofp\libc_nano.a(lib_a-errno.o)
                              ./Core/Src/syscalls.o (__errno)
c:/st/stm32cubeide_1.7.0/stm32cubeide/plugins/com.st.stm32cube.ide.mcu.externaltools.gnu-tools-for-stm32.9-2020-q2-update.win32_2.0.0.202105311346/tools/bin/../lib/gcc/arm-none-eabi/9.3.1/../../../../arm-none-eabi/lib/thumb/v7-m/nofp\libc_nano.a(lib_a-exit.o)
                              c:/st/stm32cubeide_1.7.0/stm32cubeide/plugins/com.st.stm32cube.ide.mcu.externaltools.gnu-tools-for-stm32.9-2020-q2-update.win32_2.0.0.202105311346/tools/bin/../lib/gcc/arm-none-eabi/9.3.1/../../../../arm-none-eabi/lib/thumb/v7-m/nofp/crt0.o (exit)
c:/st/stm32cubeide_1.7.0/stm32cubeide/plugins/com.st.stm32cube.ide.mcu.externaltools.gnu-tools-for-stm32.9-2020-q2-update.win32_2.0.0.202105311346/tools/bin/../lib/gcc/arm-none-eabi/9.3.1/../../../../arm-none-eabi/lib/thumb/v7-m/nofp\libc_nano.a(lib_a-impure.o)
                              c:/st/stm32cubeide_1.7.0/stm32cubeide/plugins/com.st.stm32cube.ide.mcu.externaltools.gnu-tools-for-stm32.9-2020-q2-update.win32_2.0.0.202105311346/tools/bin/../lib/gcc/arm-none-eabi/9.3.1/../../../../arm-none-eabi/lib/thumb/v7-m/nofp\libc_nano.a(lib_a-exit.o) (_global_impure_ptr)
c:/st/stm32cubeide_1.7.0/stm32cubeide/plugins/com.st.stm32cube.ide.mcu.externaltools.gnu-tools-for-stm32.9-2020-q2-update.win32_2.0.0.202105311346/tools/bin/../lib/gcc/arm-none-eabi/9.3.1/../../../../arm-none-eabi/lib/thumb/v7-m/nofp\libc_nano.a(lib_a-init.o)
                              c:/st/stm32cubeide_1.7.0/stm32cubeide/plugins/com.st.stm32cube.ide.mcu.externaltools.gnu-tools-for-stm32.9-2020-q2-update.win32_2.0.0.202105311346/tools/bin/../lib/gcc/arm-none-eabi/9.3.1/../../../../arm-none-eabi/lib/thumb/v7-m/nofp/crt0.o (__libc_init_array)
c:/st/stm32cubeide_1.7.0/stm32cubeide/plugins/com.st.stm32cube.ide.mcu.externaltools.gnu-tools-for-stm32.9-2020-q2-update.win32_2.0.0.202105311346/tools/bin/../lib/gcc/arm-none-eabi/9.3.1/../../../../arm-none-eabi/lib/thumb/v7-m/nofp\libc_nano.a(lib_a-memset.o)
                              c:/st/stm32cubeide_1.7.0/stm32cubeide/plugins/com.st.stm32cube.ide.mcu.externaltools.gnu-tools-for-stm32.9-2020-q2-update.win32_2.0.0.202105311346/tools/bin/../lib/gcc/arm-none-eabi/9.3.1/../../../../arm-none-eabi/lib/thumb/v7-m/nofp/crt0.o (memset)
c:/st/stm32cubeide_1.7.0/stm32cubeide/plugins/com.st.stm32cube.ide.mcu.externaltools.gnu-tools-for-stm32.9-2020-q2-update.win32_2.0.0.202105311346/tools/bin/../lib/gcc/arm-none-eabi/9.3.1/../../../../arm-none-eabi/lib/thumb/v7-m/nofp\libc_nano.a(lib_a-sprintf.o)
                              ./Core/Src/displayUart.o (sprintf)
c:/st/stm32cubeide_1.7.0/stm32cubeide/plugins/com.st.stm32cube.ide.mcu.externaltools.gnu-tools-for-stm32.9-2020-q2-update.win32_2.0.0.202105311346/tools/bin/../lib/gcc/arm-none-eabi/9.3.1/../../../../arm-none-eabi/lib/thumb/v7-m/nofp\libc_nano.a(lib_a-nano-svfprintf.o)
                              c:/st/stm32cubeide_1.7.0/stm32cubeide/plugins/com.st.stm32cube.ide.mcu.externaltools.gnu-tools-for-stm32.9-2020-q2-update.win32_2.0.0.202105311346/tools/bin/../lib/gcc/arm-none-eabi/9.3.1/../../../../arm-none-eabi/lib/thumb/v7-m/nofp\libc_nano.a(lib_a-sprintf.o) (_svfprintf_r)
c:/st/stm32cubeide_1.7.0/stm32cubeide/plugins/com.st.stm32cube.ide.mcu.externaltools.gnu-tools-for-stm32.9-2020-q2-update.win32_2.0.0.202105311346/tools/bin/../lib/gcc/arm-none-eabi/9.3.1/../../../../arm-none-eabi/lib/thumb/v7-m/nofp\libc_nano.a(lib_a-nano-vfprintf_i.o)
                              c:/st/stm32cubeide_1.7.0/stm32cubeide/plugins/com.st.stm32cube.ide.mcu.externaltools.gnu-tools-for-stm32.9-2020-q2-update.win32_2.0.0.202105311346/tools/bin/../lib/gcc/arm-none-eabi/9.3.1/../../../../arm-none-eabi/lib/thumb/v7-m/nofp\libc_nano.a(lib_a-nano-svfprintf.o) (_printf_i)
c:/st/stm32cubeide_1.7.0/stm32cubeide/plugins/com.st.stm32cube.ide.mcu.externaltools.gnu-tools-for-stm32.9-2020-q2-update.win32_2.0.0.202105311346/tools/bin/../lib/gcc/arm-none-eabi/9.3.1/../../../../arm-none-eabi/lib/thumb/v7-m/nofp\libc_nano.a(lib_a-memchr-stub.o)
                              c:/st/stm32cubeide_1.7.0/stm32cubeide/plugins/com.st.stm32cube.ide.mcu.externaltools.gnu-tools-for-stm32.9-2020-q2-update.win32_2.0.0.202105311346/tools/bin/../lib/gcc/arm-none-eabi/9.3.1/../../../../arm-none-eabi/lib/thumb/v7-m/nofp\libc_nano.a(lib_a-nano-svfprintf.o) (memchr)
c:/st/stm32cubeide_1.7.0/stm32cubeide/plugins/com.st.stm32cube.ide.mcu.externaltools.gnu-tools-for-stm32.9-2020-q2-update.win32_2.0.0.202105311346/tools/bin/../lib/gcc/arm-none-eabi/9.3.1/../../../../arm-none-eabi/lib/thumb/v7-m/nofp\libc_nano.a(lib_a-memcpy-stub.o)
[...]
Memory Configuration

Name             Origin             Length             Attributes
RAM              0x0000000020000000 0x0000000000005000 xrw
FLASH            0x0000000008000000 0x0000000000020000 xr
*default*        0x0000000000000000 0xffffffffffffffff

Linker script and memory map

LOAD c:/st/stm32cubeide_1.7.0/stm32cubeide/plugins/com.st.stm32cube.ide.mcu.externaltools.gnu-tools-for-stm32.9-2020-q2-update.win32_2.0.0.202105311346/tools/bin/../lib/gcc/arm-none-eabi/9.3.1/thumb/v7-m/nofp/crti.o
LOAD c:/st/stm32cubeide_1.7.0/stm32cubeide/plugins/com.st.stm32cube.ide.mcu.externaltools.gnu-tools-for-stm32.9-2020-q2-update.win32_2.0.0.202105311346/tools/bin/../lib/gcc/arm-none-eabi/9.3.1/thumb/v7-m/nofp/crtbegin.o
LOAD c:/st/stm32cubeide_1.7.0/stm32cubeide/plugins/com.st.stm32cube.ide.mcu.externaltools.gnu-tools-for-stm32.9-2020-q2-update.win32_2.0.0.202105311346/tools/bin/../lib/gcc/arm-none-eabi/9.3.1/../../../../arm-none-eabi/lib/thumb/v7-m/nofp/crt0.o
LOAD ./Core/Src/displayUart.o
LOAD ./Core/Src/global.o
LOAD ./Core/Src/input_processing.o
LOAD ./Core/Src/input_reading.o
LOAD ./Core/Src/main.o
LOAD ./Core/Src/sche_task.o
LOAD ./Core/Src/scheduler.o
LOAD ./Core/Src/software_timer.o
LOAD ./Core/Src/stm32f1xx_hal_msp.o
LOAD ./Core/Src/stm32f1xx_it.o
LOAD ./Core/Src/syscalls.o
LOAD ./Core/Src/sysmem.o
LOAD ./Core/Src/system_stm32f1xx.o
LOAD ./Core/Src/traffic_light.o
LOAD ./Core/Startup/startup_stm32f103rbtx.o
LOAD ./Drivers/STM32F1xx_HAL_Driver/Src/stm32f1xx_hal.o
LOAD ./Drivers/STM32F1xx_HAL_Driver/Src/stm32f1xx_hal_cortex.o
LOAD ./Drivers/STM32F1xx_HAL_Driver/Src/stm32f1xx_hal_dma.o
LOAD ./Drivers/STM32F1xx_HAL_Driver/Src/stm32f1xx_hal_exti.o
LOAD ./Drivers/STM32F1xx_HAL_Driver/Src/stm32f1xx_hal_flash.o
LOAD ./Drivers/STM32F1xx_HAL_Driver/Src/stm32f1xx_hal_flash_ex.o
LOAD ./Drivers/STM32F1xx_HAL_Driver/Src/stm32f1xx_hal_gpio.o
LOAD ./Drivers/STM32F1xx_HAL_Driver/Src/stm32f1xx_hal_gpio_ex.o
LOAD ./Drivers/STM32F1xx_HAL_Driver/Src/stm32f1xx_hal_pwr.o
LOAD ./Drivers/STM32F1xx_HAL_Driver/Src/stm32f1xx_hal_rcc.o
LOAD ./Drivers/STM32F1xx_HAL_Driver/Src/stm32f1xx_hal_rcc_ex.o
LOAD ./Drivers/STM32F1xx_HAL_Driver/Src/stm32f1xx_hal_tim.o
LOAD ./Drivers/STM32F1xx_HAL_Driver/Src/stm32f1xx_hal_tim_ex.o
LOAD ./Drivers/STM32F1xx_HAL_Driver/Src/stm32f1xx_hal_uart.o
START GROUP
LOAD c:/st/stm32cubeide_1.7.0/stm32cubeide/plugins/com.st.stm32cube.ide.mcu.externaltools.gnu-tools-for-stm32.9-2020-q2-update.win32_2.0.0.202105311346/tools/bin/../lib/gcc/arm-none-eabi/9.3.1/../../../../arm-none-eabi/lib/thumb/v7-m/nofp\libc_nano.a
LOAD c:/st/stm32cubeide_1.7.0/stm32cubeide/plugins/com.st.stm32cube.ide.mcu.externaltools.gnu-tools-for-stm32.9-2020-q2-update.win32_2.0.0.202105311346/tools/bin/../lib/gcc/arm-none-eabi/9.3.1/../../../../arm-none-eabi/lib/thumb/v7-m/nofp\libm.a
END GROUP
START GROUP
LOAD c:/st/stm32cubeide_1.7.0/stm32cubeide/plugins/com.st.stm32cube.ide.mcu.externaltools.gnu-tools-for-stm32.9-2020-q2-update.win32_2.0.0.202105311346/tools/bin/../lib/gcc/arm-none-eabi/9.3.1/thumb/v7-m/nofp\libgcc.a
LOAD c:/st/stm32cubeide_1.7.0/stm32cubeide/plugins/com.st.stm32cube.ide.mcu.externaltools.gnu-tools-for-stm32.9-2020-q2-update.win32_2.0.0.202105311346/tools/bin/../lib/gcc/arm-none-eabi/9.3.1/../../../../arm-none-eabi/lib/thumb/v7-m/nofp\libc_nano.a
END GROUP
START GROUP
LOAD c:/st/stm32cubeide_1.7.0/stm32cubeide/plugins/com.st.stm32cube.ide.mcu.externaltools.gnu-tools-for-stm32.9-2020-q2-update.win32_2.0.0.202105311346/tools/bin/../lib/gcc/arm-none-eabi/9.3.1/thumb/v7-m/nofp\libgcc.a
LOAD c:/st/stm32cubeide_1.7.0/stm32cubeide/plugins/com.st.stm32cube.ide.mcu.externaltools.gnu-tools-for-stm32.9-2020-q2-update.win32_2.0.0.202105311346/tools/bin/../lib/gcc/arm-none-eabi/9.3.1/../../../../arm-none-eabi/lib/thumb/v7-m/nofp\libc_nano.a
LOAD c:/st/stm32cubeide_1.7.0/stm32cubeide/plugins/com.st.stm32cube.ide.mcu.externaltools.gnu-tools-for-stm32.9-2020-q2-update.win32_2.0.0.202105311346/tools/bin/../lib/gcc/arm-none-eabi/9.3.1/../../../../arm-none-eabi/lib/thumb/v7-m/nofp\libnosys.a
END GROUP
START GROUP
LOAD c:/st/stm32cubeide_1.7.0/stm32cubeide/plugins/com.st.stm32cube.ide.mcu.externaltools.gnu-tools-for-stm32.9-2020-q2-update.win32_2.0.0.202105311346/tools/bin/../lib/gcc/arm-none-eabi/9.3.1/thumb/v7-m/nofp\libgcc.a
LOAD c:/st/stm32cubeide_1.7.0/stm32cubeide/plugins/com.st.stm32cube.ide.mcu.externaltools.gnu-tools-for-stm32.9-2020-q2-update.win32_2.0.0.202105311346/tools/bin/../lib/gcc/arm-none-eabi/9.3.1/../../../../arm-none-eabi/lib/thumb/v7-m/nofp\libc_nano.a
LOAD c:/st/stm32cubeide_1.7.0/stm32cubeide/plugins/com.st.stm32cube.ide.mcu.externaltools.gnu-tools-for-stm32.9-2020-q2-update.win32_2.0.0.202105311346/tools/bin/../lib/gcc/arm-none-eabi/9.3.1/../../../../arm-none-eabi/lib/thumb/v7-m/nofp\libnosys.a
END GROUP
LOAD c:/st/stm32cubeide_1.7.0/stm32cubeide/plugins/com.st.stm32cube.ide.mcu.externaltools.gnu-tools-for-stm32.9-2020-q2-update.win32_2.0.0.202105311346/tools/bin/../lib/gcc/arm-none-eabi/9.3.1/thumb/v7-m/nofp/crtend.o
LOAD c:/st/stm32cubeide_1.7.0/stm32cubeide/plugins/com.st.stm32cube.ide.mcu.externaltools.gnu-tools-for-stm32.9-2020-q2-update.win32_2.0.0.202105311346/tools/bin/../lib/gcc/arm-none-eabi/9.3.1/thumb/v7-m/nofp/crtn.o
                0x0000000020005000                _estack = (ORIGIN (RAM) + LENGTH (RAM))
                0x0000000000000200                _Min_Heap_Size = 0x200
                0x0000000000000400                _Min_Stack_Size = 0x400

.isr_vector     0x0000000008000000      0x10c
                0x0000000008000000                . = ALIGN (0x4)
 *(.isr_vector)
 .isr_vector    0x0000000008000000      0x10c ./Core/Startup/startup_stm32f103rbtx.o
                0x0000000008000000                g_pfnVectors
                0x000000000800010c                . = ALIGN (0x4)

.text           0x000000000800010c     0x37b8
                0x000000000800010c                . = ALIGN (0x4)
 *(.text)
 .text          0x000000000800010c       0x40 c:/st/stm32cubeide_1.7.0/stm32cubeide/plugins/com.st.stm32cube.ide.mcu.externaltools.gnu-tools-for-stm32.9-2020-q2-update.win32_2.0.0.202105311346/tools/bin/../lib/gcc/arm-none-eabi/9.3.1/thumb/v7-m/nofp/crtbegin.o
 *(.text*)
 .text.updateDisplay
                0x000000000800014c       0x48 ./Core/Src/displayUart.o
                0x000000000800014c                updateDisplay
 .text.WhichButtonIsPressed
                0x0000000008000194       0x3a ./Core/Src/input_processing.o
                0x0000000008000194                WhichButtonIsPressed
 *fill*         0x00000000080001ce        0x2 
 .text.clear_vertical
                0x00000000080001d0       0x24 ./Core/Src/input_processing.o
                0x00000000080001d0                clear_vertical
 .text.clear_horizontal
                0x00000000080001f4       0x24 ./Core/Src/input_processing.o
                0x00000000080001f4                clear_horizontal
 .text.vertical_processing
                0x0000000008000218       0x7c ./Core/Src/input_processing.o
                0x0000000008000218                vertical_processing
 .text.horizontal_processing
                0x0000000008000294       0x74 ./Core/Src/input_processing.o
                0x0000000008000294                horizontal_processing
 .text.state_update
                0x0000000008000308       0xa4 ./Core/Src/input_processing.o
                0x0000000008000308                state_update
 .text.check_state
                0x00000000080003ac       0x30 ./Core/Src/input_processing.o
                0x00000000080003ac                check_state
 .text.update_clock
                0x00000000080003dc       0x40 ./Core/Src/input_processing.o
                0x00000000080003dc                update_clock
 .text.reset    0x000000000800041c       0x58 ./Core/Src/input_processing.o
                0x000000000800041c                reset
 .text.restart  0x0000000008000474       0x18 ./Core/Src/input_processing.o
                0x0000000008000474                restart
 .text.confirm_action
                0x000000000800048c       0x80 ./Core/Src/input_processing.o
                0x000000000800048c                confirm_action
 .text.state_handle
                0x000000000800050c       0xac ./Core/Src/input_processing.o
                0x000000000800050c                state_handle
 .text.traffic_processing
                0x00000000080005b8       0x78 ./Core/Src/input_processing.o
                0x00000000080005b8                traffic_processing
 .text.input_processing
                0x0000000008000630       0xb0 ./Core/Src/input_processing.o
                0x0000000008000630                input_processing
 .text.fsm_simple_button_run
                0x00000000080006e0       0x40 ./Core/Src/input_processing.o
                0x00000000080006e0                fsm_simple_button_run
 .text.is_button_pressed
                0x0000000008000720       0x34 ./Core/Src/input_reading.o
                0x0000000008000720                is_button_pressed
 .text.main     0x0000000008000754       0x48 ./Core/Src/main.o
                0x0000000008000754                main
 .text.SystemClock_Config
                0x000000000800079c       0x82 ./Core/Src/main.o
                0x000000000800079c                SystemClock_Config
 *fill*         0x000000000800081e        0x2 
 .text.MX_TIM2_Init
                0x0000000008000820       0x98 ./Core/Src/main.o
 .text.MX_TIM3_Init
                0x00000000080008b8       0xec ./Core/Src/main.o
 .text.MX_USART2_UART_Init
                0x00000000080009a4       0x54 ./Core/Src/main.o
 .text.MX_GPIO_Init
                0x00000000080009f8      0x128 ./Core/Src/main.o
 .text.HAL_TIM_PeriodElapsedCallback
                0x0000000008000b20       0x22 ./Core/Src/main.o
                0x0000000008000b20                HAL_TIM_PeriodElapsedCallback
 .text.HAL_GPIO_EXTI_Callback
                0x0000000008000b42       0x14 ./Core/Src/main.o
                0x0000000008000b42                HAL_GPIO_EXTI_Callback
 .text.Error_Handler
                0x0000000008000b56        0xa ./Core/Src/main.o
                0x0000000008000b56                Error_Handler
 .text.SCH_Update
                0x0000000008000b60       0xac ./Core/Src/scheduler.o
                0x0000000008000b60                SCH_Update
 .text.find_new_min_task
                0x0000000008000c0c       0x94 ./Core/Src/scheduler.o
                0x0000000008000c0c                find_new_min_task
 .text.setTimer2
                0x0000000008000ca0       0x34 ./Core/Src/software_timer.o
                0x0000000008000ca0                setTimer2
 .text.timerRun
                0x0000000008000cd4       0xd4 ./Core/Src/software_timer.o
                0x0000000008000cd4                timerRun
 .text.HAL_MspInit
                0x0000000008000da8       0x64 ./Core/Src/stm32f1xx_hal_msp.o
                0x0000000008000da8                HAL_MspInit
 .text.HAL_TIM_Base_MspInit
                0x0000000008000e0c       0x80 ./Core/Src/stm32f1xx_hal_msp.o
                0x0000000008000e0c                HAL_TIM_Base_MspInit
 .text.HAL_TIM_MspPostInit
                0x0000000008000e8c       0x64 ./Core/Src/stm32f1xx_hal_msp.o
                0x0000000008000e8c                HAL_TIM_MspPostInit
 .text.HAL_UART_MspInit
                0x0000000008000ef0       0x7c ./Core/Src/stm32f1xx_hal_msp.o
                0x0000000008000ef0                HAL_UART_MspInit
 .text.NMI_Handler
                0x0000000008000f6c        0x6 ./Core/Src/stm32f1xx_it.o
                0x0000000008000f6c                NMI_Handler
 .text.HardFault_Handler
                0x0000000008000f72        0x6 ./Core/Src/stm32f1xx_it.o
                0x0000000008000f72                HardFault_Handler
 .text.MemManage_Handler
                0x0000000008000f78        0x6 ./Core/Src/stm32f1xx_it.o
                0x0000000008000f78                MemManage_Handler
 .text.BusFault_Handler
                0x0000000008000f7e        0x6 ./Core/Src/stm32f1xx_it.o
                0x0000000008000f7e                BusFault_Handler
 .text.UsageFault_Handler
                0x0000000008000f84        0x6 ./Core/Src/stm32f1xx_it.o
                0x0000000008000f84                UsageFault_Handler
 .text.SVC_Handler
                0x0000000008000f8a        0xc ./Core/Src/stm32f1xx_it.o
                0x0000000008000f8a                SVC_Handler
 .text.DebugMon_Handler
                0x0000000008000f96        0xc ./Core/Src/stm32f1xx_it.o
                0x0000000008000f96                DebugMon_Handler
 .text.PendSV_Handler
                0x0000000008000fa2        0xc ./Core/Src/stm32f1xx_it.o
                0x0000000008000fa2                PendSV_Handler
 .text.SysTick_Handler
                0x0000000008000fae        0xc ./Core/Src/stm32f1xx_it.o
                0x0000000008000fae                SysTick_Handler
 *fill*         0x0000000008000fba        0x2 
 .text.TIM2_IRQHandler
                0x0000000008000fbc       0x14 ./Core/Src/stm32f1xx_it.o
                0x0000000008000fbc                TIM2_IRQHandler
 .text.TIM3_IRQHandler
                0x0000000008000fd0       0x14 ./Core/Src/stm32f1xx_it.o
                0x0000000008000fd0                TIM3_IRQHandler
 .text.EXTI15_10_IRQHandler
                0x0000000008000fe4       0x10 ./Core/Src/stm32f1xx_it.o
                0x0000000008000fe4                EXTI15_10_IRQHandler
 .text._sbrk    0x0000000008000ff4       0x6c ./Core/Src/sysmem.o
                0x0000000008000ff4                _sbrk
 .text.SystemInit
                0x0000000008001060        0xc ./Core/Src/system_stm32f1xx.o
                0x0000000008001060                SystemInit
 .text.Reset_Handler
                0x000000000800106c       0x48 ./Core/Startup/startup_stm32f103rbtx.o
                0x000000000800106c                Reset_Handler
 .text.Default_Handler
                0x00000000080010b4        0x2 ./Core/Startup/startup_stm32f103rbtx.o
                0x00000000080010b4                RTC_Alarm_IRQHandler
                0x00000000080010b4                EXTI2_IRQHandler
                0x00000000080010b4                TIM1_CC_IRQHandler
                0x00000000080010b4                PVD_IRQHandler
                0x00000000080010b4                EXTI3_IRQHandler
                0x00000000080010b4                EXTI0_IRQHandler
                0x00000000080010b4                I2C2_EV_IRQHandler
                0x00000000080010b4                ADC1_2_IRQHandler
                0x00000000080010b4                SPI1_IRQHandler
                0x00000000080010b4                TAMPER_IRQHandler
                0x00000000080010b4                DMA1_Channel4_IRQHandler
                0x00000000080010b4                USART3_IRQHandler
                0x00000000080010b4                RTC_IRQHandler
                0x00000000080010b4                DMA1_Channel7_IRQHandler
                0x00000000080010b4                CAN1_RX1_IRQHandler
                0x00000000080010b4                TIM4_IRQHandler
                0x00000000080010b4                I2C1_EV_IRQHandler
                0x00000000080010b4                DMA1_Channel6_IRQHandler
                0x00000000080010b4                RCC_IRQHandler
                0x00000000080010b4                TIM1_TRG_COM_IRQHandler
                0x00000000080010b4                DMA1_Channel1_IRQHandler
                0x00000000080010b4                Default_Handler
                0x00000000080010b4                EXTI9_5_IRQHandler
                0x00000000080010b4                SPI2_IRQHandler
                0x00000000080010b4                DMA1_Channel5_IRQHandler
                0x00000000080010b4                EXTI4_IRQHandler
                0x00000000080010b4                USB_LP_CAN1_RX0_IRQHandler
                0x00000000080010b4                USB_HP_CAN1_TX_IRQHandler
                0x00000000080010b4                DMA1_Channel3_IRQHandler
                0x00000000080010b4                TIM1_UP_IRQHandler
                0x00000000080010b4                WWDG_IRQHandler
                0x00000000080010b4                TIM1_BRK_IRQHandler
                0x00000000080010b4                EXTI1_IRQHandler
                0x00000000080010b4                USART2_IRQHandler
                0x00000000080010b4                I2C2_ER_IRQHandler
                0x00000000080010b4                DMA1_Channel2_IRQHandler
                0x00000000080010b4                CAN1_SCE_IRQHandler
                0x00000000080010b4                FLASH_IRQHandler
                0x00000000080010b4                USART1_IRQHandler
                0x00000000080010b4                I2C1_ER_IRQHandler
                0x00000000080010b4                USBWakeUp_IRQHandler
 *fill*         0x00000000080010b6        0x2 
 .text.HAL_Init
                0x00000000080010b8       0x2c ./Drivers/STM32F1xx_HAL_Driver/Src/stm32f1xx_hal.o
                0x00000000080010b8                HAL_Init
 .text.HAL_InitTick
                0x00000000080010e4       0x60 ./Drivers/STM32F1xx_HAL_Driver/Src/stm32f1xx_hal.o
                0x00000000080010e4                HAL_InitTick
 .text.HAL_IncTick
                0x0000000008001144       0x24 ./Drivers/STM32F1xx_HAL_Driver/Src/stm32f1xx_hal.o
                0x0000000008001144                HAL_IncTick
 .text.HAL_GetTick
                0x0000000008001168       0x14 ./Drivers/STM32F1xx_HAL_Driver/Src/stm32f1xx_hal.o
                0x0000000008001168                HAL_GetTick
 .text.__NVIC_SetPriorityGrouping
                0x000000000800117c       0x48 ./Drivers/STM32F1xx_HAL_Driver/Src/stm32f1xx_hal_cortex.o
 .text.__NVIC_GetPriorityGrouping
                0x00000000080011c4       0x1c ./Drivers/STM32F1xx_HAL_Driver/Src/stm32f1xx_hal_cortex.o
 .text.__NVIC_EnableIRQ
                0x00000000080011e0       0x38 ./Drivers/STM32F1xx_HAL_Driver/Src/stm32f1xx_hal_cortex.o
 .text.__NVIC_SetPriority
                0x0000000008001218       0x54 ./Drivers/STM32F1xx_HAL_Driver/Src/stm32f1xx_hal_cortex.o
 .text.NVIC_EncodePriority
                0x000000000800126c       0x64 ./Drivers/STM32F1xx_HAL_Driver/Src/stm32f1xx_hal_cortex.o
 .text.SysTick_Config
                0x00000000080012d0       0x44 ./Drivers/STM32F1xx_HAL_Driver/Src/stm32f1xx_hal_cortex.o
 .text.HAL_NVIC_SetPriorityGrouping
                0x0000000008001314       0x16 ./Drivers/STM32F1xx_HAL_Driver/Src/stm32f1xx_hal_cortex.o
                0x0000000008001314                HAL_NVIC_SetPriorityGrouping
 .text.HAL_NVIC_SetPriority
                0x000000000800132a       0x38 ./Drivers/STM32F1xx_HAL_Driver/Src/stm32f1xx_hal_cortex.o
                0x000000000800132a                HAL_NVIC_SetPriority
 .text.HAL_NVIC_EnableIRQ
                0x0000000008001362       0x1c ./Drivers/STM32F1xx_HAL_Driver/Src/stm32f1xx_hal_cortex.o
                0x0000000008001362                HAL_NVIC_EnableIRQ
 .text.HAL_SYSTICK_Config
                0x000000000800137e       0x18 ./Drivers/STM32F1xx_HAL_Driver/Src/stm32f1xx_hal_cortex.o
                0x000000000800137e                HAL_SYSTICK_Config
 *fill*         0x0000000008001396        0x2 
 .text.HAL_GPIO_Init
                0x0000000008001398      0x308 ./Drivers/STM32F1xx_HAL_Driver/Src/stm32f1xx_hal_gpio.o
                0x0000000008001398                HAL_GPIO_Init
 .text.HAL_GPIO_WritePin
                0x00000000080016a0       0x30 ./Drivers/STM32F1xx_HAL_Driver/Src/stm32f1xx_hal_gpio.o
                0x00000000080016a0                HAL_GPIO_WritePin
 .text.HAL_GPIO_EXTI_IRQHandler
                0x00000000080016d0       0x30 ./Drivers/STM32F1xx_HAL_Driver/Src/stm32f1xx_hal_gpio.o
                0x00000000080016d0                HAL_GPIO_EXTI_IRQHandler
 .text.HAL_RCC_OscConfig
                0x0000000008001700      0x500 ./Drivers/STM32F1xx_HAL_Driver/Src/stm32f1xx_hal_rcc.o
                0x0000000008001700                HAL_RCC_OscConfig
 .text.HAL_RCC_ClockConfig
                0x0000000008001c00      0x1d4 ./Drivers/STM32F1xx_HAL_Driver/Src/stm32f1xx_hal_rcc.o
                0x0000000008001c00                HAL_RCC_ClockConfig
 .text.HAL_RCC_GetSysClockFreq
                0x0000000008001dd4       0xc0 ./Drivers/STM32F1xx_HAL_Driver/Src/stm32f1xx_hal_rcc.o
                0x0000000008001dd4                HAL_RCC_GetSysClockFreq
 .text.HAL_RCC_GetHCLKFreq
                0x0000000008001e94       0x14 ./Drivers/STM32F1xx_HAL_Driver/Src/stm32f1xx_hal_rcc.o
                0x0000000008001e94                HAL_RCC_GetHCLKFreq
 .text.HAL_RCC_GetPCLK1Freq
                0x0000000008001ea8       0x28 ./Drivers/STM32F1xx_HAL_Driver/Src/stm32f1xx_hal_rcc.o
                0x0000000008001ea8                HAL_RCC_GetPCLK1Freq
 .text.HAL_RCC_GetPCLK2Freq
                0x0000000008001ed0       0x28 ./Drivers/STM32F1xx_HAL_Driver/Src/stm32f1xx_hal_rcc.o
                0x0000000008001ed0                HAL_RCC_GetPCLK2Freq
 .text.RCC_Delay
                0x0000000008001ef8       0x3c ./Drivers/STM32F1xx_HAL_Driver/Src/stm32f1xx_hal_rcc.o
 .text.HAL_TIM_Base_Init
                0x0000000008001f34       0x9e ./Drivers/STM32F1xx_HAL_Driver/Src/stm32f1xx_hal_tim.o
                0x0000000008001f34                HAL_TIM_Base_Init
 *fill*         0x0000000008001fd2        0x2 
 .text.HAL_TIM_Base_Start_IT
                0x0000000008001fd4       0xa4 ./Drivers/STM32F1xx_HAL_Driver/Src/stm32f1xx_hal_tim.o
                0x0000000008001fd4                HAL_TIM_Base_Start_IT
 .text.HAL_TIM_PWM_Init
                0x0000000008002078       0x9e ./Drivers/STM32F1xx_HAL_Driver/Src/stm32f1xx_hal_tim.o
                0x0000000008002078                HAL_TIM_PWM_Init
 .text.HAL_TIM_PWM_MspInit
                0x0000000008002116       0x12 ./Drivers/STM32F1xx_HAL_Driver/Src/stm32f1xx_hal_tim.o
                0x0000000008002116                HAL_TIM_PWM_MspInit
 .text.HAL_TIM_IRQHandler
                0x0000000008002128      0x210 ./Drivers/STM32F1xx_HAL_Driver/Src/stm32f1xx_hal_tim.o
                0x0000000008002128                HAL_TIM_IRQHandler
 .text.HAL_TIM_PWM_ConfigChannel
                0x0000000008002338      0x17c ./Drivers/STM32F1xx_HAL_Driver/Src/stm32f1xx_hal_tim.o
                0x0000000008002338                HAL_TIM_PWM_ConfigChannel
 .text.HAL_TIM_ConfigClockSource
                0x00000000080024b4      0x188 ./Drivers/STM32F1xx_HAL_Driver/Src/stm32f1xx_hal_tim.o
                0x00000000080024b4                HAL_TIM_ConfigClockSource
 .text.HAL_TIM_OC_DelayElapsedCallback
                0x000000000800263c       0x12 ./Drivers/STM32F1xx_HAL_Driver/Src/stm32f1xx_hal_tim.o
                0x000000000800263c                HAL_TIM_OC_DelayElapsedCallback
 .text.HAL_TIM_IC_CaptureCallback
                0x000000000800264e       0x12 ./Drivers/STM32F1xx_HAL_Driver/Src/stm32f1xx_hal_tim.o
                0x000000000800264e                HAL_TIM_IC_CaptureCallback
 .text.HAL_TIM_PWM_PulseFinishedCallback
                0x0000000008002660       0x12 ./Drivers/STM32F1xx_HAL_Driver/Src/stm32f1xx_hal_tim.o
                0x0000000008002660                HAL_TIM_PWM_PulseFinishedCallback
 .text.HAL_TIM_TriggerCallback
                0x0000000008002672       0x12 ./Drivers/STM32F1xx_HAL_Driver/Src/stm32f1xx_hal_tim.o
                0x0000000008002672                HAL_TIM_TriggerCallback
 .text.TIM_Base_SetConfig
                0x0000000008002684       0xc4 ./Drivers/STM32F1xx_HAL_Driver/Src/stm32f1xx_hal_tim.o
                0x0000000008002684                TIM_Base_SetConfig
 .text.TIM_OC1_SetConfig
                0x0000000008002748       0xcc ./Drivers/STM32F1xx_HAL_Driver/Src/stm32f1xx_hal_tim.o
 .text.TIM_OC2_SetConfig
                0x0000000008002814       0xd4 ./Drivers/STM32F1xx_HAL_Driver/Src/stm32f1xx_hal_tim.o
                0x0000000008002814                TIM_OC2_SetConfig
 .text.TIM_OC3_SetConfig
                0x00000000080028e8       0xd4 ./Drivers/STM32F1xx_HAL_Driver/Src/stm32f1xx_hal_tim.o
 .text.TIM_OC4_SetConfig
                0x00000000080029bc       0x9c ./Drivers/STM32F1xx_HAL_Driver/Src/stm32f1xx_hal_tim.o
 .text.TIM_TI1_ConfigInputStage
                0x0000000008002a58       0x5c ./Drivers/STM32F1xx_HAL_Driver/Src/stm32f1xx_hal_tim.o
 .text.TIM_TI2_ConfigInputStage
                0x0000000008002ab4       0x5e ./Drivers/STM32F1xx_HAL_Driver/Src/stm32f1xx_hal_tim.o
 .text.TIM_ITRx_SetConfig
                0x0000000008002b12       0x34 ./Drivers/STM32F1xx_HAL_Driver/Src/stm32f1xx_hal_tim.o
 .text.TIM_ETR_SetConfig
                0x0000000008002b46       0x3e ./Drivers/STM32F1xx_HAL_Driver/Src/stm32f1xx_hal_tim.o
                0x0000000008002b46                TIM_ETR_SetConfig
 .text.HAL_TIMEx_MasterConfigSynchronization
                0x0000000008002b84       0xbc ./Drivers/STM32F1xx_HAL_Driver/Src/stm32f1xx_hal_tim_ex.o
                0x0000000008002b84                HAL_TIMEx_MasterConfigSynchronization
 .text.HAL_TIMEx_CommutCallback
                0x0000000008002c40       0x12 ./Drivers/STM32F1xx_HAL_Driver/Src/stm32f1xx_hal_tim_ex.o
                0x0000000008002c40                HAL_TIMEx_CommutCallback
 .text.HAL_TIMEx_BreakCallback
                0x0000000008002c52       0x12 ./Drivers/STM32F1xx_HAL_Driver/Src/stm32f1xx_hal_tim_ex.o
                0x0000000008002c52                HAL_TIMEx_BreakCallback
 .text.HAL_UART_Init
                0x0000000008002c64       0x9a ./Drivers/STM32F1xx_HAL_Driver/Src/stm32f1xx_hal_uart.o
                0x0000000008002c64                HAL_UART_Init
 .text.HAL_UART_Transmit
                0x0000000008002cfe      0x124 ./Drivers/STM32F1xx_HAL_Driver/Src/stm32f1xx_hal_uart.o
                0x0000000008002cfe                HAL_UART_Transmit
 .text.UART_WaitOnFlagUntilTimeout
                0x0000000008002e22       0x94 ./Drivers/STM32F1xx_HAL_Driver/Src/stm32f1xx_hal_uart.o
 *fill*         0x0000000008002eb6        0x2 
 .text.UART_SetConfig
                0x0000000008002eb8      0x11c ./Drivers/STM32F1xx_HAL_Driver/Src/stm32f1xx_hal_uart.o
 .text.__errno  0x0000000008002fd4        0xc c:/st/stm32cubeide_1.7.0/stm32cubeide/plugins/com.st.stm32cube.ide.mcu.externaltools.gnu-tools-for-stm32.9-2020-q2-update.win32_2.0.0.202105311346/tools/bin/../lib/gcc/arm-none-eabi/9.3.1/../../../../arm-none-eabi/lib/thumb/v7-m/nofp\libc_nano.a(lib_a-errno.o)
                0x0000000008002fd4                __errno
 .text.__libc_init_array
                0x0000000008002fe0       0x48 c:/st/stm32cubeide_1.7.0/stm32cubeide/plugins/com.st.stm32cube.ide.mcu.externaltools.gnu-tools-for-stm32.9-2020-q2-update.win32_2.0.0.202105311346/tools/bin/../lib/gcc/arm-none-eabi/9.3.1/../../../../arm-none-eabi/lib/thumb/v7-m/nofp\libc_nano.a(lib_a-init.o)
                0x0000000008002fe0                __libc_init_array
 .text.memset   0x0000000008003028       0x10 c:/st/stm32cubeide_1.7.0/stm32cubeide/plugins/com.st.stm32cube.ide.mcu.externaltools.gnu-tools-for-stm32.9-2020-q2-update.win32_2.0.0.202105311346/tools/bin/../lib/gcc/arm-none-eabi/9.3.1/../../../../arm-none-eabi/lib/thumb/v7-m/nofp\libc_nano.a(lib_a-memset.o)
                0x0000000008003028                memset
 .text.sprintf  0x0000000008003038       0x40 c:/st/stm32cubeide_1.7.0/stm32cubeide/plugins/com.st.stm32cube.ide.mcu.externaltools.gnu-tools-for-stm32.9-2020-q2-update.win32_2.0.0.202105311346/tools/bin/../lib/gcc/arm-none-eabi/9.3.1/../../../../arm-none-eabi/lib/thumb/v7-m/nofp\libc_nano.a(lib_a-sprintf.o)
                0x0000000008003038                siprintf
                0x0000000008003038                sprintf
 .text.__ssputs_r
                0x0000000008003078       0xb6 c:/st/stm32cubeide_1.7.0/stm32cubeide/plugins/com.st.stm32cube.ide.mcu.externaltools.gnu-tools-for-stm32.9-2020-q2-update.win32_2.0.0.202105311346/tools/bin/../lib/gcc/arm-none-eabi/9.3.1/../../../../arm-none-eabi/lib/thumb/v7-m/nofp\libc_nano.a(lib_a-nano-svfprintf.o)
                0x0000000008003078                __ssputs_r
 *fill*         0x000000000800312e        0x2 
 .text._svfprintf_r
                0x0000000008003130      0x200 c:/st/stm32cubeide_1.7.0/stm32cubeide/plugins/com.st.stm32cube.ide.mcu.externaltools.gnu-tools-for-stm32.9-2020-q2-update.win32_2.0.0.202105311346/tools/bin/../lib/gcc/arm-none-eabi/9.3.1/../../../../arm-none-eabi/lib/thumb/v7-m/nofp\libc_nano.a(lib_a-nano-svfprintf.o)
                0x0000000008003130                _svfiprintf_r
                0x0000000008003130                _svfprintf_r
 .text._printf_common
                0x0000000008003330       0xde c:/st/stm32cubeide_1.7.0/stm32cubeide/plugins/com.st.stm32cube.ide.mcu.externaltools.gnu-tools-for-stm32.9-2020-q2-update.win32_2.0.0.202105311346/tools/bin/../lib/gcc/arm-none-eabi/9.3.1/../../../../arm-none-eabi/lib/thumb/v7-m/nofp\libc_nano.a(lib_a-nano-vfprintf_i.o)
                0x0000000008003330                _printf_common
 *fill*         0x000000000800340e        0x2 
 .text._printf_i
                0x0000000008003410      0x24c c:/st/stm32cubeide_1.7.0/stm32cubeide/plugins/com.st.stm32cube.ide.mcu.externaltools.gnu-tools-for-stm32.9-2020-q2-update.win32_2.0.0.202105311346/tools/bin/../lib/gcc/arm-none-eabi/9.3.1/../../../../arm-none-eabi/lib/thumb/v7-m/nofp\libc_nano.a(lib_a-nano-vfprintf_i.o)
                0x0000000008003410                _printf_i
 .text.memchr   0x000000000800365c       0x1c c:/st/stm32cubeide_1.7.0/stm32cubeide/plugins/com.st.stm32cube.ide.mcu.externaltools.gnu-tools-for-stm32.9-2020-q2-update.win32_2.0.0.202105311346/tools/bin/../lib/gcc/arm-none-eabi/9.3.1/../../../../arm-none-eabi/lib/thumb/v7-m/nofp\libc_nano.a(lib_a-memchr-stub.o)
                0x000000000800365c                memchr
 .text.memcpy   0x0000000008003678       0x1c c:/st/stm32cubeide_1.7.0/stm32cubeide/plugins/com.st.stm32cube.ide.mcu.externaltools.gnu-tools-for-stm32.9-2020-q2-update.win32_2.0.0.202105311346/tools/bin/../lib/gcc/arm-none-eabi/9.3.1/../../../../arm-none-eabi/lib/thumb/v7-m/nofp\libc_nano.a(lib_a-memcpy-stub.o)
                0x0000000008003678                memcpy
 .text.memmove  0x0000000008003694       0x34 c:/st/stm32cubeide_1.7.0/stm32cubeide/plugins/com.st.stm32cube.ide.mcu.externaltools.gnu-tools-for-stm32.9-2020-q2-update.win32_2.0.0.202105311346/tools/bin/../lib/gcc/arm-none-eabi/9.3.1/../../../../arm-none-eabi/lib/thumb/v7-m/nofp\libc_nano.a(lib_a-memmove.o)
                0x0000000008003694                memmove
 .text._free_r  0x00000000080036c8       0x98 c:/st/stm32cubeide_1.7.0/stm32cubeide/plugins/com.st.stm32cube.ide.mcu.externaltools.gnu-tools-for-stm32.9-2020-q2-update.win32_2.0.0.202105311346/tools/bin/../lib/gcc/arm-none-eabi/9.3.1/../../../../arm-none-eabi/lib/thumb/v7-m/nofp\libc_nano.a(lib_a-nano-freer.o)
                0x00000000080036c8                _free_r
 .text._malloc_r
                0x0000000008003760       0xb4 c:/st/stm32cubeide_1.7.0/stm32cubeide/plugins/com.st.stm32cube.ide.mcu.externaltools.gnu-tools-for-stm32.9-2020-q2-update.win32_2.0.0.202105311346/tools/bin/../lib/gcc/arm-none-eabi/9.3.1/../../../../arm-none-eabi/lib/thumb/v7-m/nofp\libc_nano.a(lib_a-nano-mallocr.o)
                0x0000000008003760                _malloc_r
 .text._realloc_r
                0x0000000008003814       0x4c c:/st/stm32cubeide_1.7.0/stm32cubeide/plugins/com.st.stm32cube.ide.mcu.externaltools.gnu-tools-for-stm32.9-2020-q2-update.win32_2.0.0.202105311346/tools/bin/../lib/gcc/arm-none-eabi/9.3.1/../../../../arm-none-eabi/lib/thumb/v7-m/nofp\libc_nano.a(lib_a-nano-reallocr.o)
                0x0000000008003814                _realloc_r
 .text._sbrk_r  0x0000000008003860       0x20 c:/st/stm32cubeide_1.7.0/stm32cubeide/plugins/com.st.stm32cube.ide.mcu.externaltools.gnu-tools-for-stm32.9-2020-q2-update.win32_2.0.0.202105311346/tools/bin/../lib/gcc/arm-none-eabi/9.3.1/../../../../arm-none-eabi/lib/thumb/v7-m/nofp\libc_nano.a(lib_a-sbrkr.o)
                0x0000000008003860                _sbrk_r
 .text.__malloc_lock
                0x0000000008003880        0xc c:/st/stm32cubeide_1.7.0/stm32cubeide/plugins/com.st.stm32cube.ide.mcu.externaltools.gnu-tools-for-stm32.9-2020-q2-update.win32_2.0.0.202105311346/tools/bin/../lib/gcc/arm-none-eabi/9.3.1/../../../../arm-none-eabi/lib/thumb/v7-m/nofp\libc_nano.a(lib_a-mlock.o)
                0x0000000008003880                __malloc_lock
 .text.__malloc_unlock
                0x000000000800388c        0xc c:/st/stm32cubeide_1.7.0/stm32cubeide/plugins/com.st.stm32cube.ide.mcu.externaltools.gnu-tools-for-stm32.9-2020-q2-update.win32_2.0.0.202105311346/tools/bin/../lib/gcc/arm-none-eabi/9.3.1/../../../../arm-none-eabi/lib/thumb/v7-m/nofp\libc_nano.a(lib_a-mlock.o)
                0x000000000800388c                __malloc_unlock
 .text._malloc_usable_size_r
                0x0000000008003898       0x10 c:/st/stm32cubeide_1.7.0/stm32cubeide/plugins/com.st.stm32cube.ide.mcu.externaltools.gnu-tools-for-stm32.9-2020-q2-update.win32_2.0.0.202105311346/tools/bin/../lib/gcc/arm-none-eabi/9.3.1/../../../../arm-none-eabi/lib/thumb/v7-m/nofp\libc_nano.a(lib_a-nano-msizer.o)
                0x0000000008003898                _malloc_usable_size_r
 .text.__retarget_lock_acquire_recursive
                0x00000000080038a8        0x2 c:/st/stm32cubeide_1.7.0/stm32cubeide/plugins/com.st.stm32cube.ide.mcu.externaltools.gnu-tools-for-stm32.9-2020-q2-update.win32_2.0.0.202105311346/tools/bin/../lib/gcc/arm-none-eabi/9.3.1/../../../../arm-none-eabi/lib/thumb/v7-m/nofp\libc_nano.a(lib_a-lock.o)
                0x00000000080038a8                __retarget_lock_acquire_recursive
 .text.__retarget_lock_release_recursive
                0x00000000080038aa        0x2 c:/st/stm32cubeide_1.7.0/stm32cubeide/plugins/com.st.stm32cube.ide.mcu.externaltools.gnu-tools-for-stm32.9-2020-q2-update.win32_2.0.0.202105311346/tools/bin/../lib/gcc/arm-none-eabi/9.3.1/../../../../arm-none-eabi/lib/thumb/v7-m/nofp\libc_nano.a(lib_a-lock.o)
                0x00000000080038aa                __retarget_lock_release_recursive
 *(.glue_7)
 .glue_7        0x00000000080038ac        0x0 linker stubs
 *(.glue_7t)
 .glue_7t       0x00000000080038ac        0x0 linker stubs
 *(.eh_frame)
 .eh_frame      0x00000000080038ac        0x0 c:/st/stm32cubeide_1.7.0/stm32cubeide/plugins/com.st.stm32cube.ide.mcu.externaltools.gnu-tools-for-stm32.9-2020-q2-update.win32_2.0.0.202105311346/tools/bin/../lib/gcc/arm-none-eabi/9.3.1/thumb/v7-m/nofp/crtbegin.o
 *(.init)
 .init          0x00000000080038ac        0x4 c:/st/stm32cubeide_1.7.0/stm32cubeide/plugins/com.st.stm32cube.ide.mcu.externaltools.gnu-tools-for-stm32.9-2020-q2-update.win32_2.0.0.202105311346/tools/bin/../lib/gcc/arm-none-eabi/9.3.1/thumb/v7-m/nofp/crti.o
                0x00000000080038ac                _init
 .init          0x00000000080038b0        0x8 c:/st/stm32cubeide_1.7.0/stm32cubeide/plugins/com.st.stm32cube.ide.mcu.externaltools.gnu-tools-for-stm32.9-2020-q2-update.win32_2.0.0.202105311346/tools/bin/../lib/gcc/arm-none-eabi/9.3.1/thumb/v7-m/nofp/crtn.o
 *(.fini)
 .fini          0x00000000080038b8        0x4 c:/st/stm32cubeide_1.7.0/stm32cubeide/plugins/com.st.stm32cube.ide.mcu.externaltools.gnu-tools-for-stm32.9-2020-q2-update.win32_2.0.0.202105311346/tools/bin/../lib/gcc/arm-none-eabi/9.3.1/thumb/v7-m/nofp/crti.o
                0x00000000080038b8                _fini
 .fini          0x00000000080038bc        0x8 c:/st/stm32cubeide_1.7.0/stm32cubeide/plugins/com.st.stm32cube.ide.mcu.externaltools.gnu-tools-for-stm32.9-2020-q2-update.win32_2.0.0.202105311346/tools/bin/../lib/gcc/arm-none-eabi/9.3.1/thumb/v7-m/nofp/crtn.o
                0x00000000080038c4                . = ALIGN (0x4)
                0x00000000080038c4                _etext = .

.vfp11_veneer   0x00000000080038c4        0x0
 .vfp11_veneer  0x00000000080038c4        0x0 linker stubs

.v4_bx          0x00000000080038c4        0x0
 .v4_bx         0x00000000080038c4        0x0 linker stubs

.iplt           0x00000000080038c4        0x0
 .iplt          0x00000000080038c4        0x0 c:/st/stm32cubeide_1.7.0/stm32cubeide/plugins/com.st.stm32cube.ide.mcu.externaltools.gnu-tools-for-stm32.9-2020-q2-update.win32_2.0.0.202105311346/tools/bin/../lib/gcc/arm-none-eabi/9.3.1/thumb/v7-m/nofp/crtbegin.o

.rodata         0x00000000080038c4       0x68
                0x00000000080038c4                . = ALIGN (0x4)
 *(.rodata)
 .rodata        0x00000000080038c4        0xc ./Core/Src/displayUart.o
 .rodata        0x00000000080038d0       0x10 ./Drivers/STM32F1xx_HAL_Driver/Src/stm32f1xx_hal_rcc.o
 *(.rodata*)
 .rodata.AHBPrescTable
                0x00000000080038e0       0x10 ./Core/Src/system_stm32f1xx.o
                0x00000000080038e0                AHBPrescTable
 .rodata.APBPrescTable
                0x00000000080038f0        0x8 ./Core/Src/system_stm32f1xx.o
                0x00000000080038f0                APBPrescTable
 .rodata._svfprintf_r.str1.1
                0x00000000080038f8       0x11 c:/st/stm32cubeide_1.7.0/stm32cubeide/plugins/com.st.stm32cube.ide.mcu.externaltools.gnu-tools-for-stm32.9-2020-q2-update.win32_2.0.0.202105311346/tools/bin/../lib/gcc/arm-none-eabi/9.3.1/../../../../arm-none-eabi/lib/thumb/v7-m/nofp\libc_nano.a(lib_a-nano-svfprintf.o)
 .rodata._printf_i.str1.1
                0x0000000008003909       0x22 c:/st/stm32cubeide_1.7.0/stm32cubeide/plugins/com.st.stm32cube.ide.mcu.externaltools.gnu-tools-for-stm32.9-2020-q2-update.win32_2.0.0.202105311346/tools/bin/../lib/gcc/arm-none-eabi/9.3.1/../../../../arm-none-eabi/lib/thumb/v7-m/nofp\libc_nano.a(lib_a-nano-vfprintf_i.o)
                0x000000000800392c                . = ALIGN (0x4)
 *fill*         0x000000000800392b        0x1 

.rel.dyn        0x000000000800392c        0x0
 .rel.iplt      0x000000000800392c        0x0 c:/st/stm32cubeide_1.7.0/stm32cubeide/plugins/com.st.stm32cube.ide.mcu.externaltools.gnu-tools-for-stm32.9-2020-q2-update.win32_2.0.0.202105311346/tools/bin/../lib/gcc/arm-none-eabi/9.3.1/thumb/v7-m/nofp/crtbegin.o

.ARM.extab      0x000000000800392c        0x0
                0x000000000800392c                . = ALIGN (0x4)
 *(.ARM.extab* .gnu.linkonce.armextab.*)
                0x000000000800392c                . = ALIGN (0x4)

.ARM            0x000000000800392c        0x0
                0x000000000800392c                . = ALIGN (0x4)
                0x000000000800392c                __exidx_start = .
 *(.ARM.exidx*)
                0x000000000800392c                __exidx_end = .
                0x000000000800392c                . = ALIGN (0x4)

.preinit_array  0x000000000800392c        0x0
                0x000000000800392c                . = ALIGN (0x4)
                0x000000000800392c                PROVIDE (__preinit_array_start = .)
 *(.preinit_array*)
                0x000000000800392c                PROVIDE (__preinit_array_end = .)
                0x000000000800392c                . = ALIGN (0x4)

.init_array     0x000000000800392c        0x4
                0x000000000800392c                . = ALIGN (0x4)
                0x000000000800392c                PROVIDE (__init_array_start = .)
 *(SORT_BY_NAME(.init_array.*))
 *(.init_array*)
 .init_array    0x000000000800392c        0x4 c:/st/stm32cubeide_1.7.0/stm32cubeide/plugins/com.st.stm32cube.ide.mcu.externaltools.gnu-tools-for-stm32.9-2020-q2-update.win32_2.0.0.202105311346/tools/bin/../lib/gcc/arm-none-eabi/9.3.1/thumb/v7-m/nofp/crtbegin.o
                0x0000000008003930                PROVIDE (__init_array_end = .)
                0x0000000008003930                . = ALIGN (0x4)

.fini_array     0x0000000008003930        0x4
                0x0000000008003930                . = ALIGN (0x4)
                [!provide]                        PROVIDE (__fini_array_start = .)
 *(SORT_BY_NAME(.fini_array.*))
 *(.fini_array*)
 .fini_array    0x0000000008003930        0x4 c:/st/stm32cubeide_1.7.0/stm32cubeide/plugins/com.st.stm32cube.ide.mcu.externaltools.gnu-tools-for-stm32.9-2020-q2-update.win32_2.0.0.202105311346/tools/bin/../lib/gcc/arm-none-eabi/9.3.1/thumb/v7-m/nofp/crtbegin.o
                [!provide]                        PROVIDE (__fini_array_end = .)
                0x0000000008003934                . = ALIGN (0x4)
                0x0000000008003934                _sidata = LOADADDR (.data)

.data           0x0000000020000000       0x90 load address 0x0000000008003934
                0x0000000020000000                . = ALIGN (0x4)
                0x0000000020000000                _sdata = .
 *(.data)
 *(.data*)
 .data.CURRENT_STATE
                0x0000000020000000        0x8 ./Core/Src/global.o
                0x0000000020000000                CURRENT_STATE
 .data.SEG7_CLOCK
                0x0000000020000008        0x8 ./Core/Src/global.o
                0x0000000020000008                SEG7_CLOCK
 .data.LED_TIME
                0x0000000020000010        0xc ./Core/Src/global.o
                0x0000000020000010                LED_TIME
 .data.TIMER_CYCLE
                0x000000002000001c        0x4 ./Core/Src/software_timer.o
                0x000000002000001c                TIMER_CYCLE
 .data.SystemCoreClock
                0x0000000020000020        0x4 ./Core/Src/system_stm32f1xx.o
                0x0000000020000020                SystemCoreClock
 .data.uwTickPrio
                0x0000000020000024        0x4 ./Drivers/STM32F1xx_HAL_Driver/Src/stm32f1xx_hal.o
                0x0000000020000024                uwTickPrio
 .data.uwTickFreq
                0x0000000020000028        0x1 ./Drivers/STM32F1xx_HAL_Driver/Src/stm32f1xx_hal.o
                0x0000000020000028                uwTickFreq
 *fill*         0x0000000020000029        0x3 
 .data._impure_ptr
                0x000000002000002c        0x4 c:/st/stm32cubeide_1.7.0/stm32cubeide/plugins/com.st.stm32cube.ide.mcu.externaltools.gnu-tools-for-stm32.9-2020-q2-update.win32_2.0.0.202105311346/tools/bin/../lib/gcc/arm-none-eabi/9.3.1/../../../../arm-none-eabi/lib/thumb/v7-m/nofp\libc_nano.a(lib_a-impure.o)
                0x000000002000002c                _impure_ptr
 .data.impure_data
                0x0000000020000030       0x60 c:/st/stm32cubeide_1.7.0/stm32cubeide/plugins/com.st.stm32cube.ide.mcu.externaltools.gnu-tools-for-stm32.9-2020-q2-update.win32_2.0.0.202105311346/tools/bin/../lib/gcc/arm-none-eabi/9.3.1/../../../../arm-none-eabi/lib/thumb/v7-m/nofp\libc_nano.a(lib_a-impure.o)
 *(.RamFunc)
 *(.RamFunc*)
                0x0000000020000090                . = ALIGN (0x4)
                0x0000000020000090                _edata = .

.igot.plt       0x0000000020000090        0x0 load address 0x00000000080039c4
 .igot.plt      0x0000000020000090        0x0 c:/st/stm32cubeide_1.7.0/stm32cubeide/plugins/com.st.stm32cube.ide.mcu.externaltools.gnu-tools-for-stm32.9-2020-q2-update.win32_2.0.0.202105311346/tools/bin/../lib/gcc/arm-none-eabi/9.3.1/thumb/v7-m/nofp/crtbegin.o
                0x0000000020000090                . = ALIGN (0x4)

.bss            0x0000000020000090      0x4b0 load address 0x00000000080039c4
                0x0000000020000090                _sbss = .
                0x0000000020000090                __bss_start__ = _sbss
 *(.bss)
 .bss           0x0000000020000090       0x1c c:/st/stm32cubeide_1.7.0/stm32cubeide/plugins/com.st.stm32cube.ide.mcu.externaltools.gnu-tools-for-stm32.9-2020-q2-update.win32_2.0.0.202105311346/tools/bin/../lib/gcc/arm-none-eabi/9.3.1/thumb/v7-m/nofp/crtbegin.o
 *(.bss*)
 .bss.status    0x00000000200000ac        0x4 ./Core/Src/global.o
                0x00000000200000ac                status
 .bss.start     0x00000000200000b0        0x4 ./Core/Src/global.o
                0x00000000200000b0                start
 .bss.index_mode
                0x00000000200000b4        0x4 ./Core/Src/global.o
                0x00000000200000b4                index_mode
 .bss.TIMES_INC
                0x00000000200000b8        0x4 ./Core/Src/global.o
                0x00000000200000b8                TIMES_INC
 .bss.buttonState
                0x00000000200000bc        0x1 ./Core/Src/input_processing.o
                0x00000000200000bc                buttonState
 *fill*         0x00000000200000bd        0x3 
 .bss.buttonBuffer
                0x00000000200000c0        0x4 ./Core/Src/input_reading.o
 .bss.current_index_task
                0x00000000200000c4        0x4 ./Core/Src/scheduler.o
                0x00000000200000c4                current_index_task
 .bss.min_index
                0x00000000200000c8        0x4 ./Core/Src/scheduler.o
                0x00000000200000c8                min_index
 .bss.min_delay
                0x00000000200000cc        0x4 ./Core/Src/scheduler.o
                0x00000000200000cc                min_delay
 .bss.timer1_flag
                0x00000000200000d0        0x4 ./Core/Src/software_timer.o
                0x00000000200000d0                timer1_flag
 .bss.timer2_flag
                0x00000000200000d4        0x4 ./Core/Src/software_timer.o
                0x00000000200000d4                timer2_flag
 .bss.timer3_flag
                0x00000000200000d8        0x4 ./Core/Src/software_timer.o
                0x00000000200000d8                timer3_flag
 .bss.timer4_flag
                0x00000000200000dc        0x4 ./Core/Src/software_timer.o
                0x00000000200000dc                timer4_flag
 .bss.timer5_flag
                0x00000000200000e0        0x4 ./Core/Src/software_timer.o
                0x00000000200000e0                timer5_flag
 .bss.timer1_counter
                0x00000000200000e4        0x4 ./Core/Src/software_timer.o
                0x00000000200000e4                timer1_counter
 .bss.timer2_counter
                0x00000000200000e8        0x4 ./Core/Src/software_timer.o
                0x00000000200000e8                timer2_counter
 .bss.timer3_counter
                0x00000000200000ec        0x4 ./Core/Src/software_timer.o
                0x00000000200000ec                timer3_counter
 .bss.timer4_counter
                0x00000000200000f0        0x4 ./Core/Src/software_timer.o
                0x00000000200000f0                timer4_counter
 .bss.timer5_counter
                0x00000000200000f4        0x4 ./Core/Src/software_timer.o
                0x00000000200000f4                timer5_counter
 .bss.__sbrk_heap_end
                0x00000000200000f8        0x4 ./Core/Src/sysmem.o
 .bss.__malloc_free_list
                0x00000000200000fc        0x4 c:/st/stm32cubeide_1.7.0/stm32cubeide/plugins/com.st.stm32cube.ide.mcu.externaltools.gnu-tools-for-stm32.9-2020-q2-update.win32_2.0.0.202105311346/tools/bin/../lib/gcc/arm-none-eabi/9.3.1/../../../../arm-none-eabi/lib/thumb/v7-m/nofp\libc_nano.a(lib_a-nano-mallocr.o)
                0x00000000200000fc                __malloc_free_list
 .bss.__malloc_sbrk_start
                0x0000000020000100        0x4 c:/st/stm32cubeide_1.7.0/stm32cubeide/plugins/com.st.stm32cube.ide.mcu.externaltools.gnu-tools-for-stm32.9-2020-q2-update.win32_2.0.0.202105311346/tools/bin/../lib/gcc/arm-none-eabi/9.3.1/../../../../arm-none-eabi/lib/thumb/v7-m/nofp\libc_nano.a(lib_a-nano-mallocr.o)
                0x0000000020000100                __malloc_sbrk_start
 *(COMMON)
 COMMON         0x0000000020000104       0x32 ./Core/Src/displayUart.o
                0x0000000020000104                str
 *fill*         0x0000000020000136        0x2 
 COMMON         0x0000000020000138       0xd4 ./Core/Src/main.o
                0x0000000020000138                htim3
                0x0000000020000180                htim2
                0x00000000200001c8                huart2
 COMMON         0x000000002000020c      0x320 ./Core/Src/scheduler.o
                0x000000002000020c                SCH_tasks_G
 COMMON         0x000000002000052c        0x4 ./Drivers/STM32F1xx_HAL_Driver/Src/stm32f1xx_hal.o
                0x000000002000052c                uwTick
 COMMON         0x0000000020000530        0x4 c:/st/stm32cubeide_1.7.0/stm32cubeide/plugins/com.st.stm32cube.ide.mcu.externaltools.gnu-tools-for-stm32.9-2020-q2-update.win32_2.0.0.202105311346/tools/bin/../lib/gcc/arm-none-eabi/9.3.1/../../../../arm-none-eabi/lib/thumb/v7-m/nofp\libc_nano.a(lib_a-reent.o)
                0x0000000020000530                errno
 COMMON         0x0000000020000534        0x9 c:/st/stm32cubeide_1.7.0/stm32cubeide/plugins/com.st.stm32cube.ide.mcu.externaltools.gnu-tools-for-stm32.9-2020-q2-update.win32_2.0.0.202105311346/tools/bin/../lib/gcc/arm-none-eabi/9.3.1/../../../../arm-none-eabi/lib/thumb/v7-m/nofp\libc_nano.a(lib_a-lock.o)
                0x0000000020000534                __lock___atexit_recursive_mutex
                0x0000000020000535                __lock___arc4random_mutex
                0x0000000020000536                __lock___env_recursive_mutex
                0x0000000020000537                __lock___sinit_recursive_mutex
                0x0000000020000538                __lock___malloc_recursive_mutex
                0x0000000020000539                __lock___at_quick_exit_mutex
                0x000000002000053a                __lock___dd_hash_mutex
                0x000000002000053b                __lock___tz_mutex
                0x000000002000053c                __lock___sfp_recursive_mutex
                0x0000000020000540                . = ALIGN (0x4)
 *fill*         0x000000002000053d        0x3 
                0x0000000020000540                _ebss = .
                0x0000000020000540                __bss_end__ = _ebss

._user_heap_stack
                0x0000000020000540      0x600 load address 0x00000000080039c4
                0x0000000020000540                . = ALIGN (0x8)
                [!provide]                        PROVIDE (end = .)
                0x0000000020000540                PROVIDE (_end = .)
                0x0000000020000740                . = (. + _Min_Heap_Size)
 *fill*         0x0000000020000540      0x200 
                0x0000000020000b40                . = (. + _Min_Stack_Size)
 *fill*         0x0000000020000740      0x400 
                0x0000000020000b40                . = ALIGN (0x8)

/DISCARD/
 libc.a(*)
 libm.a(*)
 libgcc.a(*)

.ARM.attributes
                0x0000000000000000       0x29
 *(.ARM.attributes)
 .ARM.attributes
                0x0000000000000000       0x1d c:/st/stm32cubeide_1.7.0/stm32cubeide/plugins/com.st.stm32cube.ide.mcu.externaltools.gnu-tools-for-stm32.9-2020-q2-update.win32_2.0.0.202105311346/tools/bin/../lib/gcc/arm-none-eabi/9.3.1/thumb/v7-m/nofp/crti.o
 .ARM.attributes
                0x000000000000001d       0x2d c:/st/stm32cubeide_1.7.0/stm32cubeide/plugins/com.st.stm32cube.ide.mcu.externaltools.gnu-tools-for-stm32.9-2020-q2-update.win32_2.0.0.202105311346/tools/bin/../lib/gcc/arm-none-eabi/9.3.1/thumb/v7-m/nofp/crtbegin.o
 .ARM.attributes
                0x000000000000004a       0x2d ./Core/Src/displayUart.o
 .ARM.attributes
                0x0000000000000077       0x33 ./Core/Src/global.o
 .ARM.attributes
                0x00000000000000aa       0x2d ./Core/Src/input_processing.o
 .ARM.attributes
                0x00000000000000d7       0x2d ./Core/Src/input_reading.o
 .ARM.attributes
                0x0000000000000104       0x2d ./Core/Src/main.o
 .ARM.attributes
                0x0000000000000131       0x2d ./Core/Src/scheduler.o
 .ARM.attributes
                0x000000000000015e       0x2d ./Core/Src/software_timer.o
 .ARM.attributes
                0x000000000000018b       0x2d ./Core/Src/stm32f1xx_hal_msp.o
 .ARM.attributes
                0x00000000000001b8       0x2d ./Core/Src/stm32f1xx_it.o
 .ARM.attributes
                0x00000000000001e5       0x2d ./Core/Src/sysmem.o
 .ARM.attributes
                0x0000000000000212       0x2d ./Core/Src/system_stm32f1xx.o
 .ARM.attributes
                0x000000000000023f       0x21 ./Core/Startup/startup_stm32f103rbtx.o
 .ARM.attributes
                0x0000000000000260       0x2d ./Drivers/STM32F1xx_HAL_Driver/Src/stm32f1xx_hal.o
 .ARM.attributes
                0x000000000000028d       0x2d ./Drivers/STM32F1xx_HAL_Driver/Src/stm32f1xx_hal_cortex.o
 .ARM.attributes
                0x00000000000002ba       0x2d ./Drivers/STM32F1xx_HAL_Driver/Src/stm32f1xx_hal_gpio.o
 .ARM.attributes
                0x00000000000002e7       0x2d ./Drivers/STM32F1xx_HAL_Driver/Src/stm32f1xx_hal_rcc.o
 .ARM.attributes
                0x0000000000000314       0x2d ./Drivers/STM32F1xx_HAL_Driver/Src/stm32f1xx_hal_tim.o
 .ARM.attributes
                0x0000000000000341       0x2d ./Drivers/STM32F1xx_HAL_Driver/Src/stm32f1xx_hal_tim_ex.o
 .ARM.attributes
                0x000000000000036e       0x2d ./Drivers/STM32F1xx_HAL_Driver/Src/stm32f1xx_hal_uart.o
 .ARM.attributes
                0x000000000000039b       0x2d c:/st/stm32cubeide_1.7.0/stm32cubeide/plugins/com.st.stm32cube.ide.mcu.externaltools.gnu-tools-for-stm32.9-2020-q2-update.win32_2.0.0.202105311346/tools/bin/../lib/gcc/arm-none-eabi/9.3.1/../../../../arm-none-eabi/lib/thumb/v7-m/nofp\libc_nano.a(lib_a-errno.o)
 .ARM.attributes
                0x00000000000003c8       0x2d c:/st/stm32cubeide_1.7.0/stm32cubeide/plugins/com.st.stm32cube.ide.mcu.externaltools.gnu-tools-for-stm32.9-2020-q2-update.win32_2.0.0.202105311346/tools/bin/../lib/gcc/arm-none-eabi/9.3.1/../../../../arm-none-eabi/lib/thumb/v7-m/nofp\libc_nano.a(lib_a-impure.o)
 .ARM.attributes
                0x00000000000003f5       0x2d c:/st/stm32cubeide_1.7.0/stm32cubeide/plugins/com.st.stm32cube.ide.mcu.externaltools.gnu-tools-for-stm32.9-2020-q2-update.win32_2.0.0.202105311346/tools/bin/../lib/gcc/arm-none-eabi/9.3.1/../../../../arm-none-eabi/lib/thumb/v7-m/nofp\libc_nano.a(lib_a-init.o)
 .ARM.attributes
                0x0000000000000422       0x2d c:/st/stm32cubeide_1.7.0/stm32cubeide/plugins/com.st.stm32cube.ide.mcu.externaltools.gnu-tools-for-stm32.9-2020-q2-update.win32_2.0.0.202105311346/tools/bin/../lib/gcc/arm-none-eabi/9.3.1/../../../../arm-none-eabi/lib/thumb/v7-m/nofp\libc_nano.a(lib_a-memset.o)
 .ARM.attributes
                0x000000000000044f       0x2d c:/st/stm32cubeide_1.7.0/stm32cubeide/plugins/com.st.stm32cube.ide.mcu.externaltools.gnu-tools-for-stm32.9-2020-q2-update.win32_2.0.0.202105311346/tools/bin/../lib/gcc/arm-none-eabi/9.3.1/../../../../arm-none-eabi/lib/thumb/v7-m/nofp\libc_nano.a(lib_a-sprintf.o)
 .ARM.attributes
                0x000000000000047c       0x2d c:/st/stm32cubeide_1.7.0/stm32cubeide/plugins/com.st.stm32cube.ide.mcu.externaltools.gnu-tools-for-stm32.9-2020-q2-update.win32_2.0.0.202105311346/tools/bin/../lib/gcc/arm-none-eabi/9.3.1/../../../../arm-none-eabi/lib/thumb/v7-m/nofp\libc_nano.a(lib_a-nano-svfprintf.o)
 .ARM.attributes
                0x00000000000004a9       0x2d c:/st/stm32cubeide_1.7.0/stm32cubeide/plugins/com.st.stm32cube.ide.mcu.externaltools.gnu-tools-for-stm32.9-2020-q2-update.win32_2.0.0.202105311346/tools/bin/../lib/gcc/arm-none-eabi/9.3.1/../../../../arm-none-eabi/lib/thumb/v7-m/nofp\libc_nano.a(lib_a-nano-vfprintf_i.o)
 .ARM.attributes
                0x00000000000004d6       0x2d c:/st/stm32cubeide_1.7.0/stm32cubeide/plugins/com.st.stm32cube.ide.mcu.externaltools.gnu-tools-for-stm32.9-2020-q2-update.win32_2.0.0.202105311346/tools/bin/../lib/gcc/arm-none-eabi/9.3.1/../../../../arm-none-eabi/lib/thumb/v7-m/nofp\libc_nano.a(lib_a-memchr-stub.o)
 .ARM.attributes
                0x0000000000000503       0x2d c:/st/stm32cubeide_1.7.0/stm32cubeide/plugins/com.st.stm32cube.ide.mcu.externaltools.gnu-tools-for-stm32.9-2020-q2-update.win32_2.0.0.202105311346/tools/bin/../lib/gcc/arm-none-eabi/9.3.1/../../../../arm-none-eabi/lib/thumb/v7-m/nofp\libc_nano.a(lib_a-memcpy-stub.o)
 .ARM.attributes
                0x0000000000000530       0x2d c:/st/stm32cubeide_1.7.0/stm32cubeide/plugins/com.st.stm32cube.ide.mcu.externaltools.gnu-tools-for-stm32.9-2020-q2-update.win32_2.0.0.202105311346/tools/bin/../lib/gcc/arm-none-eabi/9.3.1/../../../../arm-none-eabi/lib/thumb/v7-m/nofp\libc_nano.a(lib_a-memmove.o)
 .ARM.attributes
                0x000000000000055d       0x2d c:/st/stm32cubeide_1.7.0/stm32cubeide/plugins/com.st.stm32cube.ide.mcu.externaltools.gnu-tools-for-stm32.9-2020-q2-update.win32_2.0.0.202105311346/tools/bin/../lib/gcc/arm-none-eabi/9.3.1/../../../../arm-none-eabi/lib/thumb/v7-m/nofp\libc_nano.a(lib_a-nano-freer.o)
 .ARM.attributes
                0x000000000000058a       0x2d c:/st/stm32cubeide_1.7.0/stm32cubeide/plugins/com.st.stm32cube.ide.mcu.externaltools.gnu-tools-for-stm32.9-2020-q2-update.win32_2.0.0.202105311346/tools/bin/../lib/gcc/arm-none-eabi/9.3.1/../../../../arm-none-eabi/lib/thumb/v7-m/nofp\libc_nano.a(lib_a-nano-mallocr.o)
 .ARM.attributes
                0x00000000000005b7       0x2d c:/st/stm32cubeide_1.7.0/stm32cubeide/plugins/com.st.stm32cube.ide.mcu.externaltools.gnu-tools-for-stm32.9-2020-q2-update.win32_2.0.0.202105311346/tools/bin/../lib/gcc/arm-none-eabi/9.3.1/../../../../arm-none-eabi/lib/thumb/v7-m/nofp\libc_nano.a(lib_a-nano-reallocr.o)
 .ARM.attributes
                0x00000000000005e4       0x2d c:/st/stm32cubeide_1.7.0/stm32cubeide/plugins/com.st.stm32cube.ide.mcu.externaltools.gnu-tools-for-stm32.9-2020-q2-update.win32_2.0.0.202105311346/tools/bin/../lib/gcc/arm-none-eabi/9.3.1/../../../../arm-none-eabi/lib/thumb/v7-m/nofp\libc_nano.a(lib_a-sbrkr.o)
 .ARM.attributes
                0x0000000000000611       0x2d c:/st/stm32cubeide_1.7.0/stm32cubeide/plugins/com.st.stm32cube.ide.mcu.externaltools.gnu-tools-for-stm32.9-2020-q2-update.win32_2.0.0.202105311346/tools/bin/../lib/gcc/arm-none-eabi/9.3.1/../../../../arm-none-eabi/lib/thumb/v7-m/nofp\libc_nano.a(lib_a-mlock.o)
 .ARM.attributes
                0x000000000000063e       0x2d c:/st/stm32cubeide_1.7.0/stm32cubeide/plugins/com.st.stm32cube.ide.mcu.externaltools.gnu-tools-for-stm32.9-2020-q2-update.win32_2.0.0.202105311346/tools/bin/../lib/gcc/arm-none-eabi/9.3.1/../../../../arm-none-eabi/lib/thumb/v7-m/nofp\libc_nano.a(lib_a-nano-msizer.o)
 .ARM.attributes
                0x000000000000066b       0x2d c:/st/stm32cubeide_1.7.0/stm32cubeide/plugins/com.st.stm32cube.ide.mcu.externaltools.gnu-tools-for-stm32.9-2020-q2-update.win32_2.0.0.202105311346/tools/bin/../lib/gcc/arm-none-eabi/9.3.1/../../../../arm-none-eabi/lib/thumb/v7-m/nofp\libc_nano.a(lib_a-reent.o)
 .ARM.attributes
                0x0000000000000698       0x2d c:/st/stm32cubeide_1.7.0/stm32cubeide/plugins/com.st.stm32cube.ide.mcu.externaltools.gnu-tools-for-stm32.9-2020-q2-update.win32_2.0.0.202105311346/tools/bin/../lib/gcc/arm-none-eabi/9.3.1/../../../../arm-none-eabi/lib/thumb/v7-m/nofp\libc_nano.a(lib_a-lock.o)
 .ARM.attributes
                0x00000000000006c5       0x1d c:/st/stm32cubeide_1.7.0/stm32cubeide/plugins/com.st.stm32cube.ide.mcu.externaltools.gnu-tools-for-stm32.9-2020-q2-update.win32_2.0.0.202105311346/tools/bin/../lib/gcc/arm-none-eabi/9.3.1/thumb/v7-m/nofp/crtn.o
OUTPUT(Final_Project_PWM.elf elf32-littlearm)
LOAD linker stubs
LOAD c:/st/stm32cubeide_1.7.0/stm32cubeide/plugins/com.st.stm32cube.ide.mcu.externaltools.gnu-tools-for-stm32.9-2020-q2-update.win32_2.0.0.202105311346/tools/bin/../lib/gcc/arm-none-eabi/9.3.1/../../../../arm-none-eabi/lib/thumb/v7-m/nofp\libc.a
LOAD c:/st/stm32cubeide_1.7.0/stm32cubeide/plugins/com.st.stm32cube.ide.mcu.externaltools.gnu-tools-for-stm32.9-2020-q2-update.win32_2.0.0.202105311346/tools/bin/../lib/gcc/arm-none-eabi/9.3.1/../../../../arm-none-eabi/lib/thumb/v7-m/nofp\libm.a
LOAD c:/st/stm32cubeide_1.7.0/stm32cubeide/plugins/com.st.stm32cube.ide.mcu.externaltools.gnu-tools-for-stm32.9-2020-q2-update.win32_2.0.0.202105311346/tools/bin/../lib/gcc/arm-none-eabi/9.3.1/thumb/v7-m/nofp\libgcc.a

.debug_info     0x0000000000000000     0xe2a5
 .debug_info    0x0000000000000000     0x1000 ./Core/Src/displayUart.o
 .debug_info    0x0000000000001000      0x394 ./Core/Src/global.o
 .debug_info    0x0000000000001394      0x51e ./Core/Src/input_processing.o
 .debug_info    0x00000000000018b2      0x4e7 ./Core/Src/input_reading.o
 .debug_info    0x0000000000001d99     0x1ab4 ./Core/Src/main.o
 .debug_info    0x000000000000384d      0xcf9 ./Core/Src/scheduler.o
 .debug_info    0x0000000000004546      0x21d ./Core/Src/software_timer.o
 .debug_info    0x0000000000004763      0xe38 ./Core/Src/stm32f1xx_hal_msp.o
 .debug_info    0x000000000000559b      0x7fc ./Core/Src/stm32f1xx_it.o
 .debug_info    0x0000000000005d97      0xa25 ./Core/Src/sysmem.o
 .debug_info    0x00000000000067bc      0x2be ./Core/Src/system_stm32f1xx.o
 .debug_info    0x0000000000006a7a       0x22 ./Core/Startup/startup_stm32f103rbtx.o
 .debug_info    0x0000000000006a9c      0x76a ./Drivers/STM32F1xx_HAL_Driver/Src/stm32f1xx_hal.o
 .debug_info    0x0000000000007206      0xbdc ./Drivers/STM32F1xx_HAL_Driver/Src/stm32f1xx_hal_cortex.o
 .debug_info    0x0000000000007de2      0x701 ./Drivers/STM32F1xx_HAL_Driver/Src/stm32f1xx_hal_gpio.o
 .debug_info    0x00000000000084e3      0x88e ./Drivers/STM32F1xx_HAL_Driver/Src/stm32f1xx_hal_rcc.o
 .debug_info    0x0000000000008d71     0x2a45 ./Drivers/STM32F1xx_HAL_Driver/Src/stm32f1xx_hal_tim.o
 .debug_info    0x000000000000b7b6     0x14d5 ./Drivers/STM32F1xx_HAL_Driver/Src/stm32f1xx_hal_tim_ex.o
 .debug_info    0x000000000000cc8b     0x161a ./Drivers/STM32F1xx_HAL_Driver/Src/stm32f1xx_hal_uart.o

.debug_abbrev   0x0000000000000000     0x22d5
 .debug_abbrev  0x0000000000000000      0x1d7 ./Core/Src/displayUart.o
 .debug_abbrev  0x00000000000001d7       0xa9 ./Core/Src/global.o
 .debug_abbrev  0x0000000000000280      0x18e ./Core/Src/input_processing.o
 .debug_abbrev  0x000000000000040e      0x15b ./Core/Src/input_reading.o
 .debug_abbrev  0x0000000000000569      0x332 ./Core/Src/main.o
 .debug_abbrev  0x000000000000089b      0x27d ./Core/Src/scheduler.o
 .debug_abbrev  0x0000000000000b18       0xb6 ./Core/Src/software_timer.o
 .debug_abbrev  0x0000000000000bce      0x1c8 ./Core/Src/stm32f1xx_hal_msp.o
 .debug_abbrev  0x0000000000000d96      0x176 ./Core/Src/stm32f1xx_it.o
 .debug_abbrev  0x0000000000000f0c      0x1bf ./Core/Src/sysmem.o
 .debug_abbrev  0x00000000000010cb      0x14e ./Core/Src/system_stm32f1xx.o
 .debug_abbrev  0x0000000000001219       0x12 ./Core/Startup/startup_stm32f103rbtx.o
 .debug_abbrev  0x000000000000122b      0x1ed ./Drivers/STM32F1xx_HAL_Driver/Src/stm32f1xx_hal.o
 .debug_abbrev  0x0000000000001418      0x313 ./Drivers/STM32F1xx_HAL_Driver/Src/stm32f1xx_hal_cortex.o
 .debug_abbrev  0x000000000000172b      0x1e8 ./Drivers/STM32F1xx_HAL_Driver/Src/stm32f1xx_hal_gpio.o
 .debug_abbrev  0x0000000000001913      0x273 ./Drivers/STM32F1xx_HAL_Driver/Src/stm32f1xx_hal_rcc.o
 .debug_abbrev  0x0000000000001b86      0x25e ./Drivers/STM32F1xx_HAL_Driver/Src/stm32f1xx_hal_tim.o
 .debug_abbrev  0x0000000000001de4      0x266 ./Drivers/STM32F1xx_HAL_Driver/Src/stm32f1xx_hal_tim_ex.o
 .debug_abbrev  0x000000000000204a      0x28b ./Drivers/STM32F1xx_HAL_Driver/Src/stm32f1xx_hal_uart.o

.debug_aranges  0x0000000000000000      0xd48
 .debug_aranges
                0x0000000000000000       0x20 ./Core/Src/displayUart.o
 .debug_aranges
                0x0000000000000020       0x18 ./Core/Src/global.o
 .debug_aranges
                0x0000000000000038       0x90 ./Core/Src/input_processing.o
 .debug_aranges
                0x00000000000000c8       0x38 ./Core/Src/input_reading.o
 .debug_aranges
                0x0000000000000100       0x68 ./Core/Src/main.o
 .debug_aranges
                0x0000000000000168       0x60 ./Core/Src/scheduler.o
 .debug_aranges
                0x00000000000001c8       0x50 ./Core/Src/software_timer.o
 .debug_aranges
                0x0000000000000218       0x48 ./Core/Src/stm32f1xx_hal_msp.o
 .debug_aranges
                0x0000000000000260       0x78 ./Core/Src/stm32f1xx_it.o
 .debug_aranges
                0x00000000000002d8       0x20 ./Core/Src/sysmem.o
 .debug_aranges
                0x00000000000002f8       0x28 ./Core/Src/system_stm32f1xx.o
 .debug_aranges
                0x0000000000000320       0x28 ./Core/Startup/startup_stm32f103rbtx.o
 .debug_aranges
                0x0000000000000348       0xe0 ./Drivers/STM32F1xx_HAL_Driver/Src/stm32f1xx_hal.o
 .debug_aranges
                0x0000000000000428      0x100 ./Drivers/STM32F1xx_HAL_Driver/Src/stm32f1xx_hal_cortex.o
 .debug_aranges
                0x0000000000000528       0x58 ./Drivers/STM32F1xx_HAL_Driver/Src/stm32f1xx_hal_gpio.o
 .debug_aranges
                0x0000000000000580       0x90 ./Drivers/STM32F1xx_HAL_Driver/Src/stm32f1xx_hal_rcc.o
 .debug_aranges
                0x0000000000000610      0x3d0 ./Drivers/STM32F1xx_HAL_Driver/Src/stm32f1xx_hal_tim.o
 .debug_aranges
                0x00000000000009e0      0x168 ./Drivers/STM32F1xx_HAL_Driver/Src/stm32f1xx_hal_tim_ex.o
 .debug_aranges
                0x0000000000000b48      0x200 ./Drivers/STM32F1xx_HAL_Driver/Src/stm32f1xx_hal_uart.o

.debug_ranges   0x0000000000000000      0xc48
 .debug_ranges  0x0000000000000000       0x10 ./Core/Src/displayUart.o
 .debug_ranges  0x0000000000000010       0x80 ./Core/Src/input_processing.o
 .debug_ranges  0x0000000000000090       0x28 ./Core/Src/input_reading.o
 .debug_ranges  0x00000000000000b8       0x58 ./Core/Src/main.o
 .debug_ranges  0x0000000000000110       0x50 ./Core/Src/scheduler.o
 .debug_ranges  0x0000000000000160       0x40 ./Core/Src/software_timer.o
 .debug_ranges  0x00000000000001a0       0x38 ./Core/Src/stm32f1xx_hal_msp.o
 .debug_ranges  0x00000000000001d8       0x68 ./Core/Src/stm32f1xx_it.o
 .debug_ranges  0x0000000000000240       0x10 ./Core/Src/sysmem.o
 .debug_ranges  0x0000000000000250       0x18 ./Core/Src/system_stm32f1xx.o
 .debug_ranges  0x0000000000000268       0x20 ./Core/Startup/startup_stm32f103rbtx.o
 .debug_ranges  0x0000000000000288       0xd0 ./Drivers/STM32F1xx_HAL_Driver/Src/stm32f1xx_hal.o
 .debug_ranges  0x0000000000000358       0xf0 ./Drivers/STM32F1xx_HAL_Driver/Src/stm32f1xx_hal_cortex.o
 .debug_ranges  0x0000000000000448       0x48 ./Drivers/STM32F1xx_HAL_Driver/Src/stm32f1xx_hal_gpio.o
 .debug_ranges  0x0000000000000490       0x80 ./Drivers/STM32F1xx_HAL_Driver/Src/stm32f1xx_hal_rcc.o
 .debug_ranges  0x0000000000000510      0x3c0 ./Drivers/STM32F1xx_HAL_Driver/Src/stm32f1xx_hal_tim.o
 .debug_ranges  0x00000000000008d0      0x158 ./Drivers/STM32F1xx_HAL_Driver/Src/stm32f1xx_hal_tim_ex.o
 .debug_ranges  0x0000000000000a28      0x220 ./Drivers/STM32F1xx_HAL_Driver/Src/stm32f1xx_hal_uart.o

.debug_macro    0x0000000000000000    0x186ba
 .debug_macro   0x0000000000000000      0x324 ./Core/Src/displayUart.o
 .debug_macro   0x0000000000000324      0xa9c ./Core/Src/displayUart.o
 .debug_macro   0x0000000000000dc0      0x21b ./Core/Src/displayUart.o
 .debug_macro   0x0000000000000fdb       0x2e ./Core/Src/displayUart.o
 .debug_macro   0x0000000000001009       0x22 ./Core/Src/displayUart.o
 .debug_macro   0x000000000000102b       0x22 ./Core/Src/displayUart.o
 .debug_macro   0x000000000000104d       0x8e ./Core/Src/displayUart.o
 .debug_macro   0x00000000000010db       0x51 ./Core/Src/displayUart.o
 .debug_macro   0x000000000000112c      0x103 ./Core/Src/displayUart.o
 .debug_macro   0x000000000000122f       0x6a ./Core/Src/displayUart.o
 .debug_macro   0x0000000000001299      0x1df ./Core/Src/displayUart.o
 .debug_macro   0x0000000000001478       0x1c ./Core/Src/displayUart.o
 .debug_macro   0x0000000000001494       0x22 ./Core/Src/displayUart.o
 .debug_macro   0x00000000000014b6       0xc3 ./Core/Src/displayUart.o
 .debug_macro   0x0000000000001579      0xd23 ./Core/Src/displayUart.o
 .debug_macro   0x000000000000229c     0xe09e ./Core/Src/displayUart.o
 .debug_macro   0x000000000001033a       0x6d ./Core/Src/displayUart.o
 .debug_macro   0x00000000000103a7     0x3468 ./Core/Src/displayUart.o
 .debug_macro   0x000000000001380f      0x174 ./Core/Src/displayUart.o
 .debug_macro   0x0000000000013983       0x5c ./Core/Src/displayUart.o
 .debug_macro   0x00000000000139df      0x5be ./Core/Src/displayUart.o
 .debug_macro   0x0000000000013f9d      0x289 ./Core/Src/displayUart.o
 .debug_macro   0x0000000000014226      0x1cb ./Core/Src/displayUart.o
 .debug_macro   0x00000000000143f1      0x114 ./Core/Src/displayUart.o
 .debug_macro   0x0000000000014505      0x1b2 ./Core/Src/displayUart.o
 .debug_macro   0x00000000000146b7       0x27 ./Core/Src/displayUart.o
 .debug_macro   0x00000000000146de      0x136 ./Core/Src/displayUart.o
 .debug_macro   0x0000000000014814      0x1bc ./Core/Src/displayUart.o
 .debug_macro   0x00000000000149d0       0x34 ./Core/Src/displayUart.o
 .debug_macro   0x0000000000014a04       0x3c ./Core/Src/displayUart.o
 .debug_macro   0x0000000000014a40       0x57 ./Core/Src/displayUart.o
 .debug_macro   0x0000000000014a97       0x88 ./Core/Src/displayUart.o
 .debug_macro   0x0000000000014b1f      0x241 ./Core/Src/displayUart.o
 .debug_macro   0x0000000000014d60      0x141 ./Core/Src/displayUart.o
 .debug_macro   0x0000000000014ea1      0x8d1 ./Core/Src/displayUart.o
 .debug_macro   0x0000000000015772      0x279 ./Core/Src/displayUart.o
 .debug_macro   0x00000000000159eb       0x83 ./Core/Src/displayUart.o
 .debug_macro   0x0000000000015a6e       0xb2 ./Core/Src/displayUart.o
 .debug_macro   0x0000000000015b20      0x13c ./Core/Src/displayUart.o
 .debug_macro   0x0000000000015c5c       0x52 ./Core/Src/displayUart.o
 .debug_macro   0x0000000000015cae       0x18 ./Core/Src/displayUart.o
 .debug_macro   0x0000000000015cc6       0x3c ./Core/Src/displayUart.o
 .debug_macro   0x0000000000015d02       0x34 ./Core/Src/displayUart.o
 .debug_macro   0x0000000000015d36       0x16 ./Core/Src/displayUart.o
 .debug_macro   0x0000000000015d4c       0x35 ./Core/Src/displayUart.o
 .debug_macro   0x0000000000015d81      0x333 ./Core/Src/displayUart.o
 .debug_macro   0x00000000000160b4       0x10 ./Core/Src/displayUart.o
 .debug_macro   0x00000000000160c4       0x16 ./Core/Src/displayUart.o
 .debug_macro   0x00000000000160da       0x43 ./Core/Src/displayUart.o
 .debug_macro   0x000000000001611d       0x34 ./Core/Src/displayUart.o
 .debug_macro   0x0000000000016151       0x10 ./Core/Src/displayUart.o
 .debug_macro   0x0000000000016161       0x58 ./Core/Src/displayUart.o
 .debug_macro   0x00000000000161b9       0x71 ./Core/Src/displayUart.o
 .debug_macro   0x000000000001622a       0x1c ./Core/Src/displayUart.o
 .debug_macro   0x0000000000016246      0x12a ./Core/Src/displayUart.o
 .debug_macro   0x0000000000016370       0x10 ./Core/Src/displayUart.o
 .debug_macro   0x0000000000016380       0x1c ./Core/Src/displayUart.o
 .debug_macro   0x000000000001639c       0x52 ./Core/Src/displayUart.o
 .debug_macro   0x00000000000163ee       0x22 ./Core/Src/displayUart.o
 .debug_macro   0x0000000000016410       0x10 ./Core/Src/displayUart.o
 .debug_macro   0x0000000000016420       0x40 ./Core/Src/displayUart.o
 .debug_macro   0x0000000000016460       0xd5 ./Core/Src/displayUart.o
 .debug_macro   0x0000000000016535       0x1c ./Core/Src/displayUart.o
 .debug_macro   0x0000000000016551       0x3d ./Core/Src/displayUart.o
 .debug_macro   0x000000000001658e       0x16 ./Core/Src/displayUart.o
 .debug_macro   0x00000000000165a4      0x145 ./Core/Src/displayUart.o
 .debug_macro   0x00000000000166e9      0x1bb ./Core/Src/global.o
 .debug_macro   0x00000000000168a4      0x1ff ./Core/Src/input_processing.o
 .debug_macro   0x0000000000016aa3       0x16 ./Core/Src/input_processing.o
 .debug_macro   0x0000000000016ab9       0x2e ./Core/Src/input_processing.o
 .debug_macro   0x0000000000016ae7      0x1ed ./Core/Src/input_reading.o
 .debug_macro   0x0000000000016cd4      0x340 ./Core/Src/main.o
 .debug_macro   0x0000000000017014       0x28 ./Core/Src/main.o
 .debug_macro   0x000000000001703c      0x1df ./Core/Src/scheduler.o
 .debug_macro   0x000000000001721b       0x22 ./Core/Src/scheduler.o
 .debug_macro   0x000000000001723d       0x1a ./Core/Src/software_timer.o
 .debug_macro   0x0000000000017257      0x1b2 ./Core/Src/stm32f1xx_hal_msp.o
 .debug_macro   0x0000000000017409      0x1bc ./Core/Src/stm32f1xx_it.o
 .debug_macro   0x00000000000175c5       0xff ./Core/Src/sysmem.o
 .debug_macro   0x00000000000176c4      0x23b ./Core/Src/sysmem.o
 .debug_macro   0x00000000000178ff      0x1a3 ./Core/Src/system_stm32f1xx.o
 .debug_macro   0x0000000000017aa2      0x1c7 ./Drivers/STM32F1xx_HAL_Driver/Src/stm32f1xx_hal.o
 .debug_macro   0x0000000000017c69      0x1a3 ./Drivers/STM32F1xx_HAL_Driver/Src/stm32f1xx_hal_cortex.o
 .debug_macro   0x0000000000017e0c      0x20e ./Drivers/STM32F1xx_HAL_Driver/Src/stm32f1xx_hal_gpio.o
 .debug_macro   0x000000000001801a      0x1b5 ./Drivers/STM32F1xx_HAL_Driver/Src/stm32f1xx_hal_rcc.o
 .debug_macro   0x00000000000181cf      0x1a4 ./Drivers/STM32F1xx_HAL_Driver/Src/stm32f1xx_hal_tim.o
 .debug_macro   0x0000000000018373      0x1a3 ./Drivers/STM32F1xx_HAL_Driver/Src/stm32f1xx_hal_tim_ex.o
 .debug_macro   0x0000000000018516      0x1a4 ./Drivers/STM32F1xx_HAL_Driver/Src/stm32f1xx_hal_uart.o

.debug_line     0x0000000000000000     0xe005
 .debug_line    0x0000000000000000      0x879 ./Core/Src/displayUart.o
 .debug_line    0x0000000000000879      0x665 ./Core/Src/global.o
 .debug_line    0x0000000000000ede      0xa16 ./Core/Src/input_processing.o
 .debug_line    0x00000000000018f4      0x767 ./Core/Src/input_reading.o
 .debug_line    0x000000000000205b      0xace ./Core/Src/main.o
 .debug_line    0x0000000000002b29      0x7c3 ./Core/Src/scheduler.o
 .debug_line    0x00000000000032ec      0x177 ./Core/Src/software_timer.o
 .debug_line    0x0000000000003463      0x750 ./Core/Src/stm32f1xx_hal_msp.o
 .debug_line    0x0000000000003bb3      0x787 ./Core/Src/stm32f1xx_it.o
 .debug_line    0x000000000000433a      0x4f8 ./Core/Src/sysmem.o
 .debug_line    0x0000000000004832      0x6fb ./Core/Src/system_stm32f1xx.o
 .debug_line    0x0000000000004f2d       0x87 ./Core/Startup/startup_stm32f103rbtx.o
 .debug_line    0x0000000000004fb4      0x928 ./Drivers/STM32F1xx_HAL_Driver/Src/stm32f1xx_hal.o
 .debug_line    0x00000000000058dc      0xb10 ./Drivers/STM32F1xx_HAL_Driver/Src/stm32f1xx_hal_cortex.o
 .debug_line    0x00000000000063ec      0x9bf ./Drivers/STM32F1xx_HAL_Driver/Src/stm32f1xx_hal_gpio.o
 .debug_line    0x0000000000006dab      0xd36 ./Drivers/STM32F1xx_HAL_Driver/Src/stm32f1xx_hal_rcc.o
 .debug_line    0x0000000000007ae1     0x32d1 ./Drivers/STM32F1xx_HAL_Driver/Src/stm32f1xx_hal_tim.o
 .debug_line    0x000000000000adb2     0x1850 ./Drivers/STM32F1xx_HAL_Driver/Src/stm32f1xx_hal_tim_ex.o
 .debug_line    0x000000000000c602     0x1a03 ./Drivers/STM32F1xx_HAL_Driver/Src/stm32f1xx_hal_uart.o

.debug_str      0x0000000000000000    0x8b5d7
 .debug_str     0x0000000000000000    0x87b8d ./Core/Src/displayUart.o
                                      0x87fad (size before relaxing)
 .debug_str     0x0000000000087b8d       0x15 ./Core/Src/global.o
                                      0x83afc (size before relaxing)
 .debug_str     0x0000000000087ba2      0x2d5 ./Core/Src/input_processing.o
                                      0x83e05 (size before relaxing)
 .debug_str     0x0000000000087e77      0x1c4 ./Core/Src/input_reading.o
                                      0x83d1e (size before relaxing)
 .debug_str     0x000000000008803b      0x8d2 ./Core/Src/main.o
                                      0x88a3b (size before relaxing)
 .debug_str     0x000000000008890d      0x14a ./Core/Src/scheduler.o
                                       0x86de (size before relaxing)
 .debug_str     0x0000000000088a57       0xb8 ./Core/Src/software_timer.o
                                       0x2ee6 (size before relaxing)
 .debug_str     0x0000000000088b0f       0xce ./Core/Src/stm32f1xx_hal_msp.o
                                      0x8416e (size before relaxing)
 .debug_str     0x0000000000088bdd       0xf2 ./Core/Src/stm32f1xx_it.o
                                      0x83c66 (size before relaxing)
 .debug_str     0x0000000000088ccf      0x4e9 ./Core/Src/sysmem.o
                                       0x626a (size before relaxing)
 .debug_str     0x00000000000891b8       0x52 ./Core/Src/system_stm32f1xx.o
                                      0x83461 (size before relaxing)
 .debug_str     0x000000000008920a       0x36 ./Core/Startup/startup_stm32f103rbtx.o
                                         0x7e (size before relaxing)
 .debug_str     0x0000000000089240      0x304 ./Drivers/STM32F1xx_HAL_Driver/Src/stm32f1xx_hal.o
                                      0x83af2 (size before relaxing)
 .debug_str     0x0000000000089544      0x300 ./Drivers/STM32F1xx_HAL_Driver/Src/stm32f1xx_hal_cortex.o
                                      0x83afa (size before relaxing)
 .debug_str     0x0000000000089844      0x2f6 ./Drivers/STM32F1xx_HAL_Driver/Src/stm32f1xx_hal_gpio.o
                                      0x83825 (size before relaxing)
 .debug_str     0x0000000000089b3a      0x24f ./Drivers/STM32F1xx_HAL_Driver/Src/stm32f1xx_hal_rcc.o
                                      0x8385e (size before relaxing)
 .debug_str     0x0000000000089d89      0xd73 ./Drivers/STM32F1xx_HAL_Driver/Src/stm32f1xx_hal_tim.o
                                      0x84830 (size before relaxing)
 .debug_str     0x000000000008aafc      0x4ee ./Drivers/STM32F1xx_HAL_Driver/Src/stm32f1xx_hal_tim_ex.o
                                      0x83fe1 (size before relaxing)
 .debug_str     0x000000000008afea      0x5ed ./Drivers/STM32F1xx_HAL_Driver/Src/stm32f1xx_hal_uart.o
                                      0x83e50 (size before relaxing)

.comment        0x0000000000000000       0x53
 .comment       0x0000000000000000       0x53 ./Core/Src/displayUart.o
                                         0x54 (size before relaxing)
 .comment       0x0000000000000053       0x54 ./Core/Src/global.o
 .comment       0x0000000000000053       0x54 ./Core/Src/input_processing.o
 .comment       0x0000000000000053       0x54 ./Core/Src/input_reading.o
 .comment       0x0000000000000053       0x54 ./Core/Src/main.o
 .comment       0x0000000000000053       0x54 ./Core/Src/scheduler.o
 .comment       0x0000000000000053       0x54 ./Core/Src/software_timer.o
 .comment       0x0000000000000053       0x54 ./Core/Src/stm32f1xx_hal_msp.o
 .comment       0x0000000000000053       0x54 ./Core/Src/stm32f1xx_it.o
 .comment       0x0000000000000053       0x54 ./Core/Src/sysmem.o
 .comment       0x0000000000000053       0x54 ./Core/Src/system_stm32f1xx.o
 .comment       0x0000000000000053       0x54 ./Drivers/STM32F1xx_HAL_Driver/Src/stm32f1xx_hal.o
 .comment       0x0000000000000053       0x54 ./Drivers/STM32F1xx_HAL_Driver/Src/stm32f1xx_hal_cortex.o
 .comment       0x0000000000000053       0x54 ./Drivers/STM32F1xx_HAL_Driver/Src/stm32f1xx_hal_gpio.o
 .comment       0x0000000000000053       0x54 ./Drivers/STM32F1xx_HAL_Driver/Src/stm32f1xx_hal_rcc.o
 .comment       0x0000000000000053       0x54 ./Drivers/STM32F1xx_HAL_Driver/Src/stm32f1xx_hal_tim.o
 .comment       0x0000000000000053       0x54 ./Drivers/STM32F1xx_HAL_Driver/Src/stm32f1xx_hal_tim_ex.o
 .comment       0x0000000000000053       0x54 ./Drivers/STM32F1xx_HAL_Driver/Src/stm32f1xx_hal_uart.o

.debug_frame    0x0000000000000000     0x397c
 .debug_frame   0x0000000000000000       0x2c ./Core/Src/displayUart.o
 .debug_frame   0x000000000000002c      0x1d8 ./Core/Src/input_processing.o
 .debug_frame   0x0000000000000204       0xac ./Core/Src/input_reading.o
 .debug_frame   0x00000000000002b0      0x158 ./Core/Src/main.o
 .debug_frame   0x0000000000000408      0x158 ./Core/Src/scheduler.o
 .debug_frame   0x0000000000000560      0x118 ./Core/Src/software_timer.o
 .debug_frame   0x0000000000000678       0xec ./Core/Src/stm32f1xx_hal_msp.o
 .debug_frame   0x0000000000000764      0x158 ./Core/Src/stm32f1xx_it.o
 .debug_frame   0x00000000000008bc       0x34 ./Core/Src/sysmem.o
 .debug_frame   0x00000000000008f0       0x58 ./Core/Src/system_stm32f1xx.o
 .debug_frame   0x0000000000000948      0x334 ./Drivers/STM32F1xx_HAL_Driver/Src/stm32f1xx_hal.o
 .debug_frame   0x0000000000000c7c      0x428 ./Drivers/STM32F1xx_HAL_Driver/Src/stm32f1xx_hal_cortex.o
 .debug_frame   0x00000000000010a4      0x14c ./Drivers/STM32F1xx_HAL_Driver/Src/stm32f1xx_hal_gpio.o
 .debug_frame   0x00000000000011f0      0x21c ./Drivers/STM32F1xx_HAL_Driver/Src/stm32f1xx_hal_rcc.o
 .debug_frame   0x000000000000140c     0x11b8 ./Drivers/STM32F1xx_HAL_Driver/Src/stm32f1xx_hal_tim.o
 .debug_frame   0x00000000000025c4      0x638 ./Drivers/STM32F1xx_HAL_Driver/Src/stm32f1xx_hal_tim_ex.o
 .debug_frame   0x0000000000002bfc      0x914 ./Drivers/STM32F1xx_HAL_Driver/Src/stm32f1xx_hal_uart.o
 .debug_frame   0x0000000000003510       0x20 c:/st/stm32cubeide_1.7.0/stm32cubeide/plugins/com.st.stm32cube.ide.mcu.externaltools.gnu-tools-for-stm32.9-2020-q2-update.win32_2.0.0.202105311346/tools/bin/../lib/gcc/arm-none-eabi/9.3.1/../../../../arm-none-eabi/lib/thumb/v7-m/nofp\libc_nano.a(lib_a-errno.o)
 .debug_frame   0x0000000000003530       0x2c c:/st/stm32cubeide_1.7.0/stm32cubeide/plugins/com.st.stm32cube.ide.mcu.externaltools.gnu-tools-for-stm32.9-2020-q2-update.win32_2.0.0.202105311346/tools/bin/../lib/gcc/arm-none-eabi/9.3.1/../../../../arm-none-eabi/lib/thumb/v7-m/nofp\libc_nano.a(lib_a-init.o)
 .debug_frame   0x000000000000355c       0x20 c:/st/stm32cubeide_1.7.0/stm32cubeide/plugins/com.st.stm32cube.ide.mcu.externaltools.gnu-tools-for-stm32.9-2020-q2-update.win32_2.0.0.202105311346/tools/bin/../lib/gcc/arm-none-eabi/9.3.1/../../../../arm-none-eabi/lib/thumb/v7-m/nofp\libc_nano.a(lib_a-memset.o)
 .debug_frame   0x000000000000357c       0x6c c:/st/stm32cubeide_1.7.0/stm32cubeide/plugins/com.st.stm32cube.ide.mcu.externaltools.gnu-tools-for-stm32.9-2020-q2-update.win32_2.0.0.202105311346/tools/bin/../lib/gcc/arm-none-eabi/9.3.1/../../../../arm-none-eabi/lib/thumb/v7-m/nofp\libc_nano.a(lib_a-sprintf.o)
 .debug_frame   0x00000000000035e8       0x90 c:/st/stm32cubeide_1.7.0/stm32cubeide/plugins/com.st.stm32cube.ide.mcu.externaltools.gnu-tools-for-stm32.9-2020-q2-update.win32_2.0.0.202105311346/tools/bin/../lib/gcc/arm-none-eabi/9.3.1/../../../../arm-none-eabi/lib/thumb/v7-m/nofp\libc_nano.a(lib_a-nano-svfprintf.o)
 .debug_frame   0x0000000000003678       0x60 c:/st/stm32cubeide_1.7.0/stm32cubeide/plugins/com.st.stm32cube.ide.mcu.externaltools.gnu-tools-for-stm32.9-2020-q2-update.win32_2.0.0.202105311346/tools/bin/../lib/gcc/arm-none-eabi/9.3.1/../../../../arm-none-eabi/lib/thumb/v7-m/nofp\libc_nano.a(lib_a-nano-vfprintf_i.o)
 .debug_frame   0x00000000000036d8       0x28 c:/st/stm32cubeide_1.7.0/stm32cubeide/plugins/com.st.stm32cube.ide.mcu.externaltools.gnu-tools-for-stm32.9-2020-q2-update.win32_2.0.0.202105311346/tools/bin/../lib/gcc/arm-none-eabi/9.3.1/../../../../arm-none-eabi/lib/thumb/v7-m/nofp\libc_nano.a(lib_a-memchr-stub.o)
 .debug_frame   0x0000000000003700       0x28 c:/st/stm32cubeide_1.7.0/stm32cubeide/plugins/com.st.stm32cube.ide.mcu.externaltools.gnu-tools-for-stm32.9-2020-q2-update.win32_2.0.0.202105311346/tools/bin/../lib/gcc/arm-none-eabi/9.3.1/../../../../arm-none-eabi/lib/thumb/v7-m/nofp\libc_nano.a(lib_a-memcpy-stub.o)
 .debug_frame   0x0000000000003728       0x28 c:/st/stm32cubeide_1.7.0/stm32cubeide/plugins/com.st.stm32cube.ide.mcu.externaltools.gnu-tools-for-stm32.9-2020-q2-update.win32_2.0.0.202105311346/tools/bin/../lib/gcc/arm-none-eabi/9.3.1/../../../../arm-none-eabi/lib/thumb/v7-m/nofp\libc_nano.a(lib_a-memmove.o)
 .debug_frame   0x0000000000003750       0x38 c:/st/stm32cubeide_1.7.0/stm32cubeide/plugins/com.st.stm32cube.ide.mcu.externaltools.gnu-tools-for-stm32.9-2020-q2-update.win32_2.0.0.202105311346/tools/bin/../lib/gcc/arm-none-eabi/9.3.1/../../../../arm-none-eabi/lib/thumb/v7-m/nofp\libc_nano.a(lib_a-nano-freer.o)
 .debug_frame   0x0000000000003788       0x30 c:/st/stm32cubeide_1.7.0/stm32cubeide/plugins/com.st.stm32cube.ide.mcu.externaltools.gnu-tools-for-stm32.9-2020-q2-update.win32_2.0.0.202105311346/tools/bin/../lib/gcc/arm-none-eabi/9.3.1/../../../../arm-none-eabi/lib/thumb/v7-m/nofp\libc_nano.a(lib_a-nano-mallocr.o)
 .debug_frame   0x00000000000037b8       0x3c c:/st/stm32cubeide_1.7.0/stm32cubeide/plugins/com.st.stm32cube.ide.mcu.externaltools.gnu-tools-for-stm32.9-2020-q2-update.win32_2.0.0.202105311346/tools/bin/../lib/gcc/arm-none-eabi/9.3.1/../../../../arm-none-eabi/lib/thumb/v7-m/nofp\libc_nano.a(lib_a-nano-reallocr.o)
 .debug_frame   0x00000000000037f4       0x2c c:/st/stm32cubeide_1.7.0/stm32cubeide/plugins/com.st.stm32cube.ide.mcu.externaltools.gnu-tools-for-stm32.9-2020-q2-update.win32_2.0.0.202105311346/tools/bin/../lib/gcc/arm-none-eabi/9.3.1/../../../../arm-none-eabi/lib/thumb/v7-m/nofp\libc_nano.a(lib_a-sbrkr.o)
 .debug_frame   0x0000000000003820       0x30 c:/st/stm32cubeide_1.7.0/stm32cubeide/plugins/com.st.stm32cube.ide.mcu.externaltools.gnu-tools-for-stm32.9-2020-q2-update.win32_2.0.0.202105311346/tools/bin/../lib/gcc/arm-none-eabi/9.3.1/../../../../arm-none-eabi/lib/thumb/v7-m/nofp\libc_nano.a(lib_a-mlock.o)
 .debug_frame   0x0000000000003850       0x20 c:/st/stm32cubeide_1.7.0/stm32cubeide/plugins/com.st.stm32cube.ide.mcu.externaltools.gnu-tools-for-stm32.9-2020-q2-update.win32_2.0.0.202105311346/tools/bin/../lib/gcc/arm-none-eabi/9.3.1/../../../../arm-none-eabi/lib/thumb/v7-m/nofp\libc_nano.a(lib_a-nano-msizer.o)
 .debug_frame   0x0000000000003870       0x5c c:/st/stm32cubeide_1.7.0/stm32cubeide/plugins/com.st.stm32cube.ide.mcu.externaltools.gnu-tools-for-stm32.9-2020-q2-update.win32_2.0.0.202105311346/tools/bin/../lib/gcc/arm-none-eabi/9.3.1/../../../../arm-none-eabi/lib/thumb/v7-m/nofp\libc_nano.a(lib_a-reent.o)
 .debug_frame   0x00000000000038cc       0xb0 c:/st/stm32cubeide_1.7.0/stm32cubeide/plugins/com.st.stm32cube.ide.mcu.externaltools.gnu-tools-for-stm32.9-2020-q2-update.win32_2.0.0.202105311346/tools/bin/../lib/gcc/arm-none-eabi/9.3.1/../../../../arm-none-eabi/lib/thumb/v7-m/nofp\libc_nano.a(lib_a-lock.o)
