Archive member included to satisfy reference by file (symbol)

c:/st/stm32cubeide_1.7.0/stm32cubeide/plugins/com.st.stm32cube.ide.mcu.externaltools.gnu-tools-for-stm32.9-2020-q2-update.win32_2.0.0.202105311346/tools/bin/../lib/gcc/arm-none-eabi/9.3.1/../../../../arm-none-eabi/lib/thumb/v7-m/nofp\libc_nano.a(lib_a-errno.o)
                              ./Core/Src/syscalls.o (__errno)
c:/st/stm32cubeide_1.7.0/stm32cubeide/plugins/com.st.stm32cube.ide.mcu.externaltools.gnu-tools-for-stm32.9-2020-q2-update.win32_2.0.0.202105311346/tools/bin/../lib/gcc/arm-none-eabi/9.3.1/../../../../arm-none-eabi/lib/thumb/v7-m/nofp\libc_nano.a(lib_a-exit.o)
                              c:/st/stm32cubeide_1.7.0/stm32cubeide/plugins/com.st.stm32cube.ide.mcu.externaltools.gnu-tools-for-stm32.9-2020-q2-update.win32_2.0.0.202105311346/tools/bin/../lib/gcc/arm-none-eabi/9.3.1/../../../../arm-none-eabi/lib/thumb/v7-m/nofp/crt0.o (exit)
c:/st/stm32cubeide_1.7.0/stm32cubeide/plugins/com.st.stm32cube.ide.mcu.externaltools.gnu-tools-for-stm32.9-2020-q2-update.win32_2.0.0.202105311346/tools/bin/../lib/gcc/arm-none-eabi/9.3.1/../../../../arm-none-eabi/lib/thumb/v7-m/nofp\libc_nano.a(lib_a-impure.o)
                              c:/st/stm32cubeide_1.7.0/stm32cubeide/plugins/com.st.stm32cube.ide.mcu.externaltools.gnu-tools-for-stm32.9-2020-q2-update.win32_2.0.0.202105311346/tools/bin/../lib/gcc/arm-none-eabi/9.3.1/../../../../arm-none-eabi/lib/thumb/v7-m/nofp\libc_nano.a(lib_a-exit.o) (_global_impure_ptr)
c:/st/stm32cubeide_1.7.0/stm32cubeide/plugins/com.st.stm32cube.ide.mcu.externaltools.gnu-tools-for-stm32.9-2020-q2-update.win32_2.0.0.202105311346/tools/bin/../lib/gcc/arm-none-eabi/9.3.1/../../../../arm-none-eabi/lib/thumb/v7-m/nofp\libc_nano.a(lib_a-init.o)
                              c:/st/stm32cubeide_1.7.0/stm32cubeide/plugins/com.st.stm32cube.ide.mcu.externaltools.gnu-tools-for-stm32.9-2020-q2-update.win32_2.0.0.202105311346/tools/bin/../lib/gcc/arm-none-eabi/9.3.1/../../../../arm-none-eabi/lib/thumb/v7-m/nofp/crt0.o (__libc_init_array)
c:/st/stm32cubeide_1.7.0/stm32cubeide/plugins/com.st.stm32cube.ide.mcu.externaltools.gnu-tools-for-stm32.9-2020-q2-update.win32_2.0.0.202105311346/tools/bin/../lib/gcc/arm-none-eabi/9.3.1/../../../../arm-none-eabi/lib/thumb/v7-m/nofp\libc_nano.a(lib_a-memset.o)
                              c:/st/stm32cubeide_1.7.0/stm32cubeide/plugins/com.st.stm32cube.ide.mcu.externaltools.gnu-tools-for-stm32.9-2020-q2-update.win32_2.0.0.202105311346/tools/bin/../lib/gcc/arm-none-eabi/9.3.1/../../../../arm-none-eabi/lib/thumb/v7-m/nofp/crt0.o (memset)
c:/st/stm32cubeide_1.7.0/stm32cubeide/plugins/com.st.stm32cube.ide.mcu.externaltools.gnu-tools-for-stm32.9-2020-q2-update.win32_2.0.0.202105311346/tools/bin/../lib/gcc/arm-none-eabi/9.3.1/../../../../arm-none-eabi/lib/thumb/v7-m/nofp\libc_nano.a(lib_a-sprintf.o)
                              ./Core/Src/displayUart.o (sprintf)
c:/st/stm32cubeide_1.7.0/stm32cubeide/plugins/com.st.stm32cube.ide.mcu.externaltools.gnu-tools-for-stm32.9-2020-q2-update.win32_2.0.0.202105311346/tools/bin/../lib/gcc/arm-none-eabi/9.3.1/../../../../arm-none-eabi/lib/thumb/v7-m/nofp\libc_nano.a(lib_a-nano-svfprintf.o)
                              c:/st/stm32cubeide_1.7.0/stm32cubeide/plugins/com.st.stm32cube.ide.mcu.externaltools.gnu-tools-for-stm32.9-2020-q2-update.win32_2.0.0.202105311346/tools/bin/../lib/gcc/arm-none-eabi/9.3.1/../../../../arm-none-eabi/lib/thumb/v7-m/nofp\libc_nano.a(lib_a-sprintf.o) (_svfprintf_r)
c:/st/stm32cubeide_1.7.0/stm32cubeide/plugins/com.st.stm32cube.ide.mcu.externaltools.gnu-tools-for-stm32.9-2020-q2-update.win32_2.0.0.202105311346/tools/bin/../lib/gcc/arm-none-eabi/9.3.1/../../../../arm-none-eabi/lib/thumb/v7-m/nofp\libc_nano.a(lib_a-nano-vfprintf_i.o)
                              c:/st/stm32cubeide_1.7.0/stm32cubeide/plugins/com.st.stm32cube.ide.mcu.externaltools.gnu-tools-for-stm32.9-2020-q2-update.win32_2.0.0.202105311346/tools/bin/../lib/gcc/arm-none-eabi/9.3.1/../../../../arm-none-eabi/lib/thumb/v7-m/nofp\libc_nano.a(lib_a-nano-svfprintf.o) (_printf_i)
c:/st/stm32cubeide_1.7.0/stm32cubeide/plugins/com.st.stm32cube.ide.mcu.externaltools.gnu-tools-for-stm32.9-2020-q2-update.win32_2.0.0.202105311346/tools/bin/../lib/gcc/arm-none-eabi/9.3.1/../../../../arm-none-eabi/lib/thumb/v7-m/nofp\libc_nano.a(lib_a-memchr-stub.o)
                              c:/st/stm32cubeide_1.7.0/stm32cubeide/plugins/com.st.stm32cube.ide.mcu.externaltools.gnu-tools-for-stm32.9-2020-q2-update.win32_2.0.0.202105311346/tools/bin/../lib/gcc/arm-none-eabi/9.3.1/../../../../arm-none-eabi/lib/thumb/v7-m/nofp\libc_nano.a(lib_a-nano-svfprintf.o) (memchr)
c:/st/stm32cubeide_1.7.0/stm32cubeide/plugins/com.st.stm32cube.ide.mcu.externaltools.gnu-tools-for-stm32.9-2020-q2-update.win32_2.0.0.202105311346/tools/bin/../lib/gcc/arm-none-eabi/9.3.1/../../../../arm-none-eabi/lib/thumb/v7-m/nofp\libc_nano.a(lib_a-memcpy-stub.o)
[...]
Memory Configuration

Name             Origin             Length             Attributes
RAM              0x0000000020000000 0x0000000000005000 xrw
FLASH            0x0000000008000000 0x0000000000020000 xr
*default*        0x0000000000000000 0xffffffffffffffff

Linker script and memory map

LOAD c:/st/stm32cubeide_1.7.0/stm32cubeide/plugins/com.st.stm32cube.ide.mcu.externaltools.gnu-tools-for-stm32.9-2020-q2-update.win32_2.0.0.202105311346/tools/bin/../lib/gcc/arm-none-eabi/9.3.1/thumb/v7-m/nofp/crti.o
LOAD c:/st/stm32cubeide_1.7.0/stm32cubeide/plugins/com.st.stm32cube.ide.mcu.externaltools.gnu-tools-for-stm32.9-2020-q2-update.win32_2.0.0.202105311346/tools/bin/../lib/gcc/arm-none-eabi/9.3.1/thumb/v7-m/nofp/crtbegin.o
LOAD c:/st/stm32cubeide_1.7.0/stm32cubeide/plugins/com.st.stm32cube.ide.mcu.externaltools.gnu-tools-for-stm32.9-2020-q2-update.win32_2.0.0.202105311346/tools/bin/../lib/gcc/arm-none-eabi/9.3.1/../../../../arm-none-eabi/lib/thumb/v7-m/nofp/crt0.o
LOAD ./Core/Src/displayUart.o
LOAD ./Core/Src/global.o
LOAD ./Core/Src/input_processing.o
LOAD ./Core/Src/input_reading.o
LOAD ./Core/Src/main.o
LOAD ./Core/Src/sche_task.o
LOAD ./Core/Src/scheduler.o
LOAD ./Core/Src/software_timer.o
LOAD ./Core/Src/stm32f1xx_hal_msp.o
LOAD ./Core/Src/stm32f1xx_it.o
LOAD ./Core/Src/syscalls.o
LOAD ./Core/Src/sysmem.o
LOAD ./Core/Src/system_stm32f1xx.o
LOAD ./Core/Src/traffic_light.o
LOAD ./Core/Startup/startup_stm32f103rbtx.o
LOAD ./Drivers/STM32F1xx_HAL_Driver/Src/stm32f1xx_hal.o
LOAD ./Drivers/STM32F1xx_HAL_Driver/Src/stm32f1xx_hal_cortex.o
LOAD ./Drivers/STM32F1xx_HAL_Driver/Src/stm32f1xx_hal_dma.o
LOAD ./Drivers/STM32F1xx_HAL_Driver/Src/stm32f1xx_hal_exti.o
LOAD ./Drivers/STM32F1xx_HAL_Driver/Src/stm32f1xx_hal_flash.o
LOAD ./Drivers/STM32F1xx_HAL_Driver/Src/stm32f1xx_hal_flash_ex.o
LOAD ./Drivers/STM32F1xx_HAL_Driver/Src/stm32f1xx_hal_gpio.o
LOAD ./Drivers/STM32F1xx_HAL_Driver/Src/stm32f1xx_hal_gpio_ex.o
LOAD ./Drivers/STM32F1xx_HAL_Driver/Src/stm32f1xx_hal_pwr.o
LOAD ./Drivers/STM32F1xx_HAL_Driver/Src/stm32f1xx_hal_rcc.o
LOAD ./Drivers/STM32F1xx_HAL_Driver/Src/stm32f1xx_hal_rcc_ex.o
LOAD ./Drivers/STM32F1xx_HAL_Driver/Src/stm32f1xx_hal_tim.o
LOAD ./Drivers/STM32F1xx_HAL_Driver/Src/stm32f1xx_hal_tim_ex.o
LOAD ./Drivers/STM32F1xx_HAL_Driver/Src/stm32f1xx_hal_uart.o
START GROUP
LOAD c:/st/stm32cubeide_1.7.0/stm32cubeide/plugins/com.st.stm32cube.ide.mcu.externaltools.gnu-tools-for-stm32.9-2020-q2-update.win32_2.0.0.202105311346/tools/bin/../lib/gcc/arm-none-eabi/9.3.1/../../../../arm-none-eabi/lib/thumb/v7-m/nofp\libc_nano.a
LOAD c:/st/stm32cubeide_1.7.0/stm32cubeide/plugins/com.st.stm32cube.ide.mcu.externaltools.gnu-tools-for-stm32.9-2020-q2-update.win32_2.0.0.202105311346/tools/bin/../lib/gcc/arm-none-eabi/9.3.1/../../../../arm-none-eabi/lib/thumb/v7-m/nofp\libm.a
END GROUP
START GROUP
LOAD c:/st/stm32cubeide_1.7.0/stm32cubeide/plugins/com.st.stm32cube.ide.mcu.externaltools.gnu-tools-for-stm32.9-2020-q2-update.win32_2.0.0.202105311346/tools/bin/../lib/gcc/arm-none-eabi/9.3.1/thumb/v7-m/nofp\libgcc.a
LOAD c:/st/stm32cubeide_1.7.0/stm32cubeide/plugins/com.st.stm32cube.ide.mcu.externaltools.gnu-tools-for-stm32.9-2020-q2-update.win32_2.0.0.202105311346/tools/bin/../lib/gcc/arm-none-eabi/9.3.1/../../../../arm-none-eabi/lib/thumb/v7-m/nofp\libc_nano.a
END GROUP
START GROUP
LOAD c:/st/stm32cubeide_1.7.0/stm32cubeide/plugins/com.st.stm32cube.ide.mcu.externaltools.gnu-tools-for-stm32.9-2020-q2-update.win32_2.0.0.202105311346/tools/bin/../lib/gcc/arm-none-eabi/9.3.1/thumb/v7-m/nofp\libgcc.a
LOAD c:/st/stm32cubeide_1.7.0/stm32cubeide/plugins/com.st.stm32cube.ide.mcu.externaltools.gnu-tools-for-stm32.9-2020-q2-update.win32_2.0.0.202105311346/tools/bin/../lib/gcc/arm-none-eabi/9.3.1/../../../../arm-none-eabi/lib/thumb/v7-m/nofp\libc_nano.a
LOAD c:/st/stm32cubeide_1.7.0/stm32cubeide/plugins/com.st.stm32cube.ide.mcu.externaltools.gnu-tools-for-stm32.9-2020-q2-update.win32_2.0.0.202105311346/tools/bin/../lib/gcc/arm-none-eabi/9.3.1/../../../../arm-none-eabi/lib/thumb/v7-m/nofp\libnosys.a
END GROUP
START GROUP
LOAD c:/st/stm32cubeide_1.7.0/stm32cubeide/plugins/com.st.stm32cube.ide.mcu.externaltools.gnu-tools-for-stm32.9-2020-q2-update.win32_2.0.0.202105311346/tools/bin/../lib/gcc/arm-none-eabi/9.3.1/thumb/v7-m/nofp\libgcc.a
LOAD c:/st/stm32cubeide_1.7.0/stm32cubeide/plugins/com.st.stm32cube.ide.mcu.externaltools.gnu-tools-for-stm32.9-2020-q2-update.win32_2.0.0.202105311346/tools/bin/../lib/gcc/arm-none-eabi/9.3.1/../../../../arm-none-eabi/lib/thumb/v7-m/nofp\libc_nano.a
LOAD c:/st/stm32cubeide_1.7.0/stm32cubeide/plugins/com.st.stm32cube.ide.mcu.externaltools.gnu-tools-for-stm32.9-2020-q2-update.win32_2.0.0.202105311346/tools/bin/../lib/gcc/arm-none-eabi/9.3.1/../../../../arm-none-eabi/lib/thumb/v7-m/nofp\libnosys.a
END GROUP
LOAD c:/st/stm32cubeide_1.7.0/stm32cubeide/plugins/com.st.stm32cube.ide.mcu.externaltools.gnu-tools-for-stm32.9-2020-q2-update.win32_2.0.0.202105311346/tools/bin/../lib/gcc/arm-none-eabi/9.3.1/thumb/v7-m/nofp/crtend.o
LOAD c:/st/stm32cubeide_1.7.0/stm32cubeide/plugins/com.st.stm32cube.ide.mcu.externaltools.gnu-tools-for-stm32.9-2020-q2-update.win32_2.0.0.202105311346/tools/bin/../lib/gcc/arm-none-eabi/9.3.1/thumb/v7-m/nofp/crtn.o
                0x0000000020005000                _estack = (ORIGIN (RAM) + LENGTH (RAM))
                0x0000000000000200                _Min_Heap_Size = 0x200
                0x0000000000000400                _Min_Stack_Size = 0x400

.isr_vector     0x0000000008000000      0x10c
                0x0000000008000000                . = ALIGN (0x4)
 *(.isr_vector)
 .isr_vector    0x0000000008000000      0x10c ./Core/Startup/startup_stm32f103rbtx.o
                0x0000000008000000                g_pfnVectors
                0x000000000800010c                . = ALIGN (0x4)

.text           0x000000000800010c     0x3a40
                0x000000000800010c                . = ALIGN (0x4)
 *(.text)
 .text          0x000000000800010c       0x40 c:/st/stm32cubeide_1.7.0/stm32cubeide/plugins/com.st.stm32cube.ide.mcu.externaltools.gnu-tools-for-stm32.9-2020-q2-update.win32_2.0.0.202105311346/tools/bin/../lib/gcc/arm-none-eabi/9.3.1/thumb/v7-m/nofp/crtbegin.o
 *(.text*)
 .text.updateDisplay
                0x000000000800014c       0x48 ./Core/Src/displayUart.o
                0x000000000800014c                updateDisplay
 .text.WhichButtonIsPressed
                0x0000000008000194       0x3a ./Core/Src/input_processing.o
                0x0000000008000194                WhichButtonIsPressed
 *fill*         0x00000000080001ce        0x2 
 .text.clear_vertical
                0x00000000080001d0       0x28 ./Core/Src/input_processing.o
                0x00000000080001d0                clear_vertical
 .text.clear_horizontal
                0x00000000080001f8       0x18 ./Core/Src/input_processing.o
                0x00000000080001f8                clear_horizontal
 .text.vertical_processing
                0x0000000008000210       0x78 ./Core/Src/input_processing.o
                0x0000000008000210                vertical_processing
 .text.horizontal_processing
                0x0000000008000288       0x70 ./Core/Src/input_processing.o
                0x0000000008000288                horizontal_processing
 .text.state_update
                0x00000000080002f8       0x88 ./Core/Src/input_processing.o
                0x00000000080002f8                state_update
 .text.check_state
                0x0000000008000380       0x30 ./Core/Src/input_processing.o
                0x0000000008000380                check_state
 .text.update_clock
                0x00000000080003b0       0x40 ./Core/Src/input_processing.o
                0x00000000080003b0                update_clock
 .text.reset    0x00000000080003f0       0x58 ./Core/Src/input_processing.o
                0x00000000080003f0                reset
 .text.restart  0x0000000008000448       0x18 ./Core/Src/input_processing.o
                0x0000000008000448                restart
 .text.confirm_action
                0x0000000008000460       0xc0 ./Core/Src/input_processing.o
                0x0000000008000460                confirm_action
 .text.state_handle
                0x0000000008000520       0xac ./Core/Src/input_processing.o
                0x0000000008000520                state_handle
 .text.traffic_processing
                0x00000000080005cc       0x78 ./Core/Src/input_processing.o
                0x00000000080005cc                traffic_processing
 .text.input_processing
                0x0000000008000644       0xb0 ./Core/Src/input_processing.o
                0x0000000008000644                input_processing
 .text.fsm_simple_button_run
                0x00000000080006f4       0x40 ./Core/Src/input_processing.o
                0x00000000080006f4                fsm_simple_button_run
 .text.is_button_pressed
                0x0000000008000734       0x34 ./Core/Src/input_reading.o
                0x0000000008000734                is_button_pressed
 .text.SCH_Go_To_Sleep
                0x0000000008000768       0x18 ./Core/Src/main.o
                0x0000000008000768                SCH_Go_To_Sleep
 .text.main     0x0000000008000780       0x50 ./Core/Src/main.o
                0x0000000008000780                main
 .text.SystemClock_Config
                0x00000000080007d0       0x82 ./Core/Src/main.o
                0x00000000080007d0                SystemClock_Config
 *fill*         0x0000000008000852        0x2 
 .text.MX_TIM2_Init
                0x0000000008000854       0x98 ./Core/Src/main.o
 .text.MX_TIM3_Init
                0x00000000080008ec       0xec ./Core/Src/main.o
 .text.MX_USART2_UART_Init
                0x00000000080009d8       0x54 ./Core/Src/main.o
 .text.MX_GPIO_Init
                0x0000000008000a2c      0x140 ./Core/Src/main.o
 .text.HAL_TIM_PeriodElapsedCallback
                0x0000000008000b6c       0x1e ./Core/Src/main.o
                0x0000000008000b6c                HAL_TIM_PeriodElapsedCallback
 .text.HAL_GPIO_EXTI_Callback
                0x0000000008000b8a       0x14 ./Core/Src/main.o
                0x0000000008000b8a                HAL_GPIO_EXTI_Callback
 .text.Error_Handler
                0x0000000008000b9e        0xa ./Core/Src/main.o
                0x0000000008000b9e                Error_Handler
 .text.SCH_Dispatch_Tasks
                0x0000000008000ba8       0x98 ./Core/Src/scheduler.o
                0x0000000008000ba8                SCH_Dispatch_Tasks
 .text.SCH_Update
                0x0000000008000c40       0xac ./Core/Src/scheduler.o
                0x0000000008000c40                SCH_Update
 .text.Shift_Task_To_Left
                0x0000000008000cec       0xcc ./Core/Src/scheduler.o
                0x0000000008000cec                Shift_Task_To_Left
 .text.SCH_Delete_Task
                0x0000000008000db8       0xc4 ./Core/Src/scheduler.o
                0x0000000008000db8                SCH_Delete_Task
 .text.update_other_tasks
                0x0000000008000e7c       0x70 ./Core/Src/scheduler.o
                0x0000000008000e7c                update_other_tasks
 .text.find_new_min_task
                0x0000000008000eec       0x94 ./Core/Src/scheduler.o
                0x0000000008000eec                find_new_min_task
 .text.SCH_Report_Status
                0x0000000008000f80        0xc ./Core/Src/scheduler.o
                0x0000000008000f80                SCH_Report_Status
 .text.setTimer2
                0x0000000008000f8c       0x34 ./Core/Src/software_timer.o
                0x0000000008000f8c                setTimer2
 .text.HAL_MspInit
                0x0000000008000fc0       0x64 ./Core/Src/stm32f1xx_hal_msp.o
                0x0000000008000fc0                HAL_MspInit
 .text.HAL_TIM_Base_MspInit
                0x0000000008001024       0x80 ./Core/Src/stm32f1xx_hal_msp.o
                0x0000000008001024                HAL_TIM_Base_MspInit
 .text.HAL_TIM_MspPostInit
                0x00000000080010a4       0x64 ./Core/Src/stm32f1xx_hal_msp.o
                0x00000000080010a4                HAL_TIM_MspPostInit
 .text.HAL_UART_MspInit
                0x0000000008001108       0x7c ./Core/Src/stm32f1xx_hal_msp.o
                0x0000000008001108                HAL_UART_MspInit
 .text.NMI_Handler
                0x0000000008001184        0x6 ./Core/Src/stm32f1xx_it.o
                0x0000000008001184                NMI_Handler
 .text.HardFault_Handler
                0x000000000800118a        0x6 ./Core/Src/stm32f1xx_it.o
                0x000000000800118a                HardFault_Handler
 .text.MemManage_Handler
                0x0000000008001190        0x6 ./Core/Src/stm32f1xx_it.o
                0x0000000008001190                MemManage_Handler
 .text.BusFault_Handler
                0x0000000008001196        0x6 ./Core/Src/stm32f1xx_it.o
                0x0000000008001196                BusFault_Handler
 .text.UsageFault_Handler
                0x000000000800119c        0x6 ./Core/Src/stm32f1xx_it.o
                0x000000000800119c                UsageFault_Handler
 .text.SVC_Handler
                0x00000000080011a2        0xc ./Core/Src/stm32f1xx_it.o
                0x00000000080011a2                SVC_Handler
 .text.DebugMon_Handler
                0x00000000080011ae        0xc ./Core/Src/stm32f1xx_it.o
                0x00000000080011ae                DebugMon_Handler
 .text.PendSV_Handler
                0x00000000080011ba        0xc ./Core/Src/stm32f1xx_it.o
                0x00000000080011ba                PendSV_Handler
 .text.SysTick_Handler
                0x00000000080011c6        0xc ./Core/Src/stm32f1xx_it.o
                0x00000000080011c6                SysTick_Handler
 *fill*         0x00000000080011d2        0x2 
 .text.TIM2_IRQHandler
                0x00000000080011d4       0x14 ./Core/Src/stm32f1xx_it.o
                0x00000000080011d4                TIM2_IRQHandler
 .text.TIM3_IRQHandler
                0x00000000080011e8       0x14 ./Core/Src/stm32f1xx_it.o
                0x00000000080011e8                TIM3_IRQHandler
 .text.EXTI15_10_IRQHandler
                0x00000000080011fc       0x10 ./Core/Src/stm32f1xx_it.o
                0x00000000080011fc                EXTI15_10_IRQHandler
 .text._sbrk    0x000000000800120c       0x6c ./Core/Src/sysmem.o
                0x000000000800120c                _sbrk
 .text.SystemInit
                0x0000000008001278        0xc ./Core/Src/system_stm32f1xx.o
                0x0000000008001278                SystemInit
 .text.Reset_Handler
                0x0000000008001284       0x48 ./Core/Startup/startup_stm32f103rbtx.o
                0x0000000008001284                Reset_Handler
 .text.Default_Handler
                0x00000000080012cc        0x2 ./Core/Startup/startup_stm32f103rbtx.o
                0x00000000080012cc                RTC_Alarm_IRQHandler
                0x00000000080012cc                EXTI2_IRQHandler
                0x00000000080012cc                TIM1_CC_IRQHandler
                0x00000000080012cc                PVD_IRQHandler
                0x00000000080012cc                EXTI3_IRQHandler
                0x00000000080012cc                EXTI0_IRQHandler
                0x00000000080012cc                I2C2_EV_IRQHandler
                0x00000000080012cc                ADC1_2_IRQHandler
                0x00000000080012cc                SPI1_IRQHandler
                0x00000000080012cc                TAMPER_IRQHandler
                0x00000000080012cc                DMA1_Channel4_IRQHandler
                0x00000000080012cc                USART3_IRQHandler
                0x00000000080012cc                RTC_IRQHandler
                0x00000000080012cc                DMA1_Channel7_IRQHandler
                0x00000000080012cc                CAN1_RX1_IRQHandler
                0x00000000080012cc                TIM4_IRQHandler
                0x00000000080012cc                I2C1_EV_IRQHandler
                0x00000000080012cc                DMA1_Channel6_IRQHandler
                0x00000000080012cc                RCC_IRQHandler
                0x00000000080012cc                TIM1_TRG_COM_IRQHandler
                0x00000000080012cc                DMA1_Channel1_IRQHandler
                0x00000000080012cc                Default_Handler
                0x00000000080012cc                EXTI9_5_IRQHandler
                0x00000000080012cc                SPI2_IRQHandler
                0x00000000080012cc                DMA1_Channel5_IRQHandler
                0x00000000080012cc                EXTI4_IRQHandler
                0x00000000080012cc                USB_LP_CAN1_RX0_IRQHandler
                0x00000000080012cc                USB_HP_CAN1_TX_IRQHandler
                0x00000000080012cc                DMA1_Channel3_IRQHandler
                0x00000000080012cc                TIM1_UP_IRQHandler
                0x00000000080012cc                WWDG_IRQHandler
                0x00000000080012cc                TIM1_BRK_IRQHandler
                0x00000000080012cc                EXTI1_IRQHandler
                0x00000000080012cc                USART2_IRQHandler
                0x00000000080012cc                I2C2_ER_IRQHandler
                0x00000000080012cc                DMA1_Channel2_IRQHandler
                0x00000000080012cc                CAN1_SCE_IRQHandler
                0x00000000080012cc                FLASH_IRQHandler
                0x00000000080012cc                USART1_IRQHandler
                0x00000000080012cc                I2C1_ER_IRQHandler
                0x00000000080012cc                USBWakeUp_IRQHandler
 *fill*         0x00000000080012ce        0x2 
 .text.HAL_Init
                0x00000000080012d0       0x2c ./Drivers/STM32F1xx_HAL_Driver/Src/stm32f1xx_hal.o
                0x00000000080012d0                HAL_Init
 .text.HAL_InitTick
                0x00000000080012fc       0x60 ./Drivers/STM32F1xx_HAL_Driver/Src/stm32f1xx_hal.o
                0x00000000080012fc                HAL_InitTick
 .text.HAL_IncTick
                0x000000000800135c       0x24 ./Drivers/STM32F1xx_HAL_Driver/Src/stm32f1xx_hal.o
                0x000000000800135c                HAL_IncTick
 .text.HAL_GetTick
                0x0000000008001380       0x14 ./Drivers/STM32F1xx_HAL_Driver/Src/stm32f1xx_hal.o
                0x0000000008001380                HAL_GetTick
 .text.HAL_SuspendTick
                0x0000000008001394       0x1c ./Drivers/STM32F1xx_HAL_Driver/Src/stm32f1xx_hal.o
                0x0000000008001394                HAL_SuspendTick
 .text.HAL_ResumeTick
                0x00000000080013b0       0x1c ./Drivers/STM32F1xx_HAL_Driver/Src/stm32f1xx_hal.o
                0x00000000080013b0                HAL_ResumeTick
 .text.__NVIC_SetPriorityGrouping
                0x00000000080013cc       0x48 ./Drivers/STM32F1xx_HAL_Driver/Src/stm32f1xx_hal_cortex.o
 .text.__NVIC_GetPriorityGrouping
                0x0000000008001414       0x1c ./Drivers/STM32F1xx_HAL_Driver/Src/stm32f1xx_hal_cortex.o
 .text.__NVIC_EnableIRQ
                0x0000000008001430       0x38 ./Drivers/STM32F1xx_HAL_Driver/Src/stm32f1xx_hal_cortex.o
 .text.__NVIC_SetPriority
                0x0000000008001468       0x54 ./Drivers/STM32F1xx_HAL_Driver/Src/stm32f1xx_hal_cortex.o
 .text.NVIC_EncodePriority
                0x00000000080014bc       0x64 ./Drivers/STM32F1xx_HAL_Driver/Src/stm32f1xx_hal_cortex.o
 .text.SysTick_Config
                0x0000000008001520       0x44 ./Drivers/STM32F1xx_HAL_Driver/Src/stm32f1xx_hal_cortex.o
 .text.HAL_NVIC_SetPriorityGrouping
                0x0000000008001564       0x16 ./Drivers/STM32F1xx_HAL_Driver/Src/stm32f1xx_hal_cortex.o
                0x0000000008001564                HAL_NVIC_SetPriorityGrouping
 .text.HAL_NVIC_SetPriority
                0x000000000800157a       0x38 ./Drivers/STM32F1xx_HAL_Driver/Src/stm32f1xx_hal_cortex.o
                0x000000000800157a                HAL_NVIC_SetPriority
 .text.HAL_NVIC_EnableIRQ
                0x00000000080015b2       0x1c ./Drivers/STM32F1xx_HAL_Driver/Src/stm32f1xx_hal_cortex.o
                0x00000000080015b2                HAL_NVIC_EnableIRQ
 .text.HAL_SYSTICK_Config
                0x00000000080015ce       0x18 ./Drivers/STM32F1xx_HAL_Driver/Src/stm32f1xx_hal_cortex.o
                0x00000000080015ce                HAL_SYSTICK_Config
 *fill*         0x00000000080015e6        0x2 
 .text.HAL_GPIO_Init
                0x00000000080015e8      0x308 ./Drivers/STM32F1xx_HAL_Driver/Src/stm32f1xx_hal_gpio.o
                0x00000000080015e8                HAL_GPIO_Init
 .text.HAL_GPIO_WritePin
                0x00000000080018f0       0x30 ./Drivers/STM32F1xx_HAL_Driver/Src/stm32f1xx_hal_gpio.o
                0x00000000080018f0                HAL_GPIO_WritePin
 .text.HAL_GPIO_EXTI_IRQHandler
                0x0000000008001920       0x30 ./Drivers/STM32F1xx_HAL_Driver/Src/stm32f1xx_hal_gpio.o
                0x0000000008001920                HAL_GPIO_EXTI_IRQHandler
 .text.HAL_PWR_EnterSLEEPMode
                0x0000000008001950       0x38 ./Drivers/STM32F1xx_HAL_Driver/Src/stm32f1xx_hal_pwr.o
                0x0000000008001950                HAL_PWR_EnterSLEEPMode
 .text.HAL_RCC_OscConfig
                0x0000000008001988      0x500 ./Drivers/STM32F1xx_HAL_Driver/Src/stm32f1xx_hal_rcc.o
                0x0000000008001988                HAL_RCC_OscConfig
 .text.HAL_RCC_ClockConfig
                0x0000000008001e88      0x1d4 ./Drivers/STM32F1xx_HAL_Driver/Src/stm32f1xx_hal_rcc.o
                0x0000000008001e88                HAL_RCC_ClockConfig
 .text.HAL_RCC_GetSysClockFreq
                0x000000000800205c       0xc0 ./Drivers/STM32F1xx_HAL_Driver/Src/stm32f1xx_hal_rcc.o
                0x000000000800205c                HAL_RCC_GetSysClockFreq
 .text.HAL_RCC_GetHCLKFreq
                0x000000000800211c       0x14 ./Drivers/STM32F1xx_HAL_Driver/Src/stm32f1xx_hal_rcc.o
                0x000000000800211c                HAL_RCC_GetHCLKFreq
 .text.HAL_RCC_GetPCLK1Freq
                0x0000000008002130       0x28 ./Drivers/STM32F1xx_HAL_Driver/Src/stm32f1xx_hal_rcc.o
                0x0000000008002130                HAL_RCC_GetPCLK1Freq
 .text.HAL_RCC_GetPCLK2Freq
                0x0000000008002158       0x28 ./Drivers/STM32F1xx_HAL_Driver/Src/stm32f1xx_hal_rcc.o
                0x0000000008002158                HAL_RCC_GetPCLK2Freq
 .text.RCC_Delay
                0x0000000008002180       0x3c ./Drivers/STM32F1xx_HAL_Driver/Src/stm32f1xx_hal_rcc.o
 .text.HAL_TIM_Base_Init
                0x00000000080021bc       0x9e ./Drivers/STM32F1xx_HAL_Driver/Src/stm32f1xx_hal_tim.o
                0x00000000080021bc                HAL_TIM_Base_Init
 *fill*         0x000000000800225a        0x2 
 .text.HAL_TIM_Base_Start_IT
                0x000000000800225c       0xa4 ./Drivers/STM32F1xx_HAL_Driver/Src/stm32f1xx_hal_tim.o
                0x000000000800225c                HAL_TIM_Base_Start_IT
 .text.HAL_TIM_PWM_Init
                0x0000000008002300       0x9e ./Drivers/STM32F1xx_HAL_Driver/Src/stm32f1xx_hal_tim.o
                0x0000000008002300                HAL_TIM_PWM_Init
 .text.HAL_TIM_PWM_MspInit
                0x000000000800239e       0x12 ./Drivers/STM32F1xx_HAL_Driver/Src/stm32f1xx_hal_tim.o
                0x000000000800239e                HAL_TIM_PWM_MspInit
 .text.HAL_TIM_IRQHandler
                0x00000000080023b0      0x210 ./Drivers/STM32F1xx_HAL_Driver/Src/stm32f1xx_hal_tim.o
                0x00000000080023b0                HAL_TIM_IRQHandler
 .text.HAL_TIM_PWM_ConfigChannel
                0x00000000080025c0      0x17c ./Drivers/STM32F1xx_HAL_Driver/Src/stm32f1xx_hal_tim.o
                0x00000000080025c0                HAL_TIM_PWM_ConfigChannel
 .text.HAL_TIM_ConfigClockSource
                0x000000000800273c      0x188 ./Drivers/STM32F1xx_HAL_Driver/Src/stm32f1xx_hal_tim.o
                0x000000000800273c                HAL_TIM_ConfigClockSource
 .text.HAL_TIM_OC_DelayElapsedCallback
                0x00000000080028c4       0x12 ./Drivers/STM32F1xx_HAL_Driver/Src/stm32f1xx_hal_tim.o
                0x00000000080028c4                HAL_TIM_OC_DelayElapsedCallback
 .text.HAL_TIM_IC_CaptureCallback
                0x00000000080028d6       0x12 ./Drivers/STM32F1xx_HAL_Driver/Src/stm32f1xx_hal_tim.o
                0x00000000080028d6                HAL_TIM_IC_CaptureCallback
 .text.HAL_TIM_PWM_PulseFinishedCallback
                0x00000000080028e8       0x12 ./Drivers/STM32F1xx_HAL_Driver/Src/stm32f1xx_hal_tim.o
                0x00000000080028e8                HAL_TIM_PWM_PulseFinishedCallback
 .text.HAL_TIM_TriggerCallback
                0x00000000080028fa       0x12 ./Drivers/STM32F1xx_HAL_Driver/Src/stm32f1xx_hal_tim.o
                0x00000000080028fa                HAL_TIM_TriggerCallback
 .text.TIM_Base_SetConfig
                0x000000000800290c       0xc4 ./Drivers/STM32F1xx_HAL_Driver/Src/stm32f1xx_hal_tim.o
                0x000000000800290c                TIM_Base_SetConfig
 .text.TIM_OC1_SetConfig
                0x00000000080029d0       0xcc ./Drivers/STM32F1xx_HAL_Driver/Src/stm32f1xx_hal_tim.o
 .text.TIM_OC2_SetConfig
                0x0000000008002a9c       0xd4 ./Drivers/STM32F1xx_HAL_Driver/Src/stm32f1xx_hal_tim.o
                0x0000000008002a9c                TIM_OC2_SetConfig
 .text.TIM_OC3_SetConfig
                0x0000000008002b70       0xd4 ./Drivers/STM32F1xx_HAL_Driver/Src/stm32f1xx_hal_tim.o
 .text.TIM_OC4_SetConfig
                0x0000000008002c44       0x9c ./Drivers/STM32F1xx_HAL_Driver/Src/stm32f1xx_hal_tim.o
 .text.TIM_TI1_ConfigInputStage
                0x0000000008002ce0       0x5c ./Drivers/STM32F1xx_HAL_Driver/Src/stm32f1xx_hal_tim.o
 .text.TIM_TI2_ConfigInputStage
                0x0000000008002d3c       0x5e ./Drivers/STM32F1xx_HAL_Driver/Src/stm32f1xx_hal_tim.o
 .text.TIM_ITRx_SetConfig
                0x0000000008002d9a       0x34 ./Drivers/STM32F1xx_HAL_Driver/Src/stm32f1xx_hal_tim.o
 .text.TIM_ETR_SetConfig
                0x0000000008002dce       0x3e ./Drivers/STM32F1xx_HAL_Driver/Src/stm32f1xx_hal_tim.o
                0x0000000008002dce                TIM_ETR_SetConfig
 .text.HAL_TIMEx_MasterConfigSynchronization
                0x0000000008002e0c       0xbc ./Drivers/STM32F1xx_HAL_Driver/Src/stm32f1xx_hal_tim_ex.o
                0x0000000008002e0c                HAL_TIMEx_MasterConfigSynchronization
 .text.HAL_TIMEx_CommutCallback
                0x0000000008002ec8       0x12 ./Drivers/STM32F1xx_HAL_Driver/Src/stm32f1xx_hal_tim_ex.o
                0x0000000008002ec8                HAL_TIMEx_CommutCallback
 .text.HAL_TIMEx_BreakCallback
                0x0000000008002eda       0x12 ./Drivers/STM32F1xx_HAL_Driver/Src/stm32f1xx_hal_tim_ex.o
                0x0000000008002eda                HAL_TIMEx_BreakCallback
 .text.HAL_UART_Init
                0x0000000008002eec       0x9a ./Drivers/STM32F1xx_HAL_Driver/Src/stm32f1xx_hal_uart.o
                0x0000000008002eec                HAL_UART_Init
 .text.HAL_UART_Transmit
                0x0000000008002f86      0x124 ./Drivers/STM32F1xx_HAL_Driver/Src/stm32f1xx_hal_uart.o
                0x0000000008002f86                HAL_UART_Transmit
 .text.UART_WaitOnFlagUntilTimeout
                0x00000000080030aa       0x94 ./Drivers/STM32F1xx_HAL_Driver/Src/stm32f1xx_hal_uart.o
 *fill*         0x000000000800313e        0x2 
 .text.UART_SetConfig
                0x0000000008003140      0x11c ./Drivers/STM32F1xx_HAL_Driver/Src/stm32f1xx_hal_uart.o
 .text.__errno  0x000000000800325c        0xc c:/st/stm32cubeide_1.7.0/stm32cubeide/plugins/com.st.stm32cube.ide.mcu.externaltools.gnu-tools-for-stm32.9-2020-q2-update.win32_2.0.0.202105311346/tools/bin/../lib/gcc/arm-none-eabi/9.3.1/../../../../arm-none-eabi/lib/thumb/v7-m/nofp\libc_nano.a(lib_a-errno.o)
                0x000000000800325c                __errno
 .text.__libc_init_array
                0x0000000008003268       0x48 c:/st/stm32cubeide_1.7.0/stm32cubeide/plugins/com.st.stm32cube.ide.mcu.externaltools.gnu-tools-for-stm32.9-2020-q2-update.win32_2.0.0.202105311346/tools/bin/../lib/gcc/arm-none-eabi/9.3.1/../../../../arm-none-eabi/lib/thumb/v7-m/nofp\libc_nano.a(lib_a-init.o)
                0x0000000008003268                __libc_init_array
 .text.memset   0x00000000080032b0       0x10 c:/st/stm32cubeide_1.7.0/stm32cubeide/plugins/com.st.stm32cube.ide.mcu.externaltools.gnu-tools-for-stm32.9-2020-q2-update.win32_2.0.0.202105311346/tools/bin/../lib/gcc/arm-none-eabi/9.3.1/../../../../arm-none-eabi/lib/thumb/v7-m/nofp\libc_nano.a(lib_a-memset.o)
                0x00000000080032b0                memset
 .text.sprintf  0x00000000080032c0       0x40 c:/st/stm32cubeide_1.7.0/stm32cubeide/plugins/com.st.stm32cube.ide.mcu.externaltools.gnu-tools-for-stm32.9-2020-q2-update.win32_2.0.0.202105311346/tools/bin/../lib/gcc/arm-none-eabi/9.3.1/../../../../arm-none-eabi/lib/thumb/v7-m/nofp\libc_nano.a(lib_a-sprintf.o)
                0x00000000080032c0                siprintf
                0x00000000080032c0                sprintf
 .text.__ssputs_r
                0x0000000008003300       0xb6 c:/st/stm32cubeide_1.7.0/stm32cubeide/plugins/com.st.stm32cube.ide.mcu.externaltools.gnu-tools-for-stm32.9-2020-q2-update.win32_2.0.0.202105311346/tools/bin/../lib/gcc/arm-none-eabi/9.3.1/../../../../arm-none-eabi/lib/thumb/v7-m/nofp\libc_nano.a(lib_a-nano-svfprintf.o)
                0x0000000008003300                __ssputs_r
 *fill*         0x00000000080033b6        0x2 
 .text._svfprintf_r
                0x00000000080033b8      0x200 c:/st/stm32cubeide_1.7.0/stm32cubeide/plugins/com.st.stm32cube.ide.mcu.externaltools.gnu-tools-for-stm32.9-2020-q2-update.win32_2.0.0.202105311346/tools/bin/../lib/gcc/arm-none-eabi/9.3.1/../../../../arm-none-eabi/lib/thumb/v7-m/nofp\libc_nano.a(lib_a-nano-svfprintf.o)
                0x00000000080033b8                _svfiprintf_r
                0x00000000080033b8                _svfprintf_r
 .text._printf_common
                0x00000000080035b8       0xde c:/st/stm32cubeide_1.7.0/stm32cubeide/plugins/com.st.stm32cube.ide.mcu.externaltools.gnu-tools-for-stm32.9-2020-q2-update.win32_2.0.0.202105311346/tools/bin/../lib/gcc/arm-none-eabi/9.3.1/../../../../arm-none-eabi/lib/thumb/v7-m/nofp\libc_nano.a(lib_a-nano-vfprintf_i.o)
                0x00000000080035b8                _printf_common
 *fill*         0x0000000008003696        0x2 
 .text._printf_i
                0x0000000008003698      0x24c c:/st/stm32cubeide_1.7.0/stm32cubeide/plugins/com.st.stm32cube.ide.mcu.externaltools.gnu-tools-for-stm32.9-2020-q2-update.win32_2.0.0.202105311346/tools/bin/../lib/gcc/arm-none-eabi/9.3.1/../../../../arm-none-eabi/lib/thumb/v7-m/nofp\libc_nano.a(lib_a-nano-vfprintf_i.o)
                0x0000000008003698                _printf_i
 .text.memchr   0x00000000080038e4       0x1c c:/st/stm32cubeide_1.7.0/stm32cubeide/plugins/com.st.stm32cube.ide.mcu.externaltools.gnu-tools-for-stm32.9-2020-q2-update.win32_2.0.0.202105311346/tools/bin/../lib/gcc/arm-none-eabi/9.3.1/../../../../arm-none-eabi/lib/thumb/v7-m/nofp\libc_nano.a(lib_a-memchr-stub.o)
                0x00000000080038e4                memchr
 .text.memcpy   0x0000000008003900       0x1c c:/st/stm32cubeide_1.7.0/stm32cubeide/plugins/com.st.stm32cube.ide.mcu.externaltools.gnu-tools-for-stm32.9-2020-q2-update.win32_2.0.0.202105311346/tools/bin/../lib/gcc/arm-none-eabi/9.3.1/../../../../arm-none-eabi/lib/thumb/v7-m/nofp\libc_nano.a(lib_a-memcpy-stub.o)
                0x0000000008003900                memcpy
 .text.memmove  0x000000000800391c       0x34 c:/st/stm32cubeide_1.7.0/stm32cubeide/plugins/com.st.stm32cube.ide.mcu.externaltools.gnu-tools-for-stm32.9-2020-q2-update.win32_2.0.0.202105311346/tools/bin/../lib/gcc/arm-none-eabi/9.3.1/../../../../arm-none-eabi/lib/thumb/v7-m/nofp\libc_nano.a(lib_a-memmove.o)
                0x000000000800391c                memmove
 .text._free_r  0x0000000008003950       0x98 c:/st/stm32cubeide_1.7.0/stm32cubeide/plugins/com.st.stm32cube.ide.mcu.externaltools.gnu-tools-for-stm32.9-2020-q2-update.win32_2.0.0.202105311346/tools/bin/../lib/gcc/arm-none-eabi/9.3.1/../../../../arm-none-eabi/lib/thumb/v7-m/nofp\libc_nano.a(lib_a-nano-freer.o)
                0x0000000008003950                _free_r
 .text._malloc_r
                0x00000000080039e8       0xb4 c:/st/stm32cubeide_1.7.0/stm32cubeide/plugins/com.st.stm32cube.ide.mcu.externaltools.gnu-tools-for-stm32.9-2020-q2-update.win32_2.0.0.202105311346/tools/bin/../lib/gcc/arm-none-eabi/9.3.1/../../../../arm-none-eabi/lib/thumb/v7-m/nofp\libc_nano.a(lib_a-nano-mallocr.o)
                0x00000000080039e8                _malloc_r
 .text._realloc_r
                0x0000000008003a9c       0x4c c:/st/stm32cubeide_1.7.0/stm32cubeide/plugins/com.st.stm32cube.ide.mcu.externaltools.gnu-tools-for-stm32.9-2020-q2-update.win32_2.0.0.202105311346/tools/bin/../lib/gcc/arm-none-eabi/9.3.1/../../../../arm-none-eabi/lib/thumb/v7-m/nofp\libc_nano.a(lib_a-nano-reallocr.o)
                0x0000000008003a9c                _realloc_r
 .text._sbrk_r  0x0000000008003ae8       0x20 c:/st/stm32cubeide_1.7.0/stm32cubeide/plugins/com.st.stm32cube.ide.mcu.externaltools.gnu-tools-for-stm32.9-2020-q2-update.win32_2.0.0.202105311346/tools/bin/../lib/gcc/arm-none-eabi/9.3.1/../../../../arm-none-eabi/lib/thumb/v7-m/nofp\libc_nano.a(lib_a-sbrkr.o)
                0x0000000008003ae8                _sbrk_r
 .text.__malloc_lock
                0x0000000008003b08        0xc c:/st/stm32cubeide_1.7.0/stm32cubeide/plugins/com.st.stm32cube.ide.mcu.externaltools.gnu-tools-for-stm32.9-2020-q2-update.win32_2.0.0.202105311346/tools/bin/../lib/gcc/arm-none-eabi/9.3.1/../../../../arm-none-eabi/lib/thumb/v7-m/nofp\libc_nano.a(lib_a-mlock.o)
                0x0000000008003b08                __malloc_lock
 .text.__malloc_unlock
                0x0000000008003b14        0xc c:/st/stm32cubeide_1.7.0/stm32cubeide/plugins/com.st.stm32cube.ide.mcu.externaltools.gnu-tools-for-stm32.9-2020-q2-update.win32_2.0.0.202105311346/tools/bin/../lib/gcc/arm-none-eabi/9.3.1/../../../../arm-none-eabi/lib/thumb/v7-m/nofp\libc_nano.a(lib_a-mlock.o)
                0x0000000008003b14                __malloc_unlock
 .text._malloc_usable_size_r
                0x0000000008003b20       0x10 c:/st/stm32cubeide_1.7.0/stm32cubeide/plugins/com.st.stm32cube.ide.mcu.externaltools.gnu-tools-for-stm32.9-2020-q2-update.win32_2.0.0.202105311346/tools/bin/../lib/gcc/arm-none-eabi/9.3.1/../../../../arm-none-eabi/lib/thumb/v7-m/nofp\libc_nano.a(lib_a-nano-msizer.o)
                0x0000000008003b20                _malloc_usable_size_r
 .text.__retarget_lock_acquire_recursive
                0x0000000008003b30        0x2 c:/st/stm32cubeide_1.7.0/stm32cubeide/plugins/com.st.stm32cube.ide.mcu.externaltools.gnu-tools-for-stm32.9-2020-q2-update.win32_2.0.0.202105311346/tools/bin/../lib/gcc/arm-none-eabi/9.3.1/../../../../arm-none-eabi/lib/thumb/v7-m/nofp\libc_nano.a(lib_a-lock.o)
                0x0000000008003b30                __retarget_lock_acquire_recursive
 .text.__retarget_lock_release_recursive
                0x0000000008003b32        0x2 c:/st/stm32cubeide_1.7.0/stm32cubeide/plugins/com.st.stm32cube.ide.mcu.externaltools.gnu-tools-for-stm32.9-2020-q2-update.win32_2.0.0.202105311346/tools/bin/../lib/gcc/arm-none-eabi/9.3.1/../../../../arm-none-eabi/lib/thumb/v7-m/nofp\libc_nano.a(lib_a-lock.o)
                0x0000000008003b32                __retarget_lock_release_recursive
 *(.glue_7)
 .glue_7        0x0000000008003b34        0x0 linker stubs
 *(.glue_7t)
 .glue_7t       0x0000000008003b34        0x0 linker stubs
 *(.eh_frame)
 .eh_frame      0x0000000008003b34        0x0 c:/st/stm32cubeide_1.7.0/stm32cubeide/plugins/com.st.stm32cube.ide.mcu.externaltools.gnu-tools-for-stm32.9-2020-q2-update.win32_2.0.0.202105311346/tools/bin/../lib/gcc/arm-none-eabi/9.3.1/thumb/v7-m/nofp/crtbegin.o
 *(.init)
 .init          0x0000000008003b34        0x4 c:/st/stm32cubeide_1.7.0/stm32cubeide/plugins/com.st.stm32cube.ide.mcu.externaltools.gnu-tools-for-stm32.9-2020-q2-update.win32_2.0.0.202105311346/tools/bin/../lib/gcc/arm-none-eabi/9.3.1/thumb/v7-m/nofp/crti.o
                0x0000000008003b34                _init
 .init          0x0000000008003b38        0x8 c:/st/stm32cubeide_1.7.0/stm32cubeide/plugins/com.st.stm32cube.ide.mcu.externaltools.gnu-tools-for-stm32.9-2020-q2-update.win32_2.0.0.202105311346/tools/bin/../lib/gcc/arm-none-eabi/9.3.1/thumb/v7-m/nofp/crtn.o
 *(.fini)
 .fini          0x0000000008003b40        0x4 c:/st/stm32cubeide_1.7.0/stm32cubeide/plugins/com.st.stm32cube.ide.mcu.externaltools.gnu-tools-for-stm32.9-2020-q2-update.win32_2.0.0.202105311346/tools/bin/../lib/gcc/arm-none-eabi/9.3.1/thumb/v7-m/nofp/crti.o
                0x0000000008003b40                _fini
 .fini          0x0000000008003b44        0x8 c:/st/stm32cubeide_1.7.0/stm32cubeide/plugins/com.st.stm32cube.ide.mcu.externaltools.gnu-tools-for-stm32.9-2020-q2-update.win32_2.0.0.202105311346/tools/bin/../lib/gcc/arm-none-eabi/9.3.1/thumb/v7-m/nofp/crtn.o
                0x0000000008003b4c                . = ALIGN (0x4)
                0x0000000008003b4c                _etext = .

.vfp11_veneer   0x0000000008003b4c        0x0
 .vfp11_veneer  0x0000000008003b4c        0x0 linker stubs

.v4_bx          0x0000000008003b4c        0x0
 .v4_bx         0x0000000008003b4c        0x0 linker stubs

.iplt           0x0000000008003b4c        0x0
 .iplt          0x0000000008003b4c        0x0 c:/st/stm32cubeide_1.7.0/stm32cubeide/plugins/com.st.stm32cube.ide.mcu.externaltools.gnu-tools-for-stm32.9-2020-q2-update.win32_2.0.0.202105311346/tools/bin/../lib/gcc/arm-none-eabi/9.3.1/thumb/v7-m/nofp/crtbegin.o

.rodata         0x0000000008003b4c       0x68
                0x0000000008003b4c                . = ALIGN (0x4)
 *(.rodata)
 .rodata        0x0000000008003b4c        0xc ./Core/Src/displayUart.o
 .rodata        0x0000000008003b58       0x10 ./Drivers/STM32F1xx_HAL_Driver/Src/stm32f1xx_hal_rcc.o
 *(.rodata*)
 .rodata.AHBPrescTable
                0x0000000008003b68       0x10 ./Core/Src/system_stm32f1xx.o
                0x0000000008003b68                AHBPrescTable
 .rodata.APBPrescTable
                0x0000000008003b78        0x8 ./Core/Src/system_stm32f1xx.o
                0x0000000008003b78                APBPrescTable
 .rodata._svfprintf_r.str1.1
                0x0000000008003b80       0x11 c:/st/stm32cubeide_1.7.0/stm32cubeide/plugins/com.st.stm32cube.ide.mcu.externaltools.gnu-tools-for-stm32.9-2020-q2-update.win32_2.0.0.202105311346/tools/bin/../lib/gcc/arm-none-eabi/9.3.1/../../../../arm-none-eabi/lib/thumb/v7-m/nofp\libc_nano.a(lib_a-nano-svfprintf.o)
 .rodata._printf_i.str1.1
                0x0000000008003b91       0x22 c:/st/stm32cubeide_1.7.0/stm32cubeide/plugins/com.st.stm32cube.ide.mcu.externaltools.gnu-tools-for-stm32.9-2020-q2-update.win32_2.0.0.202105311346/tools/bin/../lib/gcc/arm-none-eabi/9.3.1/../../../../arm-none-eabi/lib/thumb/v7-m/nofp\libc_nano.a(lib_a-nano-vfprintf_i.o)
                0x0000000008003bb4                . = ALIGN (0x4)
 *fill*         0x0000000008003bb3        0x1 

.rel.dyn        0x0000000008003bb4        0x0
 .rel.iplt      0x0000000008003bb4        0x0 c:/st/stm32cubeide_1.7.0/stm32cubeide/plugins/com.st.stm32cube.ide.mcu.externaltools.gnu-tools-for-stm32.9-2020-q2-update.win32_2.0.0.202105311346/tools/bin/../lib/gcc/arm-none-eabi/9.3.1/thumb/v7-m/nofp/crtbegin.o

.ARM.extab      0x0000000008003bb4        0x0
                0x0000000008003bb4                . = ALIGN (0x4)
 *(.ARM.extab* .gnu.linkonce.armextab.*)
                0x0000000008003bb4                . = ALIGN (0x4)

.ARM            0x0000000008003bb4        0x0
                0x0000000008003bb4                . = ALIGN (0x4)
                0x0000000008003bb4                __exidx_start = .
 *(.ARM.exidx*)
                0x0000000008003bb4                __exidx_end = .
                0x0000000008003bb4                . = ALIGN (0x4)

.preinit_array  0x0000000008003bb4        0x0
                0x0000000008003bb4                . = ALIGN (0x4)
                0x0000000008003bb4                PROVIDE (__preinit_array_start = .)
 *(.preinit_array*)
                0x0000000008003bb4                PROVIDE (__preinit_array_end = .)
                0x0000000008003bb4                . = ALIGN (0x4)

.init_array     0x0000000008003bb4        0x4
                0x0000000008003bb4                . = ALIGN (0x4)
                0x0000000008003bb4                PROVIDE (__init_array_start = .)
 *(SORT_BY_NAME(.init_array.*))
 *(.init_array*)
 .init_array    0x0000000008003bb4        0x4 c:/st/stm32cubeide_1.7.0/stm32cubeide/plugins/com.st.stm32cube.ide.mcu.externaltools.gnu-tools-for-stm32.9-2020-q2-update.win32_2.0.0.202105311346/tools/bin/../lib/gcc/arm-none-eabi/9.3.1/thumb/v7-m/nofp/crtbegin.o
                0x0000000008003bb8                PROVIDE (__init_array_end = .)
                0x0000000008003bb8                . = ALIGN (0x4)

.fini_array     0x0000000008003bb8        0x4
                0x0000000008003bb8                . = ALIGN (0x4)
                [!provide]                        PROVIDE (__fini_array_start = .)
 *(SORT_BY_NAME(.fini_array.*))
 *(.fini_array*)
 .fini_array    0x0000000008003bb8        0x4 c:/st/stm32cubeide_1.7.0/stm32cubeide/plugins/com.st.stm32cube.ide.mcu.externaltools.gnu-tools-for-stm32.9-2020-q2-update.win32_2.0.0.202105311346/tools/bin/../lib/gcc/arm-none-eabi/9.3.1/thumb/v7-m/nofp/crtbegin.o
                [!provide]                        PROVIDE (__fini_array_end = .)
                0x0000000008003bbc                . = ALIGN (0x4)
                0x0000000008003bbc                _sidata = LOADADDR (.data)

.data           0x0000000020000000       0x90 load address 0x0000000008003bbc
                0x0000000020000000                . = ALIGN (0x4)
                0x0000000020000000                _sdata = .
 *(.data)
 *(.data*)
 .data.CURRENT_STATE
                0x0000000020000000        0x8 ./Core/Src/global.o
                0x0000000020000000                CURRENT_STATE
 .data.SEG7_CLOCK
                0x0000000020000008        0x8 ./Core/Src/global.o
                0x0000000020000008                SEG7_CLOCK
 .data.LED_TIME
                0x0000000020000010        0xc ./Core/Src/global.o
                0x0000000020000010                LED_TIME
 .data.TIMER_CYCLE
                0x000000002000001c        0x4 ./Core/Src/software_timer.o
                0x000000002000001c                TIMER_CYCLE
 .data.SystemCoreClock
                0x0000000020000020        0x4 ./Core/Src/system_stm32f1xx.o
                0x0000000020000020                SystemCoreClock
 .data.uwTickPrio
                0x0000000020000024        0x4 ./Drivers/STM32F1xx_HAL_Driver/Src/stm32f1xx_hal.o
                0x0000000020000024                uwTickPrio
 .data.uwTickFreq
                0x0000000020000028        0x1 ./Drivers/STM32F1xx_HAL_Driver/Src/stm32f1xx_hal.o
                0x0000000020000028                uwTickFreq
 *fill*         0x0000000020000029        0x3 
 .data._impure_ptr
                0x000000002000002c        0x4 c:/st/stm32cubeide_1.7.0/stm32cubeide/plugins/com.st.stm32cube.ide.mcu.externaltools.gnu-tools-for-stm32.9-2020-q2-update.win32_2.0.0.202105311346/tools/bin/../lib/gcc/arm-none-eabi/9.3.1/../../../../arm-none-eabi/lib/thumb/v7-m/nofp\libc_nano.a(lib_a-impure.o)
                0x000000002000002c                _impure_ptr
 .data.impure_data
                0x0000000020000030       0x60 c:/st/stm32cubeide_1.7.0/stm32cubeide/plugins/com.st.stm32cube.ide.mcu.externaltools.gnu-tools-for-stm32.9-2020-q2-update.win32_2.0.0.202105311346/tools/bin/../lib/gcc/arm-none-eabi/9.3.1/../../../../arm-none-eabi/lib/thumb/v7-m/nofp\libc_nano.a(lib_a-impure.o)
 *(.RamFunc)
 *(.RamFunc*)
                0x0000000020000090                . = ALIGN (0x4)
                0x0000000020000090                _edata = .

.igot.plt       0x0000000020000090        0x0 load address 0x0000000008003c4c
 .igot.plt      0x0000000020000090        0x0 c:/st/stm32cubeide_1.7.0/stm32cubeide/plugins/com.st.stm32cube.ide.mcu.externaltools.gnu-tools-for-stm32.9-2020-q2-update.win32_2.0.0.202105311346/tools/bin/../lib/gcc/arm-none-eabi/9.3.1/thumb/v7-m/nofp/crtbegin.o
                0x0000000020000090                . = ALIGN (0x4)

.bss            0x0000000020000090      0x494 load address 0x0000000008003c4c
                0x0000000020000090                _sbss = .
                0x0000000020000090                __bss_start__ = _sbss
 *(.bss)
 .bss           0x0000000020000090       0x1c c:/st/stm32cubeide_1.7.0/stm32cubeide/plugins/com.st.stm32cube.ide.mcu.externaltools.gnu-tools-for-stm32.9-2020-q2-update.win32_2.0.0.202105311346/tools/bin/../lib/gcc/arm-none-eabi/9.3.1/thumb/v7-m/nofp/crtbegin.o
 *(.bss*)
 .bss.status    0x00000000200000ac        0x4 ./Core/Src/global.o
                0x00000000200000ac                status
 .bss.start     0x00000000200000b0        0x4 ./Core/Src/global.o
                0x00000000200000b0                start
 .bss.index_mode
                0x00000000200000b4        0x4 ./Core/Src/global.o
                0x00000000200000b4                index_mode
 .bss.TIMES_INC
                0x00000000200000b8        0x4 ./Core/Src/global.o
                0x00000000200000b8                TIMES_INC
 .bss.buttonState
                0x00000000200000bc        0x1 ./Core/Src/input_processing.o
                0x00000000200000bc                buttonState
 *fill*         0x00000000200000bd        0x3 
 .bss.buttonBuffer
                0x00000000200000c0        0x4 ./Core/Src/input_reading.o
 .bss.current_index_task
                0x00000000200000c4        0x4 ./Core/Src/scheduler.o
                0x00000000200000c4                current_index_task
 .bss.Error_code_G
                0x00000000200000c8        0x4 ./Core/Src/scheduler.o
                0x00000000200000c8                Error_code_G
 .bss.min_index
                0x00000000200000cc        0x4 ./Core/Src/scheduler.o
                0x00000000200000cc                min_index
 .bss.min_delay
                0x00000000200000d0        0x4 ./Core/Src/scheduler.o
                0x00000000200000d0                min_delay
 .bss.timer2_flag
                0x00000000200000d4        0x4 ./Core/Src/software_timer.o
                0x00000000200000d4                timer2_flag
 .bss.timer2_counter
                0x00000000200000d8        0x4 ./Core/Src/software_timer.o
                0x00000000200000d8                timer2_counter
 .bss.__sbrk_heap_end
                0x00000000200000dc        0x4 ./Core/Src/sysmem.o
 .bss.__malloc_free_list
                0x00000000200000e0        0x4 c:/st/stm32cubeide_1.7.0/stm32cubeide/plugins/com.st.stm32cube.ide.mcu.externaltools.gnu-tools-for-stm32.9-2020-q2-update.win32_2.0.0.202105311346/tools/bin/../lib/gcc/arm-none-eabi/9.3.1/../../../../arm-none-eabi/lib/thumb/v7-m/nofp\libc_nano.a(lib_a-nano-mallocr.o)
                0x00000000200000e0                __malloc_free_list
 .bss.__malloc_sbrk_start
                0x00000000200000e4        0x4 c:/st/stm32cubeide_1.7.0/stm32cubeide/plugins/com.st.stm32cube.ide.mcu.externaltools.gnu-tools-for-stm32.9-2020-q2-update.win32_2.0.0.202105311346/tools/bin/../lib/gcc/arm-none-eabi/9.3.1/../../../../arm-none-eabi/lib/thumb/v7-m/nofp\libc_nano.a(lib_a-nano-mallocr.o)
                0x00000000200000e4                __malloc_sbrk_start
 *(COMMON)
 COMMON         0x00000000200000e8       0x32 ./Core/Src/displayUart.o
                0x00000000200000e8                str
 *fill*         0x000000002000011a        0x2 
 COMMON         0x000000002000011c       0xd4 ./Core/Src/main.o
                0x000000002000011c                htim3
                0x0000000020000164                htim2
                0x00000000200001ac                huart2
 COMMON         0x00000000200001f0      0x320 ./Core/Src/scheduler.o
                0x00000000200001f0                SCH_tasks_G
 COMMON         0x0000000020000510        0x4 ./Drivers/STM32F1xx_HAL_Driver/Src/stm32f1xx_hal.o
                0x0000000020000510                uwTick
 COMMON         0x0000000020000514        0x4 c:/st/stm32cubeide_1.7.0/stm32cubeide/plugins/com.st.stm32cube.ide.mcu.externaltools.gnu-tools-for-stm32.9-2020-q2-update.win32_2.0.0.202105311346/tools/bin/../lib/gcc/arm-none-eabi/9.3.1/../../../../arm-none-eabi/lib/thumb/v7-m/nofp\libc_nano.a(lib_a-reent.o)
                0x0000000020000514                errno
 COMMON         0x0000000020000518        0x9 c:/st/stm32cubeide_1.7.0/stm32cubeide/plugins/com.st.stm32cube.ide.mcu.externaltools.gnu-tools-for-stm32.9-2020-q2-update.win32_2.0.0.202105311346/tools/bin/../lib/gcc/arm-none-eabi/9.3.1/../../../../arm-none-eabi/lib/thumb/v7-m/nofp\libc_nano.a(lib_a-lock.o)
                0x0000000020000518                __lock___atexit_recursive_mutex
                0x0000000020000519                __lock___arc4random_mutex
                0x000000002000051a                __lock___env_recursive_mutex
                0x000000002000051b                __lock___sinit_recursive_mutex
                0x000000002000051c                __lock___malloc_recursive_mutex
                0x000000002000051d                __lock___at_quick_exit_mutex
                0x000000002000051e                __lock___dd_hash_mutex
                0x000000002000051f                __lock___tz_mutex
                0x0000000020000520                __lock___sfp_recursive_mutex
                0x0000000020000524                . = ALIGN (0x4)
 *fill*         0x0000000020000521        0x3 
                0x0000000020000524                _ebss = .
                0x0000000020000524                __bss_end__ = _ebss

._user_heap_stack
                0x0000000020000524      0x604 load address 0x0000000008003c4c
                0x0000000020000528                . = ALIGN (0x8)
 *fill*         0x0000000020000524        0x4 
                [!provide]                        PROVIDE (end = .)
                0x0000000020000528                PROVIDE (_end = .)
                0x0000000020000728                . = (. + _Min_Heap_Size)
 *fill*         0x0000000020000528      0x200 
                0x0000000020000b28                . = (. + _Min_Stack_Size)
 *fill*         0x0000000020000728      0x400 
                0x0000000020000b28                . = ALIGN (0x8)

/DISCARD/
 libc.a(*)
 libm.a(*)
 libgcc.a(*)

.ARM.attributes
                0x0000000000000000       0x29
 *(.ARM.attributes)
 .ARM.attributes
                0x0000000000000000       0x1d c:/st/stm32cubeide_1.7.0/stm32cubeide/plugins/com.st.stm32cube.ide.mcu.externaltools.gnu-tools-for-stm32.9-2020-q2-update.win32_2.0.0.202105311346/tools/bin/../lib/gcc/arm-none-eabi/9.3.1/thumb/v7-m/nofp/crti.o
 .ARM.attributes
                0x000000000000001d       0x2d c:/st/stm32cubeide_1.7.0/stm32cubeide/plugins/com.st.stm32cube.ide.mcu.externaltools.gnu-tools-for-stm32.9-2020-q2-update.win32_2.0.0.202105311346/tools/bin/../lib/gcc/arm-none-eabi/9.3.1/thumb/v7-m/nofp/crtbegin.o
 .ARM.attributes
                0x000000000000004a       0x2d ./Core/Src/displayUart.o
 .ARM.attributes
                0x0000000000000077       0x33 ./Core/Src/global.o
 .ARM.attributes
                0x00000000000000aa       0x2d ./Core/Src/input_processing.o
 .ARM.attributes
                0x00000000000000d7       0x2d ./Core/Src/input_reading.o
 .ARM.attributes
                0x0000000000000104       0x2d ./Core/Src/main.o
 .ARM.attributes
                0x0000000000000131       0x2d ./Core/Src/scheduler.o
 .ARM.attributes
                0x000000000000015e       0x2d ./Core/Src/software_timer.o
 .ARM.attributes
                0x000000000000018b       0x2d ./Core/Src/stm32f1xx_hal_msp.o
 .ARM.attributes
                0x00000000000001b8       0x2d ./Core/Src/stm32f1xx_it.o
 .ARM.attributes
                0x00000000000001e5       0x2d ./Core/Src/sysmem.o
 .ARM.attributes
                0x0000000000000212       0x2d ./Core/Src/system_stm32f1xx.o
 .ARM.attributes
                0x000000000000023f       0x21 ./Core/Startup/startup_stm32f103rbtx.o
 .ARM.attributes
                0x0000000000000260       0x2d ./Drivers/STM32F1xx_HAL_Driver/Src/stm32f1xx_hal.o
 .ARM.attributes
                0x000000000000028d       0x2d ./Drivers/STM32F1xx_HAL_Driver/Src/stm32f1xx_hal_cortex.o
 .ARM.attributes
                0x00000000000002ba       0x2d ./Drivers/STM32F1xx_HAL_Driver/Src/stm32f1xx_hal_gpio.o
 .ARM.attributes
                0x00000000000002e7       0x2d ./Drivers/STM32F1xx_HAL_Driver/Src/stm32f1xx_hal_pwr.o
 .ARM.attributes
                0x0000000000000314       0x2d ./Drivers/STM32F1xx_HAL_Driver/Src/stm32f1xx_hal_rcc.o
 .ARM.attributes
                0x0000000000000341       0x2d ./Drivers/STM32F1xx_HAL_Driver/Src/stm32f1xx_hal_tim.o
 .ARM.attributes
                0x000000000000036e       0x2d ./Drivers/STM32F1xx_HAL_Driver/Src/stm32f1xx_hal_tim_ex.o
 .ARM.attributes
                0x000000000000039b       0x2d ./Drivers/STM32F1xx_HAL_Driver/Src/stm32f1xx_hal_uart.o
 .ARM.attributes
                0x00000000000003c8       0x2d c:/st/stm32cubeide_1.7.0/stm32cubeide/plugins/com.st.stm32cube.ide.mcu.externaltools.gnu-tools-for-stm32.9-2020-q2-update.win32_2.0.0.202105311346/tools/bin/../lib/gcc/arm-none-eabi/9.3.1/../../../../arm-none-eabi/lib/thumb/v7-m/nofp\libc_nano.a(lib_a-errno.o)
 .ARM.attributes
                0x00000000000003f5       0x2d c:/st/stm32cubeide_1.7.0/stm32cubeide/plugins/com.st.stm32cube.ide.mcu.externaltools.gnu-tools-for-stm32.9-2020-q2-update.win32_2.0.0.202105311346/tools/bin/../lib/gcc/arm-none-eabi/9.3.1/../../../../arm-none-eabi/lib/thumb/v7-m/nofp\libc_nano.a(lib_a-impure.o)
 .ARM.attributes
                0x0000000000000422       0x2d c:/st/stm32cubeide_1.7.0/stm32cubeide/plugins/com.st.stm32cube.ide.mcu.externaltools.gnu-tools-for-stm32.9-2020-q2-update.win32_2.0.0.202105311346/tools/bin/../lib/gcc/arm-none-eabi/9.3.1/../../../../arm-none-eabi/lib/thumb/v7-m/nofp\libc_nano.a(lib_a-init.o)
 .ARM.attributes
                0x000000000000044f       0x2d c:/st/stm32cubeide_1.7.0/stm32cubeide/plugins/com.st.stm32cube.ide.mcu.externaltools.gnu-tools-for-stm32.9-2020-q2-update.win32_2.0.0.202105311346/tools/bin/../lib/gcc/arm-none-eabi/9.3.1/../../../../arm-none-eabi/lib/thumb/v7-m/nofp\libc_nano.a(lib_a-memset.o)
 .ARM.attributes
                0x000000000000047c       0x2d c:/st/stm32cubeide_1.7.0/stm32cubeide/plugins/com.st.stm32cube.ide.mcu.externaltools.gnu-tools-for-stm32.9-2020-q2-update.win32_2.0.0.202105311346/tools/bin/../lib/gcc/arm-none-eabi/9.3.1/../../../../arm-none-eabi/lib/thumb/v7-m/nofp\libc_nano.a(lib_a-sprintf.o)
 .ARM.attributes
                0x00000000000004a9       0x2d c:/st/stm32cubeide_1.7.0/stm32cubeide/plugins/com.st.stm32cube.ide.mcu.externaltools.gnu-tools-for-stm32.9-2020-q2-update.win32_2.0.0.202105311346/tools/bin/../lib/gcc/arm-none-eabi/9.3.1/../../../../arm-none-eabi/lib/thumb/v7-m/nofp\libc_nano.a(lib_a-nano-svfprintf.o)
 .ARM.attributes
                0x00000000000004d6       0x2d c:/st/stm32cubeide_1.7.0/stm32cubeide/plugins/com.st.stm32cube.ide.mcu.externaltools.gnu-tools-for-stm32.9-2020-q2-update.win32_2.0.0.202105311346/tools/bin/../lib/gcc/arm-none-eabi/9.3.1/../../../../arm-none-eabi/lib/thumb/v7-m/nofp\libc_nano.a(lib_a-nano-vfprintf_i.o)
 .ARM.attributes
                0x0000000000000503       0x2d c:/st/stm32cubeide_1.7.0/stm32cubeide/plugins/com.st.stm32cube.ide.mcu.externaltools.gnu-tools-for-stm32.9-2020-q2-update.win32_2.0.0.202105311346/tools/bin/../lib/gcc/arm-none-eabi/9.3.1/../../../../arm-none-eabi/lib/thumb/v7-m/nofp\libc_nano.a(lib_a-memchr-stub.o)
 .ARM.attributes
                0x0000000000000530       0x2d c:/st/stm32cubeide_1.7.0/stm32cubeide/plugins/com.st.stm32cube.ide.mcu.externaltools.gnu-tools-for-stm32.9-2020-q2-update.win32_2.0.0.202105311346/tools/bin/../lib/gcc/arm-none-eabi/9.3.1/../../../../arm-none-eabi/lib/thumb/v7-m/nofp\libc_nano.a(lib_a-memcpy-stub.o)
 .ARM.attributes
                0x000000000000055d       0x2d c:/st/stm32cubeide_1.7.0/stm32cubeide/plugins/com.st.stm32cube.ide.mcu.externaltools.gnu-tools-for-stm32.9-2020-q2-update.win32_2.0.0.202105311346/tools/bin/../lib/gcc/arm-none-eabi/9.3.1/../../../../arm-none-eabi/lib/thumb/v7-m/nofp\libc_nano.a(lib_a-memmove.o)
 .ARM.attributes
                0x000000000000058a       0x2d c:/st/stm32cubeide_1.7.0/stm32cubeide/plugins/com.st.stm32cube.ide.mcu.externaltools.gnu-tools-for-stm32.9-2020-q2-update.win32_2.0.0.202105311346/tools/bin/../lib/gcc/arm-none-eabi/9.3.1/../../../../arm-none-eabi/lib/thumb/v7-m/nofp\libc_nano.a(lib_a-nano-freer.o)
 .ARM.attributes
                0x00000000000005b7       0x2d c:/st/stm32cubeide_1.7.0/stm32cubeide/plugins/com.st.stm32cube.ide.mcu.externaltools.gnu-tools-for-stm32.9-2020-q2-update.win32_2.0.0.202105311346/tools/bin/../lib/gcc/arm-none-eabi/9.3.1/../../../../arm-none-eabi/lib/thumb/v7-m/nofp\libc_nano.a(lib_a-nano-mallocr.o)
 .ARM.attributes
                0x00000000000005e4       0x2d c:/st/stm32cubeide_1.7.0/stm32cubeide/plugins/com.st.stm32cube.ide.mcu.externaltools.gnu-tools-for-stm32.9-2020-q2-update.win32_2.0.0.202105311346/tools/bin/../lib/gcc/arm-none-eabi/9.3.1/../../../../arm-none-eabi/lib/thumb/v7-m/nofp\libc_nano.a(lib_a-nano-reallocr.o)
 .ARM.attributes
                0x0000000000000611       0x2d c:/st/stm32cubeide_1.7.0/stm32cubeide/plugins/com.st.stm32cube.ide.mcu.externaltools.gnu-tools-for-stm32.9-2020-q2-update.win32_2.0.0.202105311346/tools/bin/../lib/gcc/arm-none-eabi/9.3.1/../../../../arm-none-eabi/lib/thumb/v7-m/nofp\libc_nano.a(lib_a-sbrkr.o)
 .ARM.attributes
                0x000000000000063e       0x2d c:/st/stm32cubeide_1.7.0/stm32cubeide/plugins/com.st.stm32cube.ide.mcu.externaltools.gnu-tools-for-stm32.9-2020-q2-update.win32_2.0.0.202105311346/tools/bin/../lib/gcc/arm-none-eabi/9.3.1/../../../../arm-none-eabi/lib/thumb/v7-m/nofp\libc_nano.a(lib_a-mlock.o)
 .ARM.attributes
                0x000000000000066b       0x2d c:/st/stm32cubeide_1.7.0/stm32cubeide/plugins/com.st.stm32cube.ide.mcu.externaltools.gnu-tools-for-stm32.9-2020-q2-update.win32_2.0.0.202105311346/tools/bin/../lib/gcc/arm-none-eabi/9.3.1/../../../../arm-none-eabi/lib/thumb/v7-m/nofp\libc_nano.a(lib_a-nano-msizer.o)
 .ARM.attributes
                0x0000000000000698       0x2d c:/st/stm32cubeide_1.7.0/stm32cubeide/plugins/com.st.stm32cube.ide.mcu.externaltools.gnu-tools-for-stm32.9-2020-q2-update.win32_2.0.0.202105311346/tools/bin/../lib/gcc/arm-none-eabi/9.3.1/../../../../arm-none-eabi/lib/thumb/v7-m/nofp\libc_nano.a(lib_a-reent.o)
 .ARM.attributes
                0x00000000000006c5       0x2d c:/st/stm32cubeide_1.7.0/stm32cubeide/plugins/com.st.stm32cube.ide.mcu.externaltools.gnu-tools-for-stm32.9-2020-q2-update.win32_2.0.0.202105311346/tools/bin/../lib/gcc/arm-none-eabi/9.3.1/../../../../arm-none-eabi/lib/thumb/v7-m/nofp\libc_nano.a(lib_a-lock.o)
 .ARM.attributes
                0x00000000000006f2       0x1d c:/st/stm32cubeide_1.7.0/stm32cubeide/plugins/com.st.stm32cube.ide.mcu.externaltools.gnu-tools-for-stm32.9-2020-q2-update.win32_2.0.0.202105311346/tools/bin/../lib/gcc/arm-none-eabi/9.3.1/thumb/v7-m/nofp/crtn.o
OUTPUT(Final_Project_PWM.elf elf32-littlearm)
LOAD linker stubs
LOAD c:/st/stm32cubeide_1.7.0/stm32cubeide/plugins/com.st.stm32cube.ide.mcu.externaltools.gnu-tools-for-stm32.9-2020-q2-update.win32_2.0.0.202105311346/tools/bin/../lib/gcc/arm-none-eabi/9.3.1/../../../../arm-none-eabi/lib/thumb/v7-m/nofp\libc.a
LOAD c:/st/stm32cubeide_1.7.0/stm32cubeide/plugins/com.st.stm32cube.ide.mcu.externaltools.gnu-tools-for-stm32.9-2020-q2-update.win32_2.0.0.202105311346/tools/bin/../lib/gcc/arm-none-eabi/9.3.1/../../../../arm-none-eabi/lib/thumb/v7-m/nofp\libm.a
LOAD c:/st/stm32cubeide_1.7.0/stm32cubeide/plugins/com.st.stm32cube.ide.mcu.externaltools.gnu-tools-for-stm32.9-2020-q2-update.win32_2.0.0.202105311346/tools/bin/../lib/gcc/arm-none-eabi/9.3.1/thumb/v7-m/nofp\libgcc.a

.debug_info     0x0000000000000000     0xe977
 .debug_info    0x0000000000000000     0x1000 ./Core/Src/displayUart.o
 .debug_info    0x0000000000001000      0x394 ./Core/Src/global.o
 .debug_info    0x0000000000001394      0x51e ./Core/Src/input_processing.o
 .debug_info    0x00000000000018b2      0x4d7 ./Core/Src/input_reading.o
 .debug_info    0x0000000000001d89     0x1a66 ./Core/Src/main.o
 .debug_info    0x00000000000037ef      0xcf9 ./Core/Src/scheduler.o
 .debug_info    0x00000000000044e8      0x21d ./Core/Src/software_timer.o
 .debug_info    0x0000000000004705      0xe38 ./Core/Src/stm32f1xx_hal_msp.o
 .debug_info    0x000000000000553d      0x7fc ./Core/Src/stm32f1xx_it.o
 .debug_info    0x0000000000005d39      0xa25 ./Core/Src/sysmem.o
 .debug_info    0x000000000000675e      0x2be ./Core/Src/system_stm32f1xx.o
 .debug_info    0x0000000000006a1c       0x22 ./Core/Startup/startup_stm32f103rbtx.o
 .debug_info    0x0000000000006a3e      0x76a ./Drivers/STM32F1xx_HAL_Driver/Src/stm32f1xx_hal.o
 .debug_info    0x00000000000071a8      0xbdc ./Drivers/STM32F1xx_HAL_Driver/Src/stm32f1xx_hal_cortex.o
 .debug_info    0x0000000000007d84      0x701 ./Drivers/STM32F1xx_HAL_Driver/Src/stm32f1xx_hal_gpio.o
 .debug_info    0x0000000000008485      0x730 ./Drivers/STM32F1xx_HAL_Driver/Src/stm32f1xx_hal_pwr.o
 .debug_info    0x0000000000008bb5      0x88e ./Drivers/STM32F1xx_HAL_Driver/Src/stm32f1xx_hal_rcc.o
 .debug_info    0x0000000000009443     0x2a45 ./Drivers/STM32F1xx_HAL_Driver/Src/stm32f1xx_hal_tim.o
 .debug_info    0x000000000000be88     0x14d5 ./Drivers/STM32F1xx_HAL_Driver/Src/stm32f1xx_hal_tim_ex.o
 .debug_info    0x000000000000d35d     0x161a ./Drivers/STM32F1xx_HAL_Driver/Src/stm32f1xx_hal_uart.o

.debug_abbrev   0x0000000000000000     0x24fd
 .debug_abbrev  0x0000000000000000      0x1d7 ./Core/Src/displayUart.o
 .debug_abbrev  0x00000000000001d7       0xa9 ./Core/Src/global.o
 .debug_abbrev  0x0000000000000280      0x18e ./Core/Src/input_processing.o
 .debug_abbrev  0x000000000000040e      0x15b ./Core/Src/input_reading.o
 .debug_abbrev  0x0000000000000569      0x347 ./Core/Src/main.o
 .debug_abbrev  0x00000000000008b0      0x27d ./Core/Src/scheduler.o
 .debug_abbrev  0x0000000000000b2d       0xb6 ./Core/Src/software_timer.o
 .debug_abbrev  0x0000000000000be3      0x1c8 ./Core/Src/stm32f1xx_hal_msp.o
 .debug_abbrev  0x0000000000000dab      0x176 ./Core/Src/stm32f1xx_it.o
 .debug_abbrev  0x0000000000000f21      0x1bf ./Core/Src/sysmem.o
 .debug_abbrev  0x00000000000010e0      0x14e ./Core/Src/system_stm32f1xx.o
 .debug_abbrev  0x000000000000122e       0x12 ./Core/Startup/startup_stm32f103rbtx.o
 .debug_abbrev  0x0000000000001240      0x1ed ./Drivers/STM32F1xx_HAL_Driver/Src/stm32f1xx_hal.o
 .debug_abbrev  0x000000000000142d      0x313 ./Drivers/STM32F1xx_HAL_Driver/Src/stm32f1xx_hal_cortex.o
 .debug_abbrev  0x0000000000001740      0x1e8 ./Drivers/STM32F1xx_HAL_Driver/Src/stm32f1xx_hal_gpio.o
 .debug_abbrev  0x0000000000001928      0x213 ./Drivers/STM32F1xx_HAL_Driver/Src/stm32f1xx_hal_pwr.o
 .debug_abbrev  0x0000000000001b3b      0x273 ./Drivers/STM32F1xx_HAL_Driver/Src/stm32f1xx_hal_rcc.o
 .debug_abbrev  0x0000000000001dae      0x25e ./Drivers/STM32F1xx_HAL_Driver/Src/stm32f1xx_hal_tim.o
 .debug_abbrev  0x000000000000200c      0x266 ./Drivers/STM32F1xx_HAL_Driver/Src/stm32f1xx_hal_tim_ex.o
 .debug_abbrev  0x0000000000002272      0x28b ./Drivers/STM32F1xx_HAL_Driver/Src/stm32f1xx_hal_uart.o

.debug_aranges  0x0000000000000000      0xdf0
 .debug_aranges
                0x0000000000000000       0x20 ./Core/Src/displayUart.o
 .debug_aranges
                0x0000000000000020       0x18 ./Core/Src/global.o
 .debug_aranges
                0x0000000000000038       0x90 ./Core/Src/input_processing.o
 .debug_aranges
                0x00000000000000c8       0x38 ./Core/Src/input_reading.o
 .debug_aranges
                0x0000000000000100       0x68 ./Core/Src/main.o
 .debug_aranges
                0x0000000000000168       0x60 ./Core/Src/scheduler.o
 .debug_aranges
                0x00000000000001c8       0x50 ./Core/Src/software_timer.o
 .debug_aranges
                0x0000000000000218       0x48 ./Core/Src/stm32f1xx_hal_msp.o
 .debug_aranges
                0x0000000000000260       0x78 ./Core/Src/stm32f1xx_it.o
 .debug_aranges
                0x00000000000002d8       0x20 ./Core/Src/sysmem.o
 .debug_aranges
                0x00000000000002f8       0x28 ./Core/Src/system_stm32f1xx.o
 .debug_aranges
                0x0000000000000320       0x28 ./Core/Startup/startup_stm32f103rbtx.o
 .debug_aranges
                0x0000000000000348       0xe0 ./Drivers/STM32F1xx_HAL_Driver/Src/stm32f1xx_hal.o
 .debug_aranges
                0x0000000000000428      0x100 ./Drivers/STM32F1xx_HAL_Driver/Src/stm32f1xx_hal_cortex.o
 .debug_aranges
                0x0000000000000528       0x58 ./Drivers/STM32F1xx_HAL_Driver/Src/stm32f1xx_hal_gpio.o
 .debug_aranges
                0x0000000000000580       0xa8 ./Drivers/STM32F1xx_HAL_Driver/Src/stm32f1xx_hal_pwr.o
 .debug_aranges
                0x0000000000000628       0x90 ./Drivers/STM32F1xx_HAL_Driver/Src/stm32f1xx_hal_rcc.o
 .debug_aranges
                0x00000000000006b8      0x3d0 ./Drivers/STM32F1xx_HAL_Driver/Src/stm32f1xx_hal_tim.o
 .debug_aranges
                0x0000000000000a88      0x168 ./Drivers/STM32F1xx_HAL_Driver/Src/stm32f1xx_hal_tim_ex.o
 .debug_aranges
                0x0000000000000bf0      0x200 ./Drivers/STM32F1xx_HAL_Driver/Src/stm32f1xx_hal_uart.o

.debug_ranges   0x0000000000000000      0xce0
 .debug_ranges  0x0000000000000000       0x10 ./Core/Src/displayUart.o
 .debug_ranges  0x0000000000000010       0x80 ./Core/Src/input_processing.o
 .debug_ranges  0x0000000000000090       0x28 ./Core/Src/input_reading.o
 .debug_ranges  0x00000000000000b8       0x58 ./Core/Src/main.o
 .debug_ranges  0x0000000000000110       0x50 ./Core/Src/scheduler.o
 .debug_ranges  0x0000000000000160       0x40 ./Core/Src/software_timer.o
 .debug_ranges  0x00000000000001a0       0x38 ./Core/Src/stm32f1xx_hal_msp.o
 .debug_ranges  0x00000000000001d8       0x68 ./Core/Src/stm32f1xx_it.o
 .debug_ranges  0x0000000000000240       0x10 ./Core/Src/sysmem.o
 .debug_ranges  0x0000000000000250       0x18 ./Core/Src/system_stm32f1xx.o
 .debug_ranges  0x0000000000000268       0x20 ./Core/Startup/startup_stm32f103rbtx.o
 .debug_ranges  0x0000000000000288       0xd0 ./Drivers/STM32F1xx_HAL_Driver/Src/stm32f1xx_hal.o
 .debug_ranges  0x0000000000000358       0xf0 ./Drivers/STM32F1xx_HAL_Driver/Src/stm32f1xx_hal_cortex.o
 .debug_ranges  0x0000000000000448       0x48 ./Drivers/STM32F1xx_HAL_Driver/Src/stm32f1xx_hal_gpio.o
 .debug_ranges  0x0000000000000490       0x98 ./Drivers/STM32F1xx_HAL_Driver/Src/stm32f1xx_hal_pwr.o
 .debug_ranges  0x0000000000000528       0x80 ./Drivers/STM32F1xx_HAL_Driver/Src/stm32f1xx_hal_rcc.o
 .debug_ranges  0x00000000000005a8      0x3c0 ./Drivers/STM32F1xx_HAL_Driver/Src/stm32f1xx_hal_tim.o
 .debug_ranges  0x0000000000000968      0x158 ./Drivers/STM32F1xx_HAL_Driver/Src/stm32f1xx_hal_tim_ex.o
 .debug_ranges  0x0000000000000ac0      0x220 ./Drivers/STM32F1xx_HAL_Driver/Src/stm32f1xx_hal_uart.o

.debug_macro    0x0000000000000000    0x1888b
 .debug_macro   0x0000000000000000      0x324 ./Core/Src/displayUart.o
 .debug_macro   0x0000000000000324      0xa9c ./Core/Src/displayUart.o
 .debug_macro   0x0000000000000dc0      0x21b ./Core/Src/displayUart.o
 .debug_macro   0x0000000000000fdb       0x2e ./Core/Src/displayUart.o
 .debug_macro   0x0000000000001009       0x22 ./Core/Src/displayUart.o
 .debug_macro   0x000000000000102b       0x22 ./Core/Src/displayUart.o
 .debug_macro   0x000000000000104d       0x8e ./Core/Src/displayUart.o
 .debug_macro   0x00000000000010db       0x51 ./Core/Src/displayUart.o
 .debug_macro   0x000000000000112c      0x103 ./Core/Src/displayUart.o
 .debug_macro   0x000000000000122f       0x6a ./Core/Src/displayUart.o
 .debug_macro   0x0000000000001299      0x1df ./Core/Src/displayUart.o
 .debug_macro   0x0000000000001478       0x1c ./Core/Src/displayUart.o
 .debug_macro   0x0000000000001494       0x22 ./Core/Src/displayUart.o
 .debug_macro   0x00000000000014b6       0xc3 ./Core/Src/displayUart.o
 .debug_macro   0x0000000000001579      0xd23 ./Core/Src/displayUart.o
 .debug_macro   0x000000000000229c     0xe09e ./Core/Src/displayUart.o
 .debug_macro   0x000000000001033a       0x6d ./Core/Src/displayUart.o
 .debug_macro   0x00000000000103a7     0x3468 ./Core/Src/displayUart.o
 .debug_macro   0x000000000001380f      0x174 ./Core/Src/displayUart.o
 .debug_macro   0x0000000000013983       0x5c ./Core/Src/displayUart.o
 .debug_macro   0x00000000000139df      0x5be ./Core/Src/displayUart.o
 .debug_macro   0x0000000000013f9d      0x289 ./Core/Src/displayUart.o
 .debug_macro   0x0000000000014226      0x1cb ./Core/Src/displayUart.o
 .debug_macro   0x00000000000143f1      0x114 ./Core/Src/displayUart.o
 .debug_macro   0x0000000000014505      0x1b2 ./Core/Src/displayUart.o
 .debug_macro   0x00000000000146b7       0x27 ./Core/Src/displayUart.o
 .debug_macro   0x00000000000146de      0x136 ./Core/Src/displayUart.o
 .debug_macro   0x0000000000014814      0x1bc ./Core/Src/displayUart.o
 .debug_macro   0x00000000000149d0       0x34 ./Core/Src/displayUart.o
 .debug_macro   0x0000000000014a04       0x3c ./Core/Src/displayUart.o
 .debug_macro   0x0000000000014a40       0x57 ./Core/Src/displayUart.o
 .debug_macro   0x0000000000014a97       0x88 ./Core/Src/displayUart.o
 .debug_macro   0x0000000000014b1f      0x241 ./Core/Src/displayUart.o
 .debug_macro   0x0000000000014d60      0x141 ./Core/Src/displayUart.o
 .debug_macro   0x0000000000014ea1      0x8d1 ./Core/Src/displayUart.o
 .debug_macro   0x0000000000015772      0x279 ./Core/Src/displayUart.o
 .debug_macro   0x00000000000159eb       0x83 ./Core/Src/displayUart.o
 .debug_macro   0x0000000000015a6e       0xca ./Core/Src/displayUart.o
 .debug_macro   0x0000000000015b38      0x13c ./Core/Src/displayUart.o
 .debug_macro   0x0000000000015c74       0x52 ./Core/Src/displayUart.o
 .debug_macro   0x0000000000015cc6       0x18 ./Core/Src/displayUart.o
 .debug_macro   0x0000000000015cde       0x3c ./Core/Src/displayUart.o
 .debug_macro   0x0000000000015d1a       0x34 ./Core/Src/displayUart.o
 .debug_macro   0x0000000000015d4e       0x16 ./Core/Src/displayUart.o
 .debug_macro   0x0000000000015d64       0x35 ./Core/Src/displayUart.o
 .debug_macro   0x0000000000015d99      0x333 ./Core/Src/displayUart.o
 .debug_macro   0x00000000000160cc       0x10 ./Core/Src/displayUart.o
 .debug_macro   0x00000000000160dc       0x16 ./Core/Src/displayUart.o
 .debug_macro   0x00000000000160f2       0x43 ./Core/Src/displayUart.o
 .debug_macro   0x0000000000016135       0x34 ./Core/Src/displayUart.o
 .debug_macro   0x0000000000016169       0x10 ./Core/Src/displayUart.o
 .debug_macro   0x0000000000016179       0x58 ./Core/Src/displayUart.o
 .debug_macro   0x00000000000161d1       0x71 ./Core/Src/displayUart.o
 .debug_macro   0x0000000000016242       0x1c ./Core/Src/displayUart.o
 .debug_macro   0x000000000001625e      0x12a ./Core/Src/displayUart.o
 .debug_macro   0x0000000000016388       0x10 ./Core/Src/displayUart.o
 .debug_macro   0x0000000000016398       0x1c ./Core/Src/displayUart.o
 .debug_macro   0x00000000000163b4       0x52 ./Core/Src/displayUart.o
 .debug_macro   0x0000000000016406       0x22 ./Core/Src/displayUart.o
 .debug_macro   0x0000000000016428       0x10 ./Core/Src/displayUart.o
 .debug_macro   0x0000000000016438       0x40 ./Core/Src/displayUart.o
 .debug_macro   0x0000000000016478       0xd5 ./Core/Src/displayUart.o
 .debug_macro   0x000000000001654d       0x1c ./Core/Src/displayUart.o
 .debug_macro   0x0000000000016569       0x3d ./Core/Src/displayUart.o
 .debug_macro   0x00000000000165a6       0x16 ./Core/Src/displayUart.o
 .debug_macro   0x00000000000165bc      0x145 ./Core/Src/displayUart.o
 .debug_macro   0x0000000000016701      0x1bb ./Core/Src/global.o
 .debug_macro   0x00000000000168bc      0x1ec ./Core/Src/input_processing.o
 .debug_macro   0x0000000000016aa8       0x16 ./Core/Src/input_processing.o
 .debug_macro   0x0000000000016abe      0x1ed ./Core/Src/input_reading.o
 .debug_macro   0x0000000000016cab      0x337 ./Core/Src/main.o
 .debug_macro   0x0000000000016fe2       0x28 ./Core/Src/main.o
 .debug_macro   0x000000000001700a      0x1df ./Core/Src/scheduler.o
 .debug_macro   0x00000000000171e9       0x22 ./Core/Src/scheduler.o
 .debug_macro   0x000000000001720b       0x1a ./Core/Src/software_timer.o
 .debug_macro   0x0000000000017225      0x1b2 ./Core/Src/stm32f1xx_hal_msp.o
 .debug_macro   0x00000000000173d7      0x1bc ./Core/Src/stm32f1xx_it.o
 .debug_macro   0x0000000000017593       0xff ./Core/Src/sysmem.o
 .debug_macro   0x0000000000017692      0x23b ./Core/Src/sysmem.o
 .debug_macro   0x00000000000178cd      0x1a3 ./Core/Src/system_stm32f1xx.o
 .debug_macro   0x0000000000017a70      0x1c7 ./Drivers/STM32F1xx_HAL_Driver/Src/stm32f1xx_hal.o
 .debug_macro   0x0000000000017c37      0x1a3 ./Drivers/STM32F1xx_HAL_Driver/Src/stm32f1xx_hal_cortex.o
 .debug_macro   0x0000000000017dda      0x20e ./Drivers/STM32F1xx_HAL_Driver/Src/stm32f1xx_hal_gpio.o
 .debug_macro   0x0000000000017fe8      0x203 ./Drivers/STM32F1xx_HAL_Driver/Src/stm32f1xx_hal_pwr.o
 .debug_macro   0x00000000000181eb      0x1b5 ./Drivers/STM32F1xx_HAL_Driver/Src/stm32f1xx_hal_rcc.o
 .debug_macro   0x00000000000183a0      0x1a4 ./Drivers/STM32F1xx_HAL_Driver/Src/stm32f1xx_hal_tim.o
 .debug_macro   0x0000000000018544      0x1a3 ./Drivers/STM32F1xx_HAL_Driver/Src/stm32f1xx_hal_tim_ex.o
 .debug_macro   0x00000000000186e7      0x1a4 ./Drivers/STM32F1xx_HAL_Driver/Src/stm32f1xx_hal_uart.o

.debug_line     0x0000000000000000     0xe8a6
 .debug_line    0x0000000000000000      0x879 ./Core/Src/displayUart.o
 .debug_line    0x0000000000000879      0x665 ./Core/Src/global.o
 .debug_line    0x0000000000000ede      0xa10 ./Core/Src/input_processing.o
 .debug_line    0x00000000000018ee      0x767 ./Core/Src/input_reading.o
 .debug_line    0x0000000000002055      0xacb ./Core/Src/main.o
 .debug_line    0x0000000000002b20      0x7c3 ./Core/Src/scheduler.o
 .debug_line    0x00000000000032e3      0x177 ./Core/Src/software_timer.o
 .debug_line    0x000000000000345a      0x750 ./Core/Src/stm32f1xx_hal_msp.o
 .debug_line    0x0000000000003baa      0x787 ./Core/Src/stm32f1xx_it.o
 .debug_line    0x0000000000004331      0x4f8 ./Core/Src/sysmem.o
 .debug_line    0x0000000000004829      0x6fb ./Core/Src/system_stm32f1xx.o
 .debug_line    0x0000000000004f24       0x87 ./Core/Startup/startup_stm32f103rbtx.o
 .debug_line    0x0000000000004fab      0x928 ./Drivers/STM32F1xx_HAL_Driver/Src/stm32f1xx_hal.o
 .debug_line    0x00000000000058d3      0xb10 ./Drivers/STM32F1xx_HAL_Driver/Src/stm32f1xx_hal_cortex.o
 .debug_line    0x00000000000063e3      0x9bf ./Drivers/STM32F1xx_HAL_Driver/Src/stm32f1xx_hal_gpio.o
 .debug_line    0x0000000000006da2      0x8aa ./Drivers/STM32F1xx_HAL_Driver/Src/stm32f1xx_hal_pwr.o
 .debug_line    0x000000000000764c      0xd36 ./Drivers/STM32F1xx_HAL_Driver/Src/stm32f1xx_hal_rcc.o
 .debug_line    0x0000000000008382     0x32d1 ./Drivers/STM32F1xx_HAL_Driver/Src/stm32f1xx_hal_tim.o
 .debug_line    0x000000000000b653     0x1850 ./Drivers/STM32F1xx_HAL_Driver/Src/stm32f1xx_hal_tim_ex.o
 .debug_line    0x000000000000cea3     0x1a03 ./Drivers/STM32F1xx_HAL_Driver/Src/stm32f1xx_hal_uart.o

.debug_str      0x0000000000000000    0x8ba99
 .debug_str     0x0000000000000000    0x87bdc ./Core/Src/displayUart.o
                                      0x87ffc (size before relaxing)
 .debug_str     0x0000000000087bdc       0x15 ./Core/Src/global.o
                                      0x83b4b (size before relaxing)
 .debug_str     0x0000000000087bf1      0x24d ./Core/Src/input_processing.o
                                      0x83dcc (size before relaxing)
 .debug_str     0x0000000000087e3e      0x1c4 ./Core/Src/input_reading.o
                                      0x83d6d (size before relaxing)
 .debug_str     0x0000000000088002      0x8dc ./Core/Src/main.o
                                      0x889fe (size before relaxing)
 .debug_str     0x00000000000888de      0x14a ./Core/Src/scheduler.o
                                       0x86de (size before relaxing)
 .debug_str     0x0000000000088a28       0xae ./Core/Src/software_timer.o
                                       0x2ee6 (size before relaxing)
 .debug_str     0x0000000000088ad6       0xce ./Core/Src/stm32f1xx_hal_msp.o
                                      0x841bd (size before relaxing)
 .debug_str     0x0000000000088ba4       0xf2 ./Core/Src/stm32f1xx_it.o
                                      0x83cb5 (size before relaxing)
 .debug_str     0x0000000000088c96      0x4e9 ./Core/Src/sysmem.o
                                       0x626a (size before relaxing)
 .debug_str     0x000000000008917f       0x52 ./Core/Src/system_stm32f1xx.o
                                      0x83461 (size before relaxing)
 .debug_str     0x00000000000891d1       0x36 ./Core/Startup/startup_stm32f103rbtx.o
                                         0x7e (size before relaxing)
 .debug_str     0x0000000000089207      0x304 ./Drivers/STM32F1xx_HAL_Driver/Src/stm32f1xx_hal.o
                                      0x83af2 (size before relaxing)
 .debug_str     0x000000000008950b      0x300 ./Drivers/STM32F1xx_HAL_Driver/Src/stm32f1xx_hal_cortex.o
                                      0x83afa (size before relaxing)
 .debug_str     0x000000000008980b      0x2f6 ./Drivers/STM32F1xx_HAL_Driver/Src/stm32f1xx_hal_gpio.o
                                      0x83825 (size before relaxing)
 .debug_str     0x0000000000089b01      0x507 ./Drivers/STM32F1xx_HAL_Driver/Src/stm32f1xx_hal_pwr.o
                                      0x839c4 (size before relaxing)
 .debug_str     0x000000000008a008      0x243 ./Drivers/STM32F1xx_HAL_Driver/Src/stm32f1xx_hal_rcc.o
                                      0x8385e (size before relaxing)
 .debug_str     0x000000000008a24b      0xd73 ./Drivers/STM32F1xx_HAL_Driver/Src/stm32f1xx_hal_tim.o
                                      0x84830 (size before relaxing)
 .debug_str     0x000000000008afbe      0x4ee ./Drivers/STM32F1xx_HAL_Driver/Src/stm32f1xx_hal_tim_ex.o
                                      0x83fe1 (size before relaxing)
 .debug_str     0x000000000008b4ac      0x5ed ./Drivers/STM32F1xx_HAL_Driver/Src/stm32f1xx_hal_uart.o
                                      0x83e50 (size before relaxing)

.comment        0x0000000000000000       0x53
 .comment       0x0000000000000000       0x53 ./Core/Src/displayUart.o
                                         0x54 (size before relaxing)
 .comment       0x0000000000000053       0x54 ./Core/Src/global.o
 .comment       0x0000000000000053       0x54 ./Core/Src/input_processing.o
 .comment       0x0000000000000053       0x54 ./Core/Src/input_reading.o
 .comment       0x0000000000000053       0x54 ./Core/Src/main.o
 .comment       0x0000000000000053       0x54 ./Core/Src/scheduler.o
 .comment       0x0000000000000053       0x54 ./Core/Src/software_timer.o
 .comment       0x0000000000000053       0x54 ./Core/Src/stm32f1xx_hal_msp.o
 .comment       0x0000000000000053       0x54 ./Core/Src/stm32f1xx_it.o
 .comment       0x0000000000000053       0x54 ./Core/Src/sysmem.o
 .comment       0x0000000000000053       0x54 ./Core/Src/system_stm32f1xx.o
 .comment       0x0000000000000053       0x54 ./Drivers/STM32F1xx_HAL_Driver/Src/stm32f1xx_hal.o
 .comment       0x0000000000000053       0x54 ./Drivers/STM32F1xx_HAL_Driver/Src/stm32f1xx_hal_cortex.o
 .comment       0x0000000000000053       0x54 ./Drivers/STM32F1xx_HAL_Driver/Src/stm32f1xx_hal_gpio.o
 .comment       0x0000000000000053       0x54 ./Drivers/STM32F1xx_HAL_Driver/Src/stm32f1xx_hal_pwr.o
 .comment       0x0000000000000053       0x54 ./Drivers/STM32F1xx_HAL_Driver/Src/stm32f1xx_hal_rcc.o
 .comment       0x0000000000000053       0x54 ./Drivers/STM32F1xx_HAL_Driver/Src/stm32f1xx_hal_tim.o
 .comment       0x0000000000000053       0x54 ./Drivers/STM32F1xx_HAL_Driver/Src/stm32f1xx_hal_tim_ex.o
 .comment       0x0000000000000053       0x54 ./Drivers/STM32F1xx_HAL_Driver/Src/stm32f1xx_hal_uart.o

.debug_frame    0x0000000000000000     0x3bec
 .debug_frame   0x0000000000000000       0x2c ./Core/Src/displayUart.o
 .debug_frame   0x000000000000002c      0x1d8 ./Core/Src/input_processing.o
 .debug_frame   0x0000000000000204       0xac ./Core/Src/input_reading.o
 .debug_frame   0x00000000000002b0      0x158 ./Core/Src/main.o
 .debug_frame   0x0000000000000408      0x158 ./Core/Src/scheduler.o
 .debug_frame   0x0000000000000560      0x118 ./Core/Src/software_timer.o
 .debug_frame   0x0000000000000678       0xec ./Core/Src/stm32f1xx_hal_msp.o
 .debug_frame   0x0000000000000764      0x158 ./Core/Src/stm32f1xx_it.o
 .debug_frame   0x00000000000008bc       0x34 ./Core/Src/sysmem.o
 .debug_frame   0x00000000000008f0       0x58 ./Core/Src/system_stm32f1xx.o
 .debug_frame   0x0000000000000948      0x334 ./Drivers/STM32F1xx_HAL_Driver/Src/stm32f1xx_hal.o
 .debug_frame   0x0000000000000c7c      0x428 ./Drivers/STM32F1xx_HAL_Driver/Src/stm32f1xx_hal_cortex.o
 .debug_frame   0x00000000000010a4      0x14c ./Drivers/STM32F1xx_HAL_Driver/Src/stm32f1xx_hal_gpio.o
 .debug_frame   0x00000000000011f0      0x270 ./Drivers/STM32F1xx_HAL_Driver/Src/stm32f1xx_hal_pwr.o
 .debug_frame   0x0000000000001460      0x21c ./Drivers/STM32F1xx_HAL_Driver/Src/stm32f1xx_hal_rcc.o
 .debug_frame   0x000000000000167c     0x11b8 ./Drivers/STM32F1xx_HAL_Driver/Src/stm32f1xx_hal_tim.o
 .debug_frame   0x0000000000002834      0x638 ./Drivers/STM32F1xx_HAL_Driver/Src/stm32f1xx_hal_tim_ex.o
 .debug_frame   0x0000000000002e6c      0x914 ./Drivers/STM32F1xx_HAL_Driver/Src/stm32f1xx_hal_uart.o
 .debug_frame   0x0000000000003780       0x20 c:/st/stm32cubeide_1.7.0/stm32cubeide/plugins/com.st.stm32cube.ide.mcu.externaltools.gnu-tools-for-stm32.9-2020-q2-update.win32_2.0.0.202105311346/tools/bin/../lib/gcc/arm-none-eabi/9.3.1/../../../../arm-none-eabi/lib/thumb/v7-m/nofp\libc_nano.a(lib_a-errno.o)
 .debug_frame   0x00000000000037a0       0x2c c:/st/stm32cubeide_1.7.0/stm32cubeide/plugins/com.st.stm32cube.ide.mcu.externaltools.gnu-tools-for-stm32.9-2020-q2-update.win32_2.0.0.202105311346/tools/bin/../lib/gcc/arm-none-eabi/9.3.1/../../../../arm-none-eabi/lib/thumb/v7-m/nofp\libc_nano.a(lib_a-init.o)
 .debug_frame   0x00000000000037cc       0x20 c:/st/stm32cubeide_1.7.0/stm32cubeide/plugins/com.st.stm32cube.ide.mcu.externaltools.gnu-tools-for-stm32.9-2020-q2-update.win32_2.0.0.202105311346/tools/bin/../lib/gcc/arm-none-eabi/9.3.1/../../../../arm-none-eabi/lib/thumb/v7-m/nofp\libc_nano.a(lib_a-memset.o)
 .debug_frame   0x00000000000037ec       0x6c c:/st/stm32cubeide_1.7.0/stm32cubeide/plugins/com.st.stm32cube.ide.mcu.externaltools.gnu-tools-for-stm32.9-2020-q2-update.win32_2.0.0.202105311346/tools/bin/../lib/gcc/arm-none-eabi/9.3.1/../../../../arm-none-eabi/lib/thumb/v7-m/nofp\libc_nano.a(lib_a-sprintf.o)
 .debug_frame   0x0000000000003858       0x90 c:/st/stm32cubeide_1.7.0/stm32cubeide/plugins/com.st.stm32cube.ide.mcu.externaltools.gnu-tools-for-stm32.9-2020-q2-update.win32_2.0.0.202105311346/tools/bin/../lib/gcc/arm-none-eabi/9.3.1/../../../../arm-none-eabi/lib/thumb/v7-m/nofp\libc_nano.a(lib_a-nano-svfprintf.o)
 .debug_frame   0x00000000000038e8       0x60 c:/st/stm32cubeide_1.7.0/stm32cubeide/plugins/com.st.stm32cube.ide.mcu.externaltools.gnu-tools-for-stm32.9-2020-q2-update.win32_2.0.0.202105311346/tools/bin/../lib/gcc/arm-none-eabi/9.3.1/../../../../arm-none-eabi/lib/thumb/v7-m/nofp\libc_nano.a(lib_a-nano-vfprintf_i.o)
 .debug_frame   0x0000000000003948       0x28 c:/st/stm32cubeide_1.7.0/stm32cubeide/plugins/com.st.stm32cube.ide.mcu.externaltools.gnu-tools-for-stm32.9-2020-q2-update.win32_2.0.0.202105311346/tools/bin/../lib/gcc/arm-none-eabi/9.3.1/../../../../arm-none-eabi/lib/thumb/v7-m/nofp\libc_nano.a(lib_a-memchr-stub.o)
 .debug_frame   0x0000000000003970       0x28 c:/st/stm32cubeide_1.7.0/stm32cubeide/plugins/com.st.stm32cube.ide.mcu.externaltools.gnu-tools-for-stm32.9-2020-q2-update.win32_2.0.0.202105311346/tools/bin/../lib/gcc/arm-none-eabi/9.3.1/../../../../arm-none-eabi/lib/thumb/v7-m/nofp\libc_nano.a(lib_a-memcpy-stub.o)
 .debug_frame   0x0000000000003998       0x28 c:/st/stm32cubeide_1.7.0/stm32cubeide/plugins/com.st.stm32cube.ide.mcu.externaltools.gnu-tools-for-stm32.9-2020-q2-update.win32_2.0.0.202105311346/tools/bin/../lib/gcc/arm-none-eabi/9.3.1/../../../../arm-none-eabi/lib/thumb/v7-m/nofp\libc_nano.a(lib_a-memmove.o)
 .debug_frame   0x00000000000039c0       0x38 c:/st/stm32cubeide_1.7.0/stm32cubeide/plugins/com.st.stm32cube.ide.mcu.externaltools.gnu-tools-for-stm32.9-2020-q2-update.win32_2.0.0.202105311346/tools/bin/../lib/gcc/arm-none-eabi/9.3.1/../../../../arm-none-eabi/lib/thumb/v7-m/nofp\libc_nano.a(lib_a-nano-freer.o)
 .debug_frame   0x00000000000039f8       0x30 c:/st/stm32cubeide_1.7.0/stm32cubeide/plugins/com.st.stm32cube.ide.mcu.externaltools.gnu-tools-for-stm32.9-2020-q2-update.win32_2.0.0.202105311346/tools/bin/../lib/gcc/arm-none-eabi/9.3.1/../../../../arm-none-eabi/lib/thumb/v7-m/nofp\libc_nano.a(lib_a-nano-mallocr.o)
 .debug_frame   0x0000000000003a28       0x3c c:/st/stm32cubeide_1.7.0/stm32cubeide/plugins/com.st.stm32cube.ide.mcu.externaltools.gnu-tools-for-stm32.9-2020-q2-update.win32_2.0.0.202105311346/tools/bin/../lib/gcc/arm-none-eabi/9.3.1/../../../../arm-none-eabi/lib/thumb/v7-m/nofp\libc_nano.a(lib_a-nano-reallocr.o)
 .debug_frame   0x0000000000003a64       0x2c c:/st/stm32cubeide_1.7.0/stm32cubeide/plugins/com.st.stm32cube.ide.mcu.externaltools.gnu-tools-for-stm32.9-2020-q2-update.win32_2.0.0.202105311346/tools/bin/../lib/gcc/arm-none-eabi/9.3.1/../../../../arm-none-eabi/lib/thumb/v7-m/nofp\libc_nano.a(lib_a-sbrkr.o)
 .debug_frame   0x0000000000003a90       0x30 c:/st/stm32cubeide_1.7.0/stm32cubeide/plugins/com.st.stm32cube.ide.mcu.externaltools.gnu-tools-for-stm32.9-2020-q2-update.win32_2.0.0.202105311346/tools/bin/../lib/gcc/arm-none-eabi/9.3.1/../../../../arm-none-eabi/lib/thumb/v7-m/nofp\libc_nano.a(lib_a-mlock.o)
 .debug_frame   0x0000000000003ac0       0x20 c:/st/stm32cubeide_1.7.0/stm32cubeide/plugins/com.st.stm32cube.ide.mcu.externaltools.gnu-tools-for-stm32.9-2020-q2-update.win32_2.0.0.202105311346/tools/bin/../lib/gcc/arm-none-eabi/9.3.1/../../../../arm-none-eabi/lib/thumb/v7-m/nofp\libc_nano.a(lib_a-nano-msizer.o)
 .debug_frame   0x0000000000003ae0       0x5c c:/st/stm32cubeide_1.7.0/stm32cubeide/plugins/com.st.stm32cube.ide.mcu.externaltools.gnu-tools-for-stm32.9-2020-q2-update.win32_2.0.0.202105311346/tools/bin/../lib/gcc/arm-none-eabi/9.3.1/../../../../arm-none-eabi/lib/thumb/v7-m/nofp\libc_nano.a(lib_a-reent.o)
 .debug_frame   0x0000000000003b3c       0xb0 c:/st/stm32cubeide_1.7.0/stm32cubeide/plugins/com.st.stm32cube.ide.mcu.externaltools.gnu-tools-for-stm32.9-2020-q2-update.win32_2.0.0.202105311346/tools/bin/../lib/gcc/arm-none-eabi/9.3.1/../../../../arm-none-eabi/lib/thumb/v7-m/nofp\libc_nano.a(lib_a-lock.o)
