input_processing.c:23:5:WhichButtonIsPressed	8	static
input_processing.c:31:5:WhichButtonIsPressedMoreThan1S	4	static
input_processing.c:46:6:clear_vertical	8	static
input_processing.c:50:6:clear_horizontal	8	static
input_processing.c:54:6:vertical_processing	8	static
input_processing.c:71:6:horizontal_processing	8	static
input_processing.c:88:6:state_update	16	static
input_processing.c:109:6:check_state	8	static
input_processing.c:121:6:update_clock	8	static
input_processing.c:131:6:reset	4	static
input_processing.c:142:6:confirm_action	16	static
input_processing.c:161:6:add_clock	4	static
input_processing.c:198:6:state_handle	8	static
input_processing.c:238:6:traffic_processing	8	static
input_processing.c:268:6:input_processing	8	static
input_processing.c:331:6:fsm_simple_button_run	8	static
